core_cm0.h:623:22:void __NVIC_EnableIRQ(IRQn_Type)	16	static
core_cm0.h:659:22:void __NVIC_DisableIRQ(IRQn_Type)	16	static,ignoring_inline_asm
core_cm0.h:730:22:void __NVIC_SetPriority(IRQn_Type, uint32_t)	24	static
uart.cpp:25:1:Uart::Uart(USART_TypeDef*, uint32_t)	24	static
uart.cpp:35:6:void Uart::RingBufferClear()	16	static
uart.cpp:42:9:uint8_t Uart::ReadRingBuffer()	24	static
uart.cpp:54:6:)	284	static
uart.cpp:64:10:uint16_t Uart::GetRingBufferSize()	16	static
uart.cpp:69:6:void Uart::InitGpio()	56	static
uart.cpp:120:6:void Uart::EnableClock(USART_TypeDef*)	16	static
uart.cpp:137:6:void Uart::Init()	24	static
uart.cpp:162:9:uint8_t Uart::ReceiveByte()	16	static
uart.cpp:166:6:void Uart::SendByte(uint8_t)	16	static
uart.cpp:172:6:void Uart::SendString(char*)	24	static
uart.cpp:179:6:void Uart::SendString(uint8_t*)	24	static
uart.cpp:184:6:void Uart::EnableTxInterrupt()	16	static
uart.cpp:200:6:void Uart::EnableRxInterrupt()	16	static
uart.cpp:215:6:void Uart::ResetRxCompleteFlag()	16	static
