rfm69.c:55:6:rfm69_select	8	static
rfm69.c:60:6:rfm69_release	8	static
rfm69.c:64:6:rfm69_up_reset_pin	8	static
rfm69.c:67:6:rfm69_down_reset_pin	8	static
rfm69.c:70:9:readReg	48	static
rfm69.c:85:6:writeReg	24	static
rfm69.c:93:6:rfm69_init	88	static
rfm69.c:194:10:getFrequency	16	static
rfm69.c:200:6:setFrequency	24	static
rfm69.c:214:6:setMode	16	static
rfm69.c:251:6:setAddress	16	static
rfm69.c:255:6:setNetwork	16	static
rfm69.c:258:6:setPowerLevel	16	static
rfm69.c:264:10:send	40	static
rfm69.c:303:6:readData	32	static
rfm69.c:335:6:waitForResponce	24	static
rfm69.c:352:6:receiveBegin	8	static
rfm69.c:361:9:readRSSI	24	static
rfm69.c:374:6:setHighPower	16	static
rfm69.c:390:6:setHighPowerRegs	16	static
rfm69.c:395:9:readTemperature	16	static
rfm69.c:404:6:rcCalibration	8	static
