rfm69.c:55:6:rfm69_select	8	static
rfm69.c:60:6:rfm69_release	8	static
rfm69.c:64:6:rfm69_up_reset_pin	8	static
rfm69.c:67:6:rfm69_down_reset_pin	8	static
rfm69.c:70:9:readReg	48	static
rfm69.c:86:9:readReg_withselect	40	static
rfm69.c:103:6:writeReg	24	static
rfm69.c:111:6:rfm69_init	88	static
rfm69.c:212:10:getFrequency	16	static
rfm69.c:218:6:setFrequency	24	static
rfm69.c:232:6:setMode	16	static
rfm69.c:269:6:setAddress	16	static
rfm69.c:273:6:setNetwork	16	static
rfm69.c:276:6:setPowerLevel	16	static
rfm69.c:282:10:send	40	static
rfm69.c:322:6:readData	40	static
rfm69.c:363:6:waitForResponce	24	static
rfm69.c:377:6:setAESEncryption	40	static
rfm69.c:406:6:receiveBegin	8	static
rfm69.c:414:9:readRSSI	24	static
rfm69.c:426:6:setHighPower	16	static
rfm69.c:441:6:setHighPowerRegs	16	static
rfm69.c:445:9:readTemperature	16	static
rfm69.c:454:6:rcCalibration	8	static
