rfm69.c:50:6:rfm69_select	8	static
rfm69.c:56:6:rfm69_release	8	static
rfm69.c:61:6:rfm69_up_reset_pin	8	static
rfm69.c:64:6:rfm69_down_reset_pin	8	static
rfm69.c:68:9:rfm69_read_register	48	static
rfm69.c:84:6:rfm69_write_register	24	static
rfm69.c:93:10:rfm69_get_frequency	16	static
rfm69.c:100:6:rfm69_set_frequency	16	static
rfm69.c:111:6:rfm69_init	80	static
rfm69.c:188:6:rfm69_set_mode	16	static
rfm69.c:231:6:rfm69_setHighPowerRegs	16	static
rfm69.c:237:6:rfm69_set_hi_power	16	static
rfm69.c:250:9:rfm69_readTemperature	8	static
rfm69.c:259:6:rfm69_setPowerLevel	16	static
rfm69.c:267:9:rfm69_getPowerLevel	8	static
rfm69.c:271:6:rfm69_sleep	8	static
rfm69.c:274:9:rfm69_getInterruptPin	8	static
rfm69.c:279:6:rfm69_setInterruptNumber	16	static
rfm69.c:284:9:rfm69_getInterruptNumber	8	static
rfm69.c:287:6:rfm69_setAddress	16	static
rfm69.c:293:9:rfm69_getAdress	8	static
rfm69.c:298:6:rfm69_setNetwork	16	static
rfm69.c:303:9:rfm69_getNetwork	8	static
rfm69.c:308:9:rfm69_readRSSI	24	static
rfm69.c:321:6:rfm69_canSend	8	static
rfm69.c:332:6:rfm69_receiveDone	8	static
rfm69.c:349:6:rfm69_receive_begin	8	static
rfm69.c:364:6:rfm69_send	40	static
rfm69.c:374:6:rfm69_sendFrame	32	static
rfm69.c:415:6:rfm69_encrypt	32	static
rfm69.c:431:6:rfm69_promiscuous	16	static
