rfm69.c:42:6:rfm69_select	8	static
rfm69.c:47:6:rfm69_release	8	static
rfm69.c:51:6:rfm69_up_reset_pin	8	static
rfm69.c:54:6:rfm69_down_reset_pin	8	static
rfm69.c:57:9:readReg	48	static
rfm69.c:72:6:writeReg	24	static
rfm69.c:80:6:rfm69_init	88	static
rfm69.c:174:10:getFrequency	16	static
rfm69.c:180:6:setFrequency	24	static
rfm69.c:194:6:setMode	16	static
rfm69.c:231:6:setAddress	16	static
rfm69.c:235:6:setNetwork	16	static
rfm69.c:238:6:setPowerLevel	16	static
rfm69.c:244:10:send	40	static
rfm69.c:283:6:readData	40	static
rfm69.c:324:6:waitForResponce	24	static
rfm69.c:337:6:receiveBegin	8	static
rfm69.c:345:9:readRSSI	24	static
rfm69.c:357:6:setHighPower	16	static
rfm69.c:372:6:setAESEncryption	40	static
rfm69.c:398:6:setHighPowerRegs	16	static
rfm69.c:402:9:readTemperature	16	static
rfm69.c:411:6:rcCalibration	8	static
