rfm69.c:55:6:rfm69_select	8	static
rfm69.c:60:6:rfm69_release	8	static
rfm69.c:64:6:rfm69_up_reset_pin	8	static
rfm69.c:67:6:rfm69_down_reset_pin	8	static
rfm69.c:70:9:readReg	48	static
rfm69.c:86:9:readReg_withselect	40	static
rfm69.c:103:6:writeReg	24	static
rfm69.c:111:6:rfm69_init	88	static
rfm69.c:197:10:getFrequency	16	static
rfm69.c:203:6:setFrequency	24	static
rfm69.c:217:6:setMode	16	static
rfm69.c:254:6:setAddress	16	static
rfm69.c:258:6:setNetwork	16	static
rfm69.c:261:6:setPowerLevel	16	static
rfm69.c:267:10:send	40	static
rfm69.c:306:6:readData	40	static
rfm69.c:348:6:waitForResponce	24	static
rfm69.c:362:6:setAESEncryption	32	static
rfm69.c:395:6:receiveBegin	8	static
rfm69.c:403:9:readRSSI	24	static
rfm69.c:415:6:setHighPower	16	static
rfm69.c:430:6:setHighPowerRegs	16	static
rfm69.c:434:9:readTemperature	16	static
rfm69.c:443:6:rcCalibration	8	static
