rfm69.c:40:6:rfm69_select	8	static
rfm69.c:46:6:rfm69_release	8	static
rfm69.c:51:6:rfm69_up_reset_pin	8	static
rfm69.c:54:6:rfm69_down_reset_pin	8	static
rfm69.c:58:9:rfm69_read_register	48	static
rfm69.c:74:6:rfm69_write_register	24	static
rfm69.c:83:10:rfm69_get_frequency	16	static
rfm69.c:90:6:rfm69_set_frequency	16	static
rfm69.c:101:6:rfm69_init	80	static
rfm69.c:178:6:rfm69_encrypt	16	static
rfm69.c:184:6:rfm69_set_mode	16	static
rfm69.c:227:6:rfm69_setHighPowerRegs	16	static
rfm69.c:233:6:rfm69_set_hi_power	16	static
rfm69.c:246:9:rfm69_readTemperature	8	static
rfm69.c:255:6:rfm69_setPowerLevel	16	static
rfm69.c:263:9:rfm69_getPowerLevel	8	static
rfm69.c:267:6:rfm69_sleep	8	static
rfm69.c:270:9:rfm69_getInterruptPin	8	static
rfm69.c:275:6:rfm69_setInterruptNumber	16	static
rfm69.c:280:9:rfm69_getInterruptNumber	8	static
rfm69.c:283:6:rfm69_setAddress	16	static
rfm69.c:289:9:rfm69_getAdress	8	static
rfm69.c:294:6:rfm69_setNetwork	16	static
rfm69.c:299:9:rfm69_getNetwork	8	static
rfm69.c:304:9:rfm69_readRSSI	24	static
rfm69.c:317:6:rfm69_canSend	8	static
rfm69.c:328:6:rfm69_receiveDone	8	static
rfm69.c:347:6:rfm69_send	40	static
rfm69.c:354:6:rfm69_sendFrame	32	static
