rfm69.c:55:6:rfm69_select	8	static
rfm69.c:60:6:rfm69_release	8	static
rfm69.c:64:6:rfm69_up_reset_pin	8	static
rfm69.c:67:6:rfm69_down_reset_pin	8	static
rfm69.c:70:9:readReg	48	static
rfm69.c:85:6:writeReg	24	static
rfm69.c:93:6:rfm69_init	88	static
rfm69.c:195:10:getFrequency	16	static
rfm69.c:201:6:setFrequency	24	static
rfm69.c:215:6:setMode	16	static
rfm69.c:252:6:setAddress	16	static
rfm69.c:256:6:setNetwork	16	static
rfm69.c:259:6:setPowerLevel	16	static
rfm69.c:265:10:send	40	static
rfm69.c:304:6:readData	40	static
rfm69.c:345:6:waitForResponce	24	static
rfm69.c:358:6:receiveBegin	8	static
rfm69.c:366:9:readRSSI	24	static
rfm69.c:378:6:setHighPower	16	static
rfm69.c:393:6:setAESEncryption	40	static
rfm69.c:419:6:setHighPowerRegs	16	static
rfm69.c:423:9:readTemperature	16	static
rfm69.c:432:6:rcCalibration	8	static
