SPI.cpp:16:1:SPI::SPI(SPI_TypeDef*, SPI_DataSize_t)	24	static
SPI.cpp:44:6:void SPI::Config()	16	static
SPI.cpp:52:6:void SPI::InitGpio()	56	static
SPI.cpp:82:6:void SPI::EnableClk()	16	static
SPI.cpp:94:6:void SPI::SetFrameSize(SPI_DataSize_t)	16	static
SPI.cpp:106:6:void SPI::SetClockPrsc(SetClockPrsc_t)	16	static
SPI.cpp:111:6:void SPI::EnableSoftwareSlaveManagment()	16	static
SPI.cpp:117:6:void SPI::DisableSoftwareSlaveManagment()	16	static
SPI.cpp:122:6:void SPI::EnableMotorollaMode()	16	static
SPI.cpp:127:6:void SPI::nCS_Low()	16	static
SPI.cpp:132:6:void SPI::nCS_High()	16	static
SPI.cpp:137:6:void SPI::Enable()	16	static
SPI.cpp:142:6:void SPI::Disable()	16	static
SPI.cpp:147:6:void SPI::SetClockPolarity(ClockPol_t)	16	static
SPI.cpp:161:6:void SPI::SetClockPhase(ClockPhase_t)	16	static
SPI.cpp:174:6:void SPI::SetMsbLsbFirst(MSB_LSB_First_t)	16	static
SPI.cpp:186:9:uint8_t SPI::transfer(uint8_t)	16	static
SPI.cpp:199:6:void SPI::TransmitBlocking(uint8_t)	24	static
SPI.cpp:217:6:void SPI::ReceiveBlocking(uint16_t*, uint16_t)	24	static
SPI.cpp:226:9:uint8_t SPI::Receive()	24	static
SPI.cpp:242:6:void SPI::EnableIRQ()	16	static
SPI.cpp:251:10:uint16_t SPI::TransmitReceive16B(uint16_t)	16	static
SPI.cpp:263:9:uint8_t SPI::TransmitReceive8B(uint8_t)	24	static
