core_cm0.h:730:22:void __NVIC_SetPriority(IRQn_Type, uint32_t)	24	static
core_cm0.h:920:26:uint32_t SysTick_Config(uint32_t)	16	static
Gpio.cpp:11:1:Gpio::Gpio(GPIO_TypeDef*, uint16_t)	24	static
Gpio.cpp:18:6:void Gpio::GpioEnableClk()	24	static
Gpio.cpp:41:6:void Gpio::GpioSetOutputType(OUTPUT_TYPE_t)	16	static
Gpio.cpp:44:6:void Gpio::GpioSetOutputSpeed(OUT_SPEED_t)	16	static
Gpio.cpp:48:6:void Gpio::Set()	16	static
Gpio.cpp:51:6:void Gpio::Reset()	16	static
Gpio.cpp:54:6:void Gpio::Toggle()	16	static
Gpio.cpp:57:6:void Gpio::SetAsAF(GPIO_AF_t)	16	static
Gpio.cpp:75:6:void Gpio::SetAsAF(GPIO_AF_t, OUTPUT_TYPE_t)	16	static
Gpio.cpp:94:6:void Gpio::SetAsGenerapPurporseOutput(OUTPUT_TYPE_t)	16	static
Gpio.cpp:98:6:void Gpio::SetAsInput(GPIO_PU_PD_t)	16	static
Gpio.cpp:104:6:void Gpio::Deinit()	16	static
Gpio.cpp:111:6:bool Gpio::IsSet()	24	static
RFM69.cpp:48:1:RFM69::RFM69(SPI_TypeDef*, GPIO_TypeDef*, uint16_t, bool, SPI_DataSize_t)	24	static
RFM69.cpp:77:5:int RFM69::getRSSI()	16	static
RFM69.cpp:80:6:void RFM69::setAutoreadRSSI(bool)	16	static
RFM69.cpp:83:6:void RFM69::setCSMA(bool)	16	static
RFM69.cpp:87:6:void RFM69::reset()	16	static
RFM69.cpp:104:6:bool RFM69::init()	16	static
RFM69.cpp:119:6:void RFM69::setFrequency(unsigned int)	16	static
RFM69.cpp:133:6:void RFM69::setFrequencyDerivation(unsigned int)	16	static
RFM69.cpp:146:6:void RFM69::setBitRate(unsigned int)	16	static
RFM69.cpp:159:9:uint8_t RFM69::readRegister(uint8_t)	32	static
RFM69.cpp:172:6:void RFM69::writeRegister(uint8_t, uint8_t)	16	static
RFM69.cpp:180:6:void RFM69::transmit(uint8_t)	16	static
RFM69.cpp:188:6:void RFM69::chipSelect()	16	static
RFM69.cpp:193:6:void RFM69::chipUnselect()	16	static
RFM69.cpp:198:11:RFM69Mode RFM69::setMode(RFM69Mode)	16	static
RFM69.cpp:230:6:void RFM69::setPASettings(uint8_t)	24	static
RFM69.cpp:263:6:void RFM69::setPowerLevel(uint8_t)	16	static
RFM69.cpp:272:6:void RFM69::setHighPowerSettings(bool)	16	static
RFM69.cpp:281:6:void RFM69::setCustomConfig(const uint8_t (*)[2], unsigned int)	32	static
RFM69.cpp:287:6:void RFM69::clearFIFO()	16	static
RFM69.cpp:292:6:void RFM69::waitForModeReady()	24	static
RFM69.cpp:299:6:void RFM69::sleep()	16	static
RFM69.cpp:303:5:int RFM69::receive(char*, unsigned int)	32	static
RFM69.cpp:321:5:int RFM69::_receive(char*, unsigned int)	40	static
RFM69.cpp:360:6:bool RFM69::setAESEncryption(const void*, unsigned int)	32	static
RFM69.cpp:388:6:void RFM69::waitForPacketSent()	24	static
RFM69.cpp:395:6:void RFM69::continuousBit(bool)	16	static
RFM69.cpp:409:5:int RFM69::readRSSI()	16	static
RFM69.cpp:415:6:void RFM69::dumpRegisters()	24	static
RFM69.cpp:425:6:void RFM69::setOOKMode(bool)	16	static
RFM69.cpp:441:6:void RFM69::setDataMode(RFM69DataMode)	16	static
RFM69.cpp:470:5:int RFM69::setPowerDBm(int8_t)	24	static
RFM69.cpp:527:6:bool RFM69::channelFree()	16	static
RFM69.cpp:535:5:int RFM69::send(char*, unsigned int)	40	static
RFM69.cpp:622:6:void RFM69::SetResetPin(GPIO_TypeDef*, uint16_t)	40	static
RFM69.cpp:630:9:uint8_t RFM69::ReadTemperature(uint8_t)	16	static
RFM69.cpp:640:10:uint32_t RFM69::getFrequency()	24	static
RFM69.cpp:647:6:void RFM69::setAddress(uint16_t)	16	static
RFM69.cpp:653:6:void RFM69::setNetwork(uint8_t)	16	static
RFM69.cpp:657:6:void RFM69::readAllRegs()	32	static
SPI.cpp:18:1:SPI::SPI(SPI_TypeDef*, SPI_DataSize_t)	24	static
SPI.cpp:46:6:void SPI::Config()	16	static
SPI.cpp:54:6:void SPI::InitGpio()	56	static
SPI.cpp:84:6:void SPI::EnableClk()	16	static
SPI.cpp:99:6:void SPI::SetFrameSize(SPI_DataSize_t)	16	static
SPI.cpp:111:6:void SPI::SetClockPrsc(SetClockPrsc_t)	16	static
SPI.cpp:116:6:void SPI::EnableSoftwareSlaveManagment()	16	static
SPI.cpp:122:6:void SPI::DisableSoftwareSlaveManagment()	16	static
SPI.cpp:127:6:void SPI::EnableMotorollaMode()	16	static
SPI.cpp:132:6:void SPI::nCS_Low()	16	static
SPI.cpp:137:6:void SPI::nCS_High()	16	static
SPI.cpp:142:6:void SPI::Enable()	16	static
SPI.cpp:147:6:void SPI::Disable()	16	static
SPI.cpp:152:6:void SPI::SetClockPolarity(ClockPol_t)	16	static
SPI.cpp:166:6:void SPI::SetClockPhase(ClockPhase_t)	16	static
SPI.cpp:179:6:void SPI::SetMsbLsbFirst(MSB_LSB_First_t)	16	static
SPI.cpp:191:9:uint8_t SPI::transfer(uint8_t)	16	static
SPI.cpp:204:6:void SPI::TransmitBlocking(uint8_t)	24	static
SPI.cpp:222:6:void SPI::ReceiveBlocking(uint16_t*, uint16_t)	24	static
SPI.cpp:231:9:uint8_t SPI::Receive()	24	static
SPI.cpp:247:6:void SPI::EnableIRQ()	16	static
SPI.cpp:256:10:uint16_t SPI::TransmitReceive16B(uint16_t)	16	static
SPI.cpp:268:9:uint8_t SPI::TransmitReceive8B(uint8_t)	24	static
main.cpp:35:5:int main()	184	static
main.cpp:58:17:void SysTick_Handler()	8	static
main.cpp:66:6:void delay_ms(unsigned int)	24	static
main.cpp:73:6:void mstimer_init()	8	static
main.cpp:81:10:uint32_t mstimer_get()	8	static
