21:46:10 **** Incremental Build of configuration Debug for project STM32F051R8T6_SPI_RFM69_Receiver ****
make -j4 all 
arm-none-eabi-gcc "../Core/Src/main.c" -mcpu=cortex-m0 -std=gnu11 -g3 -DDEBUG -DUSE_HAL_DRIVER -DSTM32F051x8 -c -I../Core/Inc -I../Drivers/STM32F0xx_HAL_Driver/Inc -I../Drivers/STM32F0xx_HAL_Driver/Inc/Legacy -I../Drivers/CMSIS/Device/ST/STM32F0xx/Include -I../Drivers/CMSIS/Include -O0 -ffunction-sections -fdata-sections -Wall -fstack-usage -MMD -MP -MF"Core/Src/main.d" -MT"Core/Src/main.o" --specs=nano.specs -mfloat-abi=soft -mthumb -o "Core/Src/main.o"
In file included from ../Core/Src/main.c:25:
../Core/Inc/rfm69.h:12:10: fatal error: rfm69_registers.h: No such file or directory
   12 | #include "rfm69_registers.h"
      |          ^~~~~~~~~~~~~~~~~~~
compilation terminated.
make: *** [Core/Src/subdir.mk:34: Core/Src/main.o] Error 1
"make -j4 all" terminated with exit code 2. Build might be incomplete.
21:46:20 **** Incremental Build of configuration Debug for project STM32F051R8T6_SPI_RFM69_Receiver ****
make -j4 all 
arm-none-eabi-gcc "../Core/Src/main.c" -mcpu=cortex-m0 -std=gnu11 -g3 -DDEBUG -DUSE_HAL_DRIVER -DSTM32F051x8 -c -I../Core/Inc -I../Drivers/STM32F0xx_HAL_Driver/Inc -I../Drivers/STM32F0xx_HAL_Driver/Inc/Legacy -I../Drivers/CMSIS/Device/ST/STM32F0xx/Include -I../Drivers/CMSIS/Include -O0 -ffunction-sections -fdata-sections -Wall -fstack-usage -MMD -MP -MF"Core/Src/main.d" -MT"Core/Src/main.o" --specs=nano.specs -mfloat-abi=soft -mthumb -o "Core/Src/main.o"
arm-none-eabi-gcc -o "STM32F051R8T6_SPI_RFM69_Receiver.elf" @"objects.list"   -mcpu=cortex-m0 -T"C:\STM32 workspace\STM32 RFM69 SPI TxRx\STM32F051R8T6_SPI_RFM69_Transmitter\STM32F051R8TX_FLASH.ld" --specs=nosys.specs -Wl,-Map="STM32F051R8T6_SPI_RFM69_Receiver.map" -Wl,--gc-sections -static --specs=nano.specs -mfloat-abi=soft -mthumb -Wl,--start-group -lc -lm -Wl,--end-group
c:\st\stm32cubeide_1.6.0\stm32cubeide\plugins\com.st.stm32cube.ide.mcu.externaltools.gnu-tools-for-stm32.9-2020-q2-update.win32_2.0.0.202105311346\tools\arm-none-eabi\bin\ld.exe: ./Core/Src/main.o: in function `main':
C:/STM32 workspace/STM32 RFM69 SPI TxRx/STM32F051R8T6_SPI_RFM69_Transmitter/Debug/../Core/Src/main.c:101: undefined reference to `rfm69_init'
c:\st\stm32cubeide_1.6.0\stm32cubeide\plugins\com.st.stm32cube.ide.mcu.externaltools.gnu-tools-for-stm32.9-2020-q2-update.win32_2.0.0.202105311346\tools\arm-none-eabi\bin\ld.exe: C:/STM32 workspace/STM32 RFM69 SPI TxRx/STM32F051R8T6_SPI_RFM69_Transmitter/Debug/../Core/Src/main.c:107: undefined reference to `setAESEncryption'
c:\st\stm32cubeide_1.6.0\stm32cubeide\plugins\com.st.stm32cube.ide.mcu.externaltools.gnu-tools-for-stm32.9-2020-q2-update.win32_2.0.0.202105311346\tools\arm-none-eabi\bin\ld.exe: C:/STM32 workspace/STM32 RFM69 SPI TxRx/STM32F051R8T6_SPI_RFM69_Transmitter/Debug/../Core/Src/main.c:113: undefined reference to `getFrequency'
c:\st\stm32cubeide_1.6.0\stm32cubeide\plugins\com.st.stm32cube.ide.mcu.externaltools.gnu-tools-for-stm32.9-2020-q2-update.win32_2.0.0.202105311346\tools\arm-none-eabi\bin\ld.exe: C:/STM32 workspace/STM32 RFM69 SPI TxRx/STM32F051R8T6_SPI_RFM69_Transmitter/Debug/../Core/Src/main.c:118: undefined reference to `receiveBegin'
c:\st\stm32cubeide_1.6.0\stm32cubeide\plugins\com.st.stm32cube.ide.mcu.externaltools.gnu-tools-for-stm32.9-2020-q2-update.win32_2.0.0.202105311346\tools\arm-none-eabi\bin\ld.exe: C:/STM32 workspace/STM32 RFM69 SPI TxRx/STM32F051R8T6_SPI_RFM69_Transmitter/Debug/../Core/Src/main.c:126: undefined reference to `waitForResponce'
collect2.exe: error: ld returned 1 exit status
make: *** [makefile:65: STM32F051R8T6_SPI_RFM69_Receiver.elf] Error 1
"make -j4 all" terminated with exit code 2. Build might be incomplete.
21:46:38 **** Incremental Build of configuration Debug for project STM32F051R8T6_SPI_RFM69_Receiver ****
make -j4 all 
arm-none-eabi-gcc "../Core/Src/main.c" -mcpu=cortex-m0 -std=gnu11 -g3 -DDEBUG -DUSE_HAL_DRIVER -DSTM32F051x8 -c -I../Core/Inc -I../Drivers/STM32F0xx_HAL_Driver/Inc -I../Drivers/STM32F0xx_HAL_Driver/Inc/Legacy -I../Drivers/CMSIS/Device/ST/STM32F0xx/Include -I../Drivers/CMSIS/Include -O0 -ffunction-sections -fdata-sections -Wall -fstack-usage -MMD -MP -MF"Core/Src/main.d" -MT"Core/Src/main.o" --specs=nano.specs -mfloat-abi=soft -mthumb -o "Core/Src/main.o"
arm-none-eabi-gcc "../Core/Src/rfm69.c" -mcpu=cortex-m0 -std=gnu11 -g3 -DDEBUG -DUSE_HAL_DRIVER -DSTM32F051x8 -c -I../Core/Inc -I../Drivers/STM32F0xx_HAL_Driver/Inc -I../Drivers/STM32F0xx_HAL_Driver/Inc/Legacy -I../Drivers/CMSIS/Device/ST/STM32F0xx/Include -I../Drivers/CMSIS/Include -O0 -ffunction-sections -fdata-sections -Wall -fstack-usage -MMD -MP -MF"Core/Src/rfm69.d" -MT"Core/Src/rfm69.o" --specs=nano.specs -mfloat-abi=soft -mthumb -o "Core/Src/rfm69.o"
arm-none-eabi-gcc "../Core/Src/stm32f0xx_hal_msp.c" -mcpu=cortex-m0 -std=gnu11 -g3 -DDEBUG -DUSE_HAL_DRIVER -DSTM32F051x8 -c -I../Core/Inc -I../Drivers/STM32F0xx_HAL_Driver/Inc -I../Drivers/STM32F0xx_HAL_Driver/Inc/Legacy -I../Drivers/CMSIS/Device/ST/STM32F0xx/Include -I../Drivers/CMSIS/Include -O0 -ffunction-sections -fdata-sections -Wall -fstack-usage -MMD -MP -MF"Core/Src/stm32f0xx_hal_msp.d" -MT"Core/Src/stm32f0xx_hal_msp.o" --specs=nano.specs -mfloat-abi=soft -mthumb -o "Core/Src/stm32f0xx_hal_msp.o"
arm-none-eabi-gcc "../Core/Src/stm32f0xx_it.c" -mcpu=cortex-m0 -std=gnu11 -g3 -DDEBUG -DUSE_HAL_DRIVER -DSTM32F051x8 -c -I../Core/Inc -I../Drivers/STM32F0xx_HAL_Driver/Inc -I../Drivers/STM32F0xx_HAL_Driver/Inc/Legacy -I../Drivers/CMSIS/Device/ST/STM32F0xx/Include -I../Drivers/CMSIS/Include -O0 -ffunction-sections -fdata-sections -Wall -fstack-usage -MMD -MP -MF"Core/Src/stm32f0xx_it.d" -MT"Core/Src/stm32f0xx_it.o" --specs=nano.specs -mfloat-abi=soft -mthumb -o "Core/Src/stm32f0xx_it.o"
../Core/Src/rfm69.c: In function 'setAESEncryption':
../Core/Src/rfm69.c:387:45: warning: dereferencing 'void *' pointer
  387 |    HAL_SPI_Transmit(&RFM69_SPI_PORT, &aesKey[i], 1, 100);
      |                                             ^
../Core/Src/rfm69.c:387:38: warning: passing argument 2 of 'HAL_SPI_Transmit' discards 'const' qualifier from pointer target type [-Wdiscarded-qualifiers]
  387 |    HAL_SPI_Transmit(&RFM69_SPI_PORT, &aesKey[i], 1, 100);
      |                                      ^~~~~~~~~~
In file included from ../Core/Inc/stm32f0xx_hal_conf.h:276,
                 from ../Drivers/STM32F0xx_HAL_Driver/Inc/stm32f0xx_hal.h:30,
                 from ../Core/Inc/main.h:31,
                 from ../Core/Inc/rfm69.h:11,
                 from ../Core/Src/rfm69.c:8:
../Drivers/STM32F0xx_HAL_Driver/Inc/stm32f0xx_hal_spi.h:792:70: note: expected 'uint8_t *' {aka 'unsigned char *'} but argument is of type 'const void *'
  792 | HAL_StatusTypeDef HAL_SPI_Transmit(SPI_HandleTypeDef *hspi, uint8_t *pData, uint16_t Size, uint32_t Timeout);
      |                                                             ~~~~~~~~~^~~~~
arm-none-eabi-gcc "../Core/Src/syscalls.c" -mcpu=cortex-m0 -std=gnu11 -g3 -DDEBUG -DUSE_HAL_DRIVER -DSTM32F051x8 -c -I../Core/Inc -I../Drivers/STM32F0xx_HAL_Driver/Inc -I../Drivers/STM32F0xx_HAL_Driver/Inc/Legacy -I../Drivers/CMSIS/Device/ST/STM32F0xx/Include -I../Drivers/CMSIS/Include -O0 -ffunction-sections -fdata-sections -Wall -fstack-usage -MMD -MP -MF"Core/Src/syscalls.d" -MT"Core/Src/syscalls.o" --specs=nano.specs -mfloat-abi=soft -mthumb -o "Core/Src/syscalls.o"
arm-none-eabi-gcc "../Core/Src/sysmem.c" -mcpu=cortex-m0 -std=gnu11 -g3 -DDEBUG -DUSE_HAL_DRIVER -DSTM32F051x8 -c -I../Core/Inc -I../Drivers/STM32F0xx_HAL_Driver/Inc -I../Drivers/STM32F0xx_HAL_Driver/Inc/Legacy -I../Drivers/CMSIS/Device/ST/STM32F0xx/Include -I../Drivers/CMSIS/Include -O0 -ffunction-sections -fdata-sections -Wall -fstack-usage -MMD -MP -MF"Core/Src/sysmem.d" -MT"Core/Src/sysmem.o" --specs=nano.specs -mfloat-abi=soft -mthumb -o "Core/Src/sysmem.o"
arm-none-eabi-gcc "../Core/Src/system_stm32f0xx.c" -mcpu=cortex-m0 -std=gnu11 -g3 -DDEBUG -DUSE_HAL_DRIVER -DSTM32F051x8 -c -I../Core/Inc -I../Drivers/STM32F0xx_HAL_Driver/Inc -I../Drivers/STM32F0xx_HAL_Driver/Inc/Legacy -I../Drivers/CMSIS/Device/ST/STM32F0xx/Include -I../Drivers/CMSIS/Include -O0 -ffunction-sections -fdata-sections -Wall -fstack-usage -MMD -MP -MF"Core/Src/system_stm32f0xx.d" -MT"Core/Src/system_stm32f0xx.o" --specs=nano.specs -mfloat-abi=soft -mthumb -o "Core/Src/system_stm32f0xx.o"
arm-none-eabi-gcc -o "STM32F051R8T6_SPI_RFM69_Receiver.elf" @"objects.list"   -mcpu=cortex-m0 -T"C:\STM32 workspace\STM32 RFM69 SPI TxRx\STM32F051R8T6_SPI_RFM69_Transmitter\STM32F051R8TX_FLASH.ld" --specs=nosys.specs -Wl,-Map="STM32F051R8T6_SPI_RFM69_Receiver.map" -Wl,--gc-sections -static --specs=nano.specs -mfloat-abi=soft -mthumb -Wl,--start-group -lc -lm -Wl,--end-group
Finished building target: STM32F051R8T6_SPI_RFM69_Receiver.elf
 
arm-none-eabi-size   STM32F051R8T6_SPI_RFM69_Receiver.elf 
arm-none-eabi-objdump -h -S  STM32F051R8T6_SPI_RFM69_Receiver.elf  > "STM32F051R8T6_SPI_RFM69_Receiver.list"
arm-none-eabi-objcopy  -O binary  STM32F051R8T6_SPI_RFM69_Receiver.elf  "STM32F051R8T6_SPI_RFM69_Receiver.bin"
   text	   data	    bss	    dec	    hex	filename
  20972	    120	   2096	  23188	   5a94	STM32F051R8T6_SPI_RFM69_Receiver.elf
Finished building: default.size.stdout
 
Finished building: STM32F051R8T6_SPI_RFM69_Receiver.bin
 
Finished building: STM32F051R8T6_SPI_RFM69_Receiver.list
 
21:46:46 **** Incremental Build of configuration Debug for project STM32F051R8T6_SPI_RFM69_Receiver ****
make -j4 all 
arm-none-eabi-size   STM32F051R8T6_SPI_RFM69_Receiver.elf 
   text	   data	    bss	    dec	    hex	filename
  20972	    120	   2096	  23188	   5a94	STM32F051R8T6_SPI_RFM69_Receiver.elf
Finished building: default.size.stdout
 
21:49:47 **** Incremental Build of configuration Debug for project STM32F051R8T6_SPI_RFM69_Receiver ****
make -j4 all 
arm-none-eabi-gcc "../Core/Src/main.c" -mcpu=cortex-m0 -std=gnu11 -g3 -DDEBUG -DUSE_HAL_DRIVER -DSTM32F051x8 -c -I../Core/Inc -I../Drivers/STM32F0xx_HAL_Driver/Inc -I../Drivers/STM32F0xx_HAL_Driver/Inc/Legacy -I../Drivers/CMSIS/Device/ST/STM32F0xx/Include -I../Drivers/CMSIS/Include -O0 -ffunction-sections -fdata-sections -Wall -fstack-usage -MMD -MP -MF"Core/Src/main.d" -MT"Core/Src/main.o" --specs=nano.specs -mfloat-abi=soft -mthumb -o "Core/Src/main.o"
arm-none-eabi-gcc -o "STM32F051R8T6_SPI_RFM69_Receiver.elf" @"objects.list"   -mcpu=cortex-m0 -T"C:\STM32 workspace\STM32 RFM69 SPI TxRx\STM32F051R8T6_SPI_RFM69_Transmitter\STM32F051R8TX_FLASH.ld" --specs=nosys.specs -Wl,-Map="STM32F051R8T6_SPI_RFM69_Receiver.map" -Wl,--gc-sections -static --specs=nano.specs -mfloat-abi=soft -mthumb -Wl,--start-group -lc -lm -Wl,--end-group
Finished building target: STM32F051R8T6_SPI_RFM69_Receiver.elf
 
arm-none-eabi-size   STM32F051R8T6_SPI_RFM69_Receiver.elf 
arm-none-eabi-objdump -h -S  STM32F051R8T6_SPI_RFM69_Receiver.elf  > "STM32F051R8T6_SPI_RFM69_Receiver.list"
arm-none-eabi-objcopy  -O binary  STM32F051R8T6_SPI_RFM69_Receiver.elf  "STM32F051R8T6_SPI_RFM69_Receiver.bin"
   text	   data	    bss	    dec	    hex	filename
  20972	    120	   2096	  23188	   5a94	STM32F051R8T6_SPI_RFM69_Receiver.elf
Finished building: default.size.stdout
 
Finished building: STM32F051R8T6_SPI_RFM69_Receiver.bin
 
Finished building: STM32F051R8T6_SPI_RFM69_Receiver.list
 
21:49:58 **** Incremental Build of configuration Debug for project STM32F051R8T6_SPI_RFM69_Receiver ****
make -j4 all 
arm-none-eabi-gcc "../Core/Src/main.c" -mcpu=cortex-m0 -std=gnu11 -g3 -DDEBUG -DUSE_HAL_DRIVER -DSTM32F051x8 -c -I../Core/Inc -I../Drivers/STM32F0xx_HAL_Driver/Inc -I../Drivers/STM32F0xx_HAL_Driver/Inc/Legacy -I../Drivers/CMSIS/Device/ST/STM32F0xx/Include -I../Drivers/CMSIS/Include -O0 -ffunction-sections -fdata-sections -Wall -fstack-usage -MMD -MP -MF"Core/Src/main.d" -MT"Core/Src/main.o" --specs=nano.specs -mfloat-abi=soft -mthumb -o "Core/Src/main.o"
arm-none-eabi-gcc -o "STM32F051R8T6_SPI_RFM69_Receiver.elf" @"objects.list"   -mcpu=cortex-m0 -T"C:\STM32 workspace\STM32 RFM69 SPI TxRx\STM32F051R8T6_SPI_RFM69_Transmitter\STM32F051R8TX_FLASH.ld" --specs=nosys.specs -Wl,-Map="STM32F051R8T6_SPI_RFM69_Receiver.map" -Wl,--gc-sections -static --specs=nano.specs -mfloat-abi=soft -mthumb -Wl,--start-group -lc -lm -Wl,--end-group
Finished building target: STM32F051R8T6_SPI_RFM69_Receiver.elf
 
arm-none-eabi-size   STM32F051R8T6_SPI_RFM69_Receiver.elf 
arm-none-eabi-objdump -h -S  STM32F051R8T6_SPI_RFM69_Receiver.elf  > "STM32F051R8T6_SPI_RFM69_Receiver.list"
arm-none-eabi-objcopy  -O binary  STM32F051R8T6_SPI_RFM69_Receiver.elf  "STM32F051R8T6_SPI_RFM69_Receiver.bin"
   text	   data	    bss	    dec	    hex	filename
  20972	    120	   2096	  23188	   5a94	STM32F051R8T6_SPI_RFM69_Receiver.elf
Finished building: default.size.stdout
 
Finished building: STM32F051R8T6_SPI_RFM69_Receiver.bin
 
Finished building: STM32F051R8T6_SPI_RFM69_Receiver.list
 
21:51:04 **** Incremental Build of configuration Debug for project STM32F051R8T6_SPI_RFM69_Receiver ****
make -j4 all 
arm-none-eabi-gcc "../Core/Src/main.c" -mcpu=cortex-m0 -std=gnu11 -g3 -DDEBUG -DUSE_HAL_DRIVER -DSTM32F051x8 -c -I../Core/Inc -I../Drivers/STM32F0xx_HAL_Driver/Inc -I../Drivers/STM32F0xx_HAL_Driver/Inc/Legacy -I../Drivers/CMSIS/Device/ST/STM32F0xx/Include -I../Drivers/CMSIS/Include -O0 -ffunction-sections -fdata-sections -Wall -fstack-usage -MMD -MP -MF"Core/Src/main.d" -MT"Core/Src/main.o" --specs=nano.specs -mfloat-abi=soft -mthumb -o "Core/Src/main.o"
../Core/Src/main.c: In function 'main':
../Core/Src/main.c:144:16: warning: suggest parentheses around assignment used as truth value [-Wparentheses]
  144 |             if(receive_data.data[LED_CTRL_CMD_POS] = 0x01){
      |                ^~~~~~~~~~~~
arm-none-eabi-gcc -o "STM32F051R8T6_SPI_RFM69_Receiver.elf" @"objects.list"   -mcpu=cortex-m0 -T"C:\STM32 workspace\STM32 RFM69 SPI TxRx\STM32F051R8T6_SPI_RFM69_Transmitter\STM32F051R8TX_FLASH.ld" --specs=nosys.specs -Wl,-Map="STM32F051R8T6_SPI_RFM69_Receiver.map" -Wl,--gc-sections -static --specs=nano.specs -mfloat-abi=soft -mthumb -Wl,--start-group -lc -lm -Wl,--end-group
Finished building target: STM32F051R8T6_SPI_RFM69_Receiver.elf
 
arm-none-eabi-size   STM32F051R8T6_SPI_RFM69_Receiver.elf 
arm-none-eabi-objdump -h -S  STM32F051R8T6_SPI_RFM69_Receiver.elf  > "STM32F051R8T6_SPI_RFM69_Receiver.list"
arm-none-eabi-objcopy  -O binary  STM32F051R8T6_SPI_RFM69_Receiver.elf  "STM32F051R8T6_SPI_RFM69_Receiver.bin"
   text	   data	    bss	    dec	    hex	filename
  21048	    120	   2096	  23264	   5ae0	STM32F051R8T6_SPI_RFM69_Receiver.elf
Finished building: default.size.stdout
 
Finished building: STM32F051R8T6_SPI_RFM69_Receiver.bin
 
Finished building: STM32F051R8T6_SPI_RFM69_Receiver.list
 
21:51:13 **** Incremental Build of configuration Debug for project STM32F051R8T6_SPI_RFM69_Receiver ****
make -j4 all 
arm-none-eabi-size   STM32F051R8T6_SPI_RFM69_Receiver.elf 
   text	   data	    bss	    dec	    hex	filename
  21048	    120	   2096	  23264	   5ae0	STM32F051R8T6_SPI_RFM69_Receiver.elf
Finished building: default.size.stdout
 
21:54:56 **** Incremental Build of configuration Debug for project STM32F051R8T6_SPI_RFM69_Receiver ****
make -j4 all 
arm-none-eabi-size   STM32F051R8T6_SPI_RFM69_Receiver.elf 
   text	   data	    bss	    dec	    hex	filename
  21048	    120	   2096	  23264	   5ae0	STM32F051R8T6_SPI_RFM69_Receiver.elf
Finished building: default.size.stdout
 
21:54:57 **** Incremental Build of configuration Debug for project STM32F334R8T6_RFM69_Transmitte_HAL ****
make -j4 all 
arm-none-eabi-gcc "../Core/Src/main.c" -mcpu=cortex-m4 -std=gnu11 -g3 -DDEBUG -DUSE_HAL_DRIVER -DSTM32F334x8 -c -I../Core/Inc -I../Drivers/STM32F3xx_HAL_Driver/Inc -I../Drivers/STM32F3xx_HAL_Driver/Inc/Legacy -I../Drivers/CMSIS/Device/ST/STM32F3xx/Include -I../Drivers/CMSIS/Include -O0 -ffunction-sections -fdata-sections -Wall -fstack-usage -MMD -MP -MF"Core/Src/main.d" -MT"Core/Src/main.o" --specs=nano.specs -mfpu=fpv4-sp-d16 -mfloat-abi=hard -mthumb -o "Core/Src/main.o"
../Core/Src/main.c: In function 'main':
../Core/Src/main.c:113:11: warning: pointer targets in passing argument 1 of 'sprintf' differ in signedness [-Wpointer-sign]
  113 |   sprintf(TxBuffer, "Freq: %u Hz\r\n", rfm_freq);
      |           ^~~~~~~~
      |           |
      |           uint8_t * {aka unsigned char *}
In file included from ../Core/Inc/main.h:35,
                 from ../Core/Src/main.c:21:
c:\st\stm32cubeide_1.6.0\stm32cubeide\plugins\com.st.stm32cube.ide.mcu.externaltools.gnu-tools-for-stm32.9-2020-q2-update.win32_2.0.0.202105311346\tools\arm-none-eabi\include\stdio.h:244:14: note: expected 'char * restrict' but argument is of type 'uint8_t *' {aka 'unsigned char *'}
  244 | int sprintf (char *__restrict, const char *__restrict, ...)
      |              ^
../Core/Src/main.c:113:29: warning: format '%u' expects argument of type 'unsigned int', but argument 3 has type 'uint32_t' {aka 'long unsigned int'} [-Wformat=]
  113 |   sprintf(TxBuffer, "Freq: %u Hz\r\n", rfm_freq);
      |                            ~^          ~~~~~~~~
      |                             |          |
      |                             |          uint32_t {aka long unsigned int}
      |                             unsigned int
      |                            %lu
../Core/Src/main.c:114:59: warning: pointer targets in passing argument 1 of 'strlen' differ in signedness [-Wpointer-sign]
  114 |   HAL_UART_Transmit(&huart1, (uint8_t*) &TxBuffer, strlen(TxBuffer), 100);
      |                                                           ^~~~~~~~
      |                                                           |
      |                                                           uint8_t * {aka unsigned char *}
In file included from ../Core/Src/main.c:26:
c:\st\stm32cubeide_1.6.0\stm32cubeide\plugins\com.st.stm32cube.ide.mcu.externaltools.gnu-tools-for-stm32.9-2020-q2-update.win32_2.0.0.202105311346\tools\arm-none-eabi\include\string.h:41:17: note: expected 'const char *' but argument is of type 'uint8_t *' {aka 'unsigned char *'}
   41 | size_t  strlen (const char *);
      |                 ^~~~~~~~~~~~
../Core/Src/main.c:129:10: warning: unused variable 'receive_data' [-Wunused-variable]
  129 |  Payload receive_data;
      |          ^~~~~~~~~~~~
arm-none-eabi-gcc -o "STM32F334R8T6_RFM69_Transmitte_HAL.elf" @"objects.list"   -mcpu=cortex-m4 -T"C:\STM32 workspace\STM32 RFM69 SPI TxRx\STM32F334R8T6_RFM69_Transmitte_HAL\STM32F334R8TX_FLASH.ld" --specs=nosys.specs -Wl,-Map="STM32F334R8T6_RFM69_Transmitte_HAL.map" -Wl,--gc-sections -static --specs=nano.specs -mfpu=fpv4-sp-d16 -mfloat-abi=hard -mthumb -Wl,--start-group -lc -lm -Wl,--end-group
Finished building target: STM32F334R8T6_RFM69_Transmitte_HAL.elf
 
arm-none-eabi-size   STM32F334R8T6_RFM69_Transmitte_HAL.elf 
arm-none-eabi-objdump -h -S  STM32F334R8T6_RFM69_Transmitte_HAL.elf  > "STM32F334R8T6_RFM69_Transmitte_HAL.list"
arm-none-eabi-objcopy  -O binary  STM32F334R8T6_RFM69_Transmitte_HAL.elf  "STM32F334R8T6_RFM69_Transmitte_HAL.bin"
   text	   data	    bss	    dec	    hex	filename
  20244	    120	   2112	  22476	   57cc	STM32F334R8T6_RFM69_Transmitte_HAL.elf
Finished building: default.size.stdout
 
Finished building: STM32F334R8T6_RFM69_Transmitte_HAL.bin
 
Finished building: STM32F334R8T6_RFM69_Transmitte_HAL.list
 
21:56:03 **** Incremental Build of configuration Debug for project STM32F051R8T6_SPI_RFM69_Receiver ****
make -j4 all 
arm-none-eabi-size   STM32F051R8T6_SPI_RFM69_Receiver.elf 
   text	   data	    bss	    dec	    hex	filename
  21048	    120	   2096	  23264	   5ae0	STM32F051R8T6_SPI_RFM69_Receiver.elf
Finished building: default.size.stdout
 
21:56:04 **** Incremental Build of configuration Debug for project STM32F334R8T6_RFM69_Transmitte_HAL ****
make -j4 all 
arm-none-eabi-gcc "../Core/Src/main.c" -mcpu=cortex-m4 -std=gnu11 -g3 -DDEBUG -DUSE_HAL_DRIVER -DSTM32F334x8 -c -I../Core/Inc -I../Drivers/STM32F3xx_HAL_Driver/Inc -I../Drivers/STM32F3xx_HAL_Driver/Inc/Legacy -I../Drivers/CMSIS/Device/ST/STM32F3xx/Include -I../Drivers/CMSIS/Include -O0 -ffunction-sections -fdata-sections -Wall -fstack-usage -MMD -MP -MF"Core/Src/main.d" -MT"Core/Src/main.o" --specs=nano.specs -mfpu=fpv4-sp-d16 -mfloat-abi=hard -mthumb -o "Core/Src/main.o"
../Core/Src/main.c: In function 'main':
../Core/Src/main.c:113:11: warning: pointer targets in passing argument 1 of 'sprintf' differ in signedness [-Wpointer-sign]
  113 |   sprintf(TxBuffer, "Freq: %u Hz\r\n", rfm_freq);
      |           ^~~~~~~~
      |           |
      |           uint8_t * {aka unsigned char *}
In file included from ../Core/Inc/main.h:35,
                 from ../Core/Src/main.c:21:
c:\st\stm32cubeide_1.6.0\stm32cubeide\plugins\com.st.stm32cube.ide.mcu.externaltools.gnu-tools-for-stm32.9-2020-q2-update.win32_2.0.0.202105311346\tools\arm-none-eabi\include\stdio.h:244:14: note: expected 'char * restrict' but argument is of type 'uint8_t *' {aka 'unsigned char *'}
  244 | int sprintf (char *__restrict, const char *__restrict, ...)
      |              ^
../Core/Src/main.c:113:29: warning: format '%u' expects argument of type 'unsigned int', but argument 3 has type 'uint32_t' {aka 'long unsigned int'} [-Wformat=]
  113 |   sprintf(TxBuffer, "Freq: %u Hz\r\n", rfm_freq);
      |                            ~^          ~~~~~~~~
      |                             |          |
      |                             |          uint32_t {aka long unsigned int}
      |                             unsigned int
      |                            %lu
../Core/Src/main.c:114:59: warning: pointer targets in passing argument 1 of 'strlen' differ in signedness [-Wpointer-sign]
  114 |   HAL_UART_Transmit(&huart1, (uint8_t*) &TxBuffer, strlen(TxBuffer), 100);
      |                                                           ^~~~~~~~
      |                                                           |
      |                                                           uint8_t * {aka unsigned char *}
In file included from ../Core/Src/main.c:26:
c:\st\stm32cubeide_1.6.0\stm32cubeide\plugins\com.st.stm32cube.ide.mcu.externaltools.gnu-tools-for-stm32.9-2020-q2-update.win32_2.0.0.202105311346\tools\arm-none-eabi\include\string.h:41:17: note: expected 'const char *' but argument is of type 'uint8_t *' {aka 'unsigned char *'}
   41 | size_t  strlen (const char *);
      |                 ^~~~~~~~~~~~
../Core/Src/main.c:138:43: error: 'RxBuffer' undeclared (first use in this function); did you mean 'TxBuffer'?
  138 |    HAL_UART_Transmit(&huart1, (uint8_t*) &RxBuffer, strlen(RxBuffer),
      |                                           ^~~~~~~~
      |                                           TxBuffer
../Core/Src/main.c:138:43: note: each undeclared identifier is reported only once for each function it appears in
../Core/Src/main.c:199:14: error: invalid storage class for function 'MX_SPI1_Init'
  199 |  static void MX_SPI1_Init(void) {
      |              ^~~~~~~~~~~~
../Core/Src/main.c:237:14: error: invalid storage class for function 'MX_USART1_UART_Init'
  237 |  static void MX_USART1_UART_Init(void) {
      |              ^~~~~~~~~~~~~~~~~~~
../Core/Src/main.c:270:14: error: invalid storage class for function 'MX_GPIO_Init'
  270 |  static void MX_GPIO_Init(void) {
      |              ^~~~~~~~~~~~
../Core/Src/main.c:332:2: error: expected declaration or statement at end of input
  332 |  }
      |  ^
../Core/Src/main.c: At top level:
../Core/Src/main.c:59:13: warning: 'MX_GPIO_Init' used but never defined
   59 | static void MX_GPIO_Init(void);
      |             ^~~~~~~~~~~~
../Core/Src/main.c:60:13: warning: 'MX_SPI1_Init' used but never defined
   60 | static void MX_SPI1_Init(void);
      |             ^~~~~~~~~~~~
../Core/Src/main.c:61:13: warning: 'MX_USART1_UART_Init' used but never defined
   61 | static void MX_USART1_UART_Init(void);
      |             ^~~~~~~~~~~~~~~~~~~
../Core/Src/main.c:325:7: warning: 'Error_Handler' defined but not used [-Wunused-function]
  325 |  void Error_Handler(void) {
      |       ^~~~~~~~~~~~~
../Core/Src/main.c:270:14: warning: 'MX_GPIO_Init' defined but not used [-Wunused-function]
  270 |  static void MX_GPIO_Init(void) {
      |              ^~~~~~~~~~~~
../Core/Src/main.c:237:14: warning: 'MX_USART1_UART_Init' defined but not used [-Wunused-function]
  237 |  static void MX_USART1_UART_Init(void) {
      |              ^~~~~~~~~~~~~~~~~~~
../Core/Src/main.c:199:14: warning: 'MX_SPI1_Init' defined but not used [-Wunused-function]
  199 |  static void MX_SPI1_Init(void) {
      |              ^~~~~~~~~~~~
../Core/Src/main.c:159:7: warning: 'SystemClock_Config' defined but not used [-Wunused-function]
  159 |  void SystemClock_Config(void) {
      |       ^~~~~~~~~~~~~~~~~~
make: *** [Core/Src/subdir.mk:37: Core/Src/main.o] Error 1
"make -j4 all" terminated with exit code 2. Build might be incomplete.
21:56:37 **** Incremental Build of configuration Debug for project STM32F051R8T6_SPI_RFM69_Receiver ****
make -j4 all 
arm-none-eabi-size   STM32F051R8T6_SPI_RFM69_Receiver.elf 
   text	   data	    bss	    dec	    hex	filename
  21048	    120	   2096	  23264	   5ae0	STM32F051R8T6_SPI_RFM69_Receiver.elf
Finished building: default.size.stdout
 
21:56:37 **** Incremental Build of configuration Debug for project STM32F334R8T6_RFM69_Transmitte_HAL ****
make -j4 all 
arm-none-eabi-gcc "../Core/Src/main.c" -mcpu=cortex-m4 -std=gnu11 -g3 -DDEBUG -DUSE_HAL_DRIVER -DSTM32F334x8 -c -I../Core/Inc -I../Drivers/STM32F3xx_HAL_Driver/Inc -I../Drivers/STM32F3xx_HAL_Driver/Inc/Legacy -I../Drivers/CMSIS/Device/ST/STM32F3xx/Include -I../Drivers/CMSIS/Include -O0 -ffunction-sections -fdata-sections -Wall -fstack-usage -MMD -MP -MF"Core/Src/main.d" -MT"Core/Src/main.o" --specs=nano.specs -mfpu=fpv4-sp-d16 -mfloat-abi=hard -mthumb -o "Core/Src/main.o"
../Core/Src/main.c: In function 'main':
../Core/Src/main.c:113:11: warning: pointer targets in passing argument 1 of 'sprintf' differ in signedness [-Wpointer-sign]
  113 |   sprintf(TxBuffer, "Freq: %u Hz\r\n", rfm_freq);
      |           ^~~~~~~~
      |           |
      |           uint8_t * {aka unsigned char *}
In file included from ../Core/Inc/main.h:35,
                 from ../Core/Src/main.c:21:
c:\st\stm32cubeide_1.6.0\stm32cubeide\plugins\com.st.stm32cube.ide.mcu.externaltools.gnu-tools-for-stm32.9-2020-q2-update.win32_2.0.0.202105311346\tools\arm-none-eabi\include\stdio.h:244:14: note: expected 'char * restrict' but argument is of type 'uint8_t *' {aka 'unsigned char *'}
  244 | int sprintf (char *__restrict, const char *__restrict, ...)
      |              ^
../Core/Src/main.c:113:29: warning: format '%u' expects argument of type 'unsigned int', but argument 3 has type 'uint32_t' {aka 'long unsigned int'} [-Wformat=]
  113 |   sprintf(TxBuffer, "Freq: %u Hz\r\n", rfm_freq);
      |                            ~^          ~~~~~~~~
      |                             |          |
      |                             |          uint32_t {aka long unsigned int}
      |                             unsigned int
      |                            %lu
../Core/Src/main.c:114:59: warning: pointer targets in passing argument 1 of 'strlen' differ in signedness [-Wpointer-sign]
  114 |   HAL_UART_Transmit(&huart1, (uint8_t*) &TxBuffer, strlen(TxBuffer), 100);
      |                                                           ^~~~~~~~
      |                                                           |
      |                                                           uint8_t * {aka unsigned char *}
In file included from ../Core/Src/main.c:26:
c:\st\stm32cubeide_1.6.0\stm32cubeide\plugins\com.st.stm32cube.ide.mcu.externaltools.gnu-tools-for-stm32.9-2020-q2-update.win32_2.0.0.202105311346\tools\arm-none-eabi\include\string.h:41:17: note: expected 'const char *' but argument is of type 'uint8_t *' {aka 'unsigned char *'}
   41 | size_t  strlen (const char *);
      |                 ^~~~~~~~~~~~
../Core/Src/main.c:138:60: warning: pointer targets in passing argument 1 of 'strlen' differ in signedness [-Wpointer-sign]
  138 |    HAL_UART_Transmit(&huart1, (uint8_t*) &RxBuffer, strlen(RxBuffer),
      |                                                            ^~~~~~~~
      |                                                            |
      |                                                            uint8_t * {aka unsigned char *}
In file included from ../Core/Src/main.c:26:
c:\st\stm32cubeide_1.6.0\stm32cubeide\plugins\com.st.stm32cube.ide.mcu.externaltools.gnu-tools-for-stm32.9-2020-q2-update.win32_2.0.0.202105311346\tools\arm-none-eabi\include\string.h:41:17: note: expected 'const char *' but argument is of type 'uint8_t *' {aka 'unsigned char *'}
   41 | size_t  strlen (const char *);
      |                 ^~~~~~~~~~~~
../Core/Src/main.c:141:13: warning: pointer targets in passing argument 1 of 'sprintf' differ in signedness [-Wpointer-sign]
  141 |     sprintf(RxBuffer, "Data[%d]: 0x%X\r\n", i,
      |             ^~~~~~~~
      |             |
      |             uint8_t * {aka unsigned char *}
In file included from ../Core/Inc/main.h:35,
                 from ../Core/Src/main.c:21:
c:\st\stm32cubeide_1.6.0\stm32cubeide\plugins\com.st.stm32cube.ide.mcu.externaltools.gnu-tools-for-stm32.9-2020-q2-update.win32_2.0.0.202105311346\tools\arm-none-eabi\include\stdio.h:244:14: note: expected 'char * restrict' but argument is of type 'uint8_t *' {aka 'unsigned char *'}
  244 | int sprintf (char *__restrict, const char *__restrict, ...)
      |              ^
../Core/Src/main.c:144:14: warning: pointer targets in passing argument 1 of 'strlen' differ in signedness [-Wpointer-sign]
  144 |       strlen(RxBuffer), 100);
      |              ^~~~~~~~
      |              |
      |              uint8_t * {aka unsigned char *}
In file included from ../Core/Src/main.c:26:
c:\st\stm32cubeide_1.6.0\stm32cubeide\plugins\com.st.stm32cube.ide.mcu.externaltools.gnu-tools-for-stm32.9-2020-q2-update.win32_2.0.0.202105311346\tools\arm-none-eabi\include\string.h:41:17: note: expected 'const char *' but argument is of type 'uint8_t *' {aka 'unsigned char *'}
   41 | size_t  strlen (const char *);
      |                 ^~~~~~~~~~~~
../Core/Src/main.c:199:14: error: invalid storage class for function 'MX_SPI1_Init'
  199 |  static void MX_SPI1_Init(void) {
      |              ^~~~~~~~~~~~
../Core/Src/main.c:237:14: error: invalid storage class for function 'MX_USART1_UART_Init'
  237 |  static void MX_USART1_UART_Init(void) {
      |              ^~~~~~~~~~~~~~~~~~~
../Core/Src/main.c:270:14: error: invalid storage class for function 'MX_GPIO_Init'
  270 |  static void MX_GPIO_Init(void) {
      |              ^~~~~~~~~~~~
../Core/Src/main.c:332:2: error: expected declaration or statement at end of input
  332 |  }
      |  ^
../Core/Src/main.c: At top level:
../Core/Src/main.c:59:13: warning: 'MX_GPIO_Init' used but never defined
   59 | static void MX_GPIO_Init(void);
      |             ^~~~~~~~~~~~
../Core/Src/main.c:60:13: warning: 'MX_SPI1_Init' used but never defined
   60 | static void MX_SPI1_Init(void);
      |             ^~~~~~~~~~~~
../Core/Src/main.c:61:13: warning: 'MX_USART1_UART_Init' used but never defined
   61 | static void MX_USART1_UART_Init(void);
      |             ^~~~~~~~~~~~~~~~~~~
../Core/Src/main.c:325:7: warning: 'Error_Handler' defined but not used [-Wunused-function]
  325 |  void Error_Handler(void) {
      |       ^~~~~~~~~~~~~
../Core/Src/main.c:270:14: warning: 'MX_GPIO_Init' defined but not used [-Wunused-function]
  270 |  static void MX_GPIO_Init(void) {
      |              ^~~~~~~~~~~~
../Core/Src/main.c:237:14: warning: 'MX_USART1_UART_Init' defined but not used [-Wunused-function]
  237 |  static void MX_USART1_UART_Init(void) {
      |              ^~~~~~~~~~~~~~~~~~~
../Core/Src/main.c:199:14: warning: 'MX_SPI1_Init' defined but not used [-Wunused-function]
  199 |  static void MX_SPI1_Init(void) {
      |              ^~~~~~~~~~~~
../Core/Src/main.c:159:7: warning: 'SystemClock_Config' defined but not used [-Wunused-function]
  159 |  void SystemClock_Config(void) {
      |       ^~~~~~~~~~~~~~~~~~
make: *** [Core/Src/subdir.mk:37: Core/Src/main.o] Error 1
"make -j4 all" terminated with exit code 2. Build might be incomplete.
21:57:21 **** Incremental Build of configuration Debug for project STM32F051R8T6_SPI_RFM69_Receiver ****
make -j4 all 
arm-none-eabi-size   STM32F051R8T6_SPI_RFM69_Receiver.elf 
   text	   data	    bss	    dec	    hex	filename
  21048	    120	   2096	  23264	   5ae0	STM32F051R8T6_SPI_RFM69_Receiver.elf
Finished building: default.size.stdout
 
21:57:22 **** Incremental Build of configuration Debug for project STM32F334R8T6_RFM69_Transmitte_HAL ****
make -j4 all 
arm-none-eabi-gcc "../Core/Src/main.c" -mcpu=cortex-m4 -std=gnu11 -g3 -DDEBUG -DUSE_HAL_DRIVER -DSTM32F334x8 -c -I../Core/Inc -I../Drivers/STM32F3xx_HAL_Driver/Inc -I../Drivers/STM32F3xx_HAL_Driver/Inc/Legacy -I../Drivers/CMSIS/Device/ST/STM32F3xx/Include -I../Drivers/CMSIS/Include -O0 -ffunction-sections -fdata-sections -Wall -fstack-usage -MMD -MP -MF"Core/Src/main.d" -MT"Core/Src/main.o" --specs=nano.specs -mfpu=fpv4-sp-d16 -mfloat-abi=hard -mthumb -o "Core/Src/main.o"
../Core/Src/main.c: In function 'main':
../Core/Src/main.c:113:11: warning: pointer targets in passing argument 1 of 'sprintf' differ in signedness [-Wpointer-sign]
  113 |   sprintf(TxBuffer, "Freq: %u Hz\r\n", rfm_freq);
      |           ^~~~~~~~
      |           |
      |           uint8_t * {aka unsigned char *}
In file included from ../Core/Inc/main.h:35,
                 from ../Core/Src/main.c:21:
c:\st\stm32cubeide_1.6.0\stm32cubeide\plugins\com.st.stm32cube.ide.mcu.externaltools.gnu-tools-for-stm32.9-2020-q2-update.win32_2.0.0.202105311346\tools\arm-none-eabi\include\stdio.h:244:14: note: expected 'char * restrict' but argument is of type 'uint8_t *' {aka 'unsigned char *'}
  244 | int sprintf (char *__restrict, const char *__restrict, ...)
      |              ^
../Core/Src/main.c:113:29: warning: format '%u' expects argument of type 'unsigned int', but argument 3 has type 'uint32_t' {aka 'long unsigned int'} [-Wformat=]
  113 |   sprintf(TxBuffer, "Freq: %u Hz\r\n", rfm_freq);
      |                            ~^          ~~~~~~~~
      |                             |          |
      |                             |          uint32_t {aka long unsigned int}
      |                             unsigned int
      |                            %lu
../Core/Src/main.c:114:59: warning: pointer targets in passing argument 1 of 'strlen' differ in signedness [-Wpointer-sign]
  114 |   HAL_UART_Transmit(&huart1, (uint8_t*) &TxBuffer, strlen(TxBuffer), 100);
      |                                                           ^~~~~~~~
      |                                                           |
      |                                                           uint8_t * {aka unsigned char *}
In file included from ../Core/Src/main.c:26:
c:\st\stm32cubeide_1.6.0\stm32cubeide\plugins\com.st.stm32cube.ide.mcu.externaltools.gnu-tools-for-stm32.9-2020-q2-update.win32_2.0.0.202105311346\tools\arm-none-eabi\include\string.h:41:17: note: expected 'const char *' but argument is of type 'uint8_t *' {aka 'unsigned char *'}
   41 | size_t  strlen (const char *);
      |                 ^~~~~~~~~~~~
../Core/Src/main.c:138:60: warning: pointer targets in passing argument 1 of 'strlen' differ in signedness [-Wpointer-sign]
  138 |    HAL_UART_Transmit(&huart1, (uint8_t*) &RxBuffer, strlen(RxBuffer),
      |                                                            ^~~~~~~~
      |                                                            |
      |                                                            uint8_t * {aka unsigned char *}
In file included from ../Core/Src/main.c:26:
c:\st\stm32cubeide_1.6.0\stm32cubeide\plugins\com.st.stm32cube.ide.mcu.externaltools.gnu-tools-for-stm32.9-2020-q2-update.win32_2.0.0.202105311346\tools\arm-none-eabi\include\string.h:41:17: note: expected 'const char *' but argument is of type 'uint8_t *' {aka 'unsigned char *'}
   41 | size_t  strlen (const char *);
      |                 ^~~~~~~~~~~~
../Core/Src/main.c:141:13: warning: pointer targets in passing argument 1 of 'sprintf' differ in signedness [-Wpointer-sign]
  141 |     sprintf(RxBuffer, "Data[%d]: 0x%X\r\n", i,
      |             ^~~~~~~~
      |             |
      |             uint8_t * {aka unsigned char *}
In file included from ../Core/Inc/main.h:35,
                 from ../Core/Src/main.c:21:
c:\st\stm32cubeide_1.6.0\stm32cubeide\plugins\com.st.stm32cube.ide.mcu.externaltools.gnu-tools-for-stm32.9-2020-q2-update.win32_2.0.0.202105311346\tools\arm-none-eabi\include\stdio.h:244:14: note: expected 'char * restrict' but argument is of type 'uint8_t *' {aka 'unsigned char *'}
  244 | int sprintf (char *__restrict, const char *__restrict, ...)
      |              ^
../Core/Src/main.c:144:14: warning: pointer targets in passing argument 1 of 'strlen' differ in signedness [-Wpointer-sign]
  144 |       strlen(RxBuffer), 100);
      |              ^~~~~~~~
      |              |
      |              uint8_t * {aka unsigned char *}
In file included from ../Core/Src/main.c:26:
c:\st\stm32cubeide_1.6.0\stm32cubeide\plugins\com.st.stm32cube.ide.mcu.externaltools.gnu-tools-for-stm32.9-2020-q2-update.win32_2.0.0.202105311346\tools\arm-none-eabi\include\string.h:41:17: note: expected 'const char *' but argument is of type 'uint8_t *' {aka 'unsigned char *'}
   41 | size_t  strlen (const char *);
      |                 ^~~~~~~~~~~~
arm-none-eabi-gcc -o "STM32F334R8T6_RFM69_Transmitte_HAL.elf" @"objects.list"   -mcpu=cortex-m4 -T"C:\STM32 workspace\STM32 RFM69 SPI TxRx\STM32F334R8T6_RFM69_Transmitte_HAL\STM32F334R8TX_FLASH.ld" --specs=nosys.specs -Wl,-Map="STM32F334R8T6_RFM69_Transmitte_HAL.map" -Wl,--gc-sections -static --specs=nano.specs -mfpu=fpv4-sp-d16 -mfloat-abi=hard -mthumb -Wl,--start-group -lc -lm -Wl,--end-group
Finished building target: STM32F334R8T6_RFM69_Transmitte_HAL.elf
 
arm-none-eabi-size   STM32F334R8T6_RFM69_Transmitte_HAL.elf 
arm-none-eabi-objdump -h -S  STM32F334R8T6_RFM69_Transmitte_HAL.elf  > "STM32F334R8T6_RFM69_Transmitte_HAL.list"
arm-none-eabi-objcopy  -O binary  STM32F334R8T6_RFM69_Transmitte_HAL.elf  "STM32F334R8T6_RFM69_Transmitte_HAL.bin"
   text	   data	    bss	    dec	    hex	filename
  21668	    120	   2112	  23900	   5d5c	STM32F334R8T6_RFM69_Transmitte_HAL.elf
Finished building: default.size.stdout
 
Finished building: STM32F334R8T6_RFM69_Transmitte_HAL.bin
 
Finished building: STM32F334R8T6_RFM69_Transmitte_HAL.list
 
21:57:26 **** Incremental Build of configuration Debug for project STM32F051R8T6_SPI_RFM69_Receiver ****
make -j4 all 
arm-none-eabi-size   STM32F051R8T6_SPI_RFM69_Receiver.elf 
   text	   data	    bss	    dec	    hex	filename
  21048	    120	   2096	  23264	   5ae0	STM32F051R8T6_SPI_RFM69_Receiver.elf
Finished building: default.size.stdout
 
21:57:27 **** Incremental Build of configuration Debug for project STM32F334R8T6_RFM69_Transmitte_HAL ****
make -j4 all 
arm-none-eabi-gcc "../Core/Src/main.c" -mcpu=cortex-m4 -std=gnu11 -g3 -DDEBUG -DUSE_HAL_DRIVER -DSTM32F334x8 -c -I../Core/Inc -I../Drivers/STM32F3xx_HAL_Driver/Inc -I../Drivers/STM32F3xx_HAL_Driver/Inc/Legacy -I../Drivers/CMSIS/Device/ST/STM32F3xx/Include -I../Drivers/CMSIS/Include -O0 -ffunction-sections -fdata-sections -Wall -fstack-usage -MMD -MP -MF"Core/Src/main.d" -MT"Core/Src/main.o" --specs=nano.specs -mfpu=fpv4-sp-d16 -mfloat-abi=hard -mthumb -o "Core/Src/main.o"
../Core/Src/main.c: In function 'main':
../Core/Src/main.c:113:11: warning: pointer targets in passing argument 1 of 'sprintf' differ in signedness [-Wpointer-sign]
  113 |   sprintf(TxBuffer, "Freq: %u Hz\r\n", rfm_freq);
      |           ^~~~~~~~
      |           |
      |           uint8_t * {aka unsigned char *}
In file included from ../Core/Inc/main.h:35,
                 from ../Core/Src/main.c:21:
c:\st\stm32cubeide_1.6.0\stm32cubeide\plugins\com.st.stm32cube.ide.mcu.externaltools.gnu-tools-for-stm32.9-2020-q2-update.win32_2.0.0.202105311346\tools\arm-none-eabi\include\stdio.h:244:14: note: expected 'char * restrict' but argument is of type 'uint8_t *' {aka 'unsigned char *'}
  244 | int sprintf (char *__restrict, const char *__restrict, ...)
      |              ^
../Core/Src/main.c:113:29: warning: format '%u' expects argument of type 'unsigned int', but argument 3 has type 'uint32_t' {aka 'long unsigned int'} [-Wformat=]
  113 |   sprintf(TxBuffer, "Freq: %u Hz\r\n", rfm_freq);
      |                            ~^          ~~~~~~~~
      |                             |          |
      |                             |          uint32_t {aka long unsigned int}
      |                             unsigned int
      |                            %lu
../Core/Src/main.c:114:59: warning: pointer targets in passing argument 1 of 'strlen' differ in signedness [-Wpointer-sign]
  114 |   HAL_UART_Transmit(&huart1, (uint8_t*) &TxBuffer, strlen(TxBuffer), 100);
      |                                                           ^~~~~~~~
      |                                                           |
      |                                                           uint8_t * {aka unsigned char *}
In file included from ../Core/Src/main.c:26:
c:\st\stm32cubeide_1.6.0\stm32cubeide\plugins\com.st.stm32cube.ide.mcu.externaltools.gnu-tools-for-stm32.9-2020-q2-update.win32_2.0.0.202105311346\tools\arm-none-eabi\include\string.h:41:17: note: expected 'const char *' but argument is of type 'uint8_t *' {aka 'unsigned char *'}
   41 | size_t  strlen (const char *);
      |                 ^~~~~~~~~~~~
../Core/Src/main.c:138:60: warning: pointer targets in passing argument 1 of 'strlen' differ in signedness [-Wpointer-sign]
  138 |    HAL_UART_Transmit(&huart1, (uint8_t*) &RxBuffer, strlen(RxBuffer),
      |                                                            ^~~~~~~~
      |                                                            |
      |                                                            uint8_t * {aka unsigned char *}
In file included from ../Core/Src/main.c:26:
c:\st\stm32cubeide_1.6.0\stm32cubeide\plugins\com.st.stm32cube.ide.mcu.externaltools.gnu-tools-for-stm32.9-2020-q2-update.win32_2.0.0.202105311346\tools\arm-none-eabi\include\string.h:41:17: note: expected 'const char *' but argument is of type 'uint8_t *' {aka 'unsigned char *'}
   41 | size_t  strlen (const char *);
      |                 ^~~~~~~~~~~~
../Core/Src/main.c:141:13: warning: pointer targets in passing argument 1 of 'sprintf' differ in signedness [-Wpointer-sign]
  141 |     sprintf(RxBuffer, "Data[%d]: 0x%X\r\n", i,
      |             ^~~~~~~~
      |             |
      |             uint8_t * {aka unsigned char *}
In file included from ../Core/Inc/main.h:35,
                 from ../Core/Src/main.c:21:
c:\st\stm32cubeide_1.6.0\stm32cubeide\plugins\com.st.stm32cube.ide.mcu.externaltools.gnu-tools-for-stm32.9-2020-q2-update.win32_2.0.0.202105311346\tools\arm-none-eabi\include\stdio.h:244:14: note: expected 'char * restrict' but argument is of type 'uint8_t *' {aka 'unsigned char *'}
  244 | int sprintf (char *__restrict, const char *__restrict, ...)
      |              ^
../Core/Src/main.c:144:14: warning: pointer targets in passing argument 1 of 'strlen' differ in signedness [-Wpointer-sign]
  144 |       strlen(RxBuffer), 100);
      |              ^~~~~~~~
      |              |
      |              uint8_t * {aka unsigned char *}
In file included from ../Core/Src/main.c:26:
c:\st\stm32cubeide_1.6.0\stm32cubeide\plugins\com.st.stm32cube.ide.mcu.externaltools.gnu-tools-for-stm32.9-2020-q2-update.win32_2.0.0.202105311346\tools\arm-none-eabi\include\string.h:41:17: note: expected 'const char *' but argument is of type 'uint8_t *' {aka 'unsigned char *'}
   41 | size_t  strlen (const char *);
      |                 ^~~~~~~~~~~~
arm-none-eabi-gcc -o "STM32F334R8T6_RFM69_Transmitte_HAL.elf" @"objects.list"   -mcpu=cortex-m4 -T"C:\STM32 workspace\STM32 RFM69 SPI TxRx\STM32F334R8T6_RFM69_Transmitte_HAL\STM32F334R8TX_FLASH.ld" --specs=nosys.specs -Wl,-Map="STM32F334R8T6_RFM69_Transmitte_HAL.map" -Wl,--gc-sections -static --specs=nano.specs -mfpu=fpv4-sp-d16 -mfloat-abi=hard -mthumb -Wl,--start-group -lc -lm -Wl,--end-group
Finished building target: STM32F334R8T6_RFM69_Transmitte_HAL.elf
 
arm-none-eabi-size   STM32F334R8T6_RFM69_Transmitte_HAL.elf 
arm-none-eabi-objdump -h -S  STM32F334R8T6_RFM69_Transmitte_HAL.elf  > "STM32F334R8T6_RFM69_Transmitte_HAL.list"
arm-none-eabi-objcopy  -O binary  STM32F334R8T6_RFM69_Transmitte_HAL.elf  "STM32F334R8T6_RFM69_Transmitte_HAL.bin"
   text	   data	    bss	    dec	    hex	filename
  21668	    120	   2112	  23900	   5d5c	STM32F334R8T6_RFM69_Transmitte_HAL.elf
Finished building: default.size.stdout
 
Finished building: STM32F334R8T6_RFM69_Transmitte_HAL.bin
 
Finished building: STM32F334R8T6_RFM69_Transmitte_HAL.list
 
21:58:47 **** Incremental Build of configuration Debug for project STM32F051R8T6_SPI_RFM69_Receiver ****
make -j4 all 
arm-none-eabi-size   STM32F051R8T6_SPI_RFM69_Receiver.elf 
   text	   data	    bss	    dec	    hex	filename
  21048	    120	   2096	  23264	   5ae0	STM32F051R8T6_SPI_RFM69_Receiver.elf
Finished building: default.size.stdout
 
21:58:48 **** Incremental Build of configuration Debug for project STM32F334R8T6_RFM69_Transmitte_HAL ****
make -j4 all 
arm-none-eabi-gcc "../Core/Src/main.c" -mcpu=cortex-m4 -std=gnu11 -g3 -DDEBUG -DUSE_HAL_DRIVER -DSTM32F334x8 -c -I../Core/Inc -I../Drivers/STM32F3xx_HAL_Driver/Inc -I../Drivers/STM32F3xx_HAL_Driver/Inc/Legacy -I../Drivers/CMSIS/Device/ST/STM32F3xx/Include -I../Drivers/CMSIS/Include -O0 -ffunction-sections -fdata-sections -Wall -fstack-usage -MMD -MP -MF"Core/Src/main.d" -MT"Core/Src/main.o" --specs=nano.specs -mfpu=fpv4-sp-d16 -mfloat-abi=hard -mthumb -o "Core/Src/main.o"
../Core/Src/main.c: In function 'main':
../Core/Src/main.c:113:11: warning: pointer targets in passing argument 1 of 'sprintf' differ in signedness [-Wpointer-sign]
  113 |   sprintf(TxBuffer, "Freq: %u Hz\r\n", rfm_freq);
      |           ^~~~~~~~
      |           |
      |           uint8_t * {aka unsigned char *}
In file included from ../Core/Inc/main.h:35,
                 from ../Core/Src/main.c:21:
c:\st\stm32cubeide_1.6.0\stm32cubeide\plugins\com.st.stm32cube.ide.mcu.externaltools.gnu-tools-for-stm32.9-2020-q2-update.win32_2.0.0.202105311346\tools\arm-none-eabi\include\stdio.h:244:14: note: expected 'char * restrict' but argument is of type 'uint8_t *' {aka 'unsigned char *'}
  244 | int sprintf (char *__restrict, const char *__restrict, ...)
      |              ^
../Core/Src/main.c:113:29: warning: format '%u' expects argument of type 'unsigned int', but argument 3 has type 'uint32_t' {aka 'long unsigned int'} [-Wformat=]
  113 |   sprintf(TxBuffer, "Freq: %u Hz\r\n", rfm_freq);
      |                            ~^          ~~~~~~~~
      |                             |          |
      |                             |          uint32_t {aka long unsigned int}
      |                             unsigned int
      |                            %lu
../Core/Src/main.c:114:59: warning: pointer targets in passing argument 1 of 'strlen' differ in signedness [-Wpointer-sign]
  114 |   HAL_UART_Transmit(&huart1, (uint8_t*) &TxBuffer, strlen(TxBuffer), 100);
      |                                                           ^~~~~~~~
      |                                                           |
      |                                                           uint8_t * {aka unsigned char *}
In file included from ../Core/Src/main.c:26:
c:\st\stm32cubeide_1.6.0\stm32cubeide\plugins\com.st.stm32cube.ide.mcu.externaltools.gnu-tools-for-stm32.9-2020-q2-update.win32_2.0.0.202105311346\tools\arm-none-eabi\include\string.h:41:17: note: expected 'const char *' but argument is of type 'uint8_t *' {aka 'unsigned char *'}
   41 | size_t  strlen (const char *);
      |                 ^~~~~~~~~~~~
../Core/Src/main.c:138:60: warning: pointer targets in passing argument 1 of 'strlen' differ in signedness [-Wpointer-sign]
  138 |    HAL_UART_Transmit(&huart1, (uint8_t*) &RxBuffer, strlen(RxBuffer),
      |                                                            ^~~~~~~~
      |                                                            |
      |                                                            uint8_t * {aka unsigned char *}
In file included from ../Core/Src/main.c:26:
c:\st\stm32cubeide_1.6.0\stm32cubeide\plugins\com.st.stm32cube.ide.mcu.externaltools.gnu-tools-for-stm32.9-2020-q2-update.win32_2.0.0.202105311346\tools\arm-none-eabi\include\string.h:41:17: note: expected 'const char *' but argument is of type 'uint8_t *' {aka 'unsigned char *'}
   41 | size_t  strlen (const char *);
      |                 ^~~~~~~~~~~~
../Core/Src/main.c:141:13: warning: pointer targets in passing argument 1 of 'sprintf' differ in signedness [-Wpointer-sign]
  141 |     sprintf(RxBuffer, "Data[%d]: 0x%X\r\n", i,
      |             ^~~~~~~~
      |             |
      |             uint8_t * {aka unsigned char *}
In file included from ../Core/Inc/main.h:35,
                 from ../Core/Src/main.c:21:
c:\st\stm32cubeide_1.6.0\stm32cubeide\plugins\com.st.stm32cube.ide.mcu.externaltools.gnu-tools-for-stm32.9-2020-q2-update.win32_2.0.0.202105311346\tools\arm-none-eabi\include\stdio.h:244:14: note: expected 'char * restrict' but argument is of type 'uint8_t *' {aka 'unsigned char *'}
  244 | int sprintf (char *__restrict, const char *__restrict, ...)
      |              ^
../Core/Src/main.c:144:14: warning: pointer targets in passing argument 1 of 'strlen' differ in signedness [-Wpointer-sign]
  144 |       strlen(RxBuffer), 100);
      |              ^~~~~~~~
      |              |
      |              uint8_t * {aka unsigned char *}
In file included from ../Core/Src/main.c:26:
c:\st\stm32cubeide_1.6.0\stm32cubeide\plugins\com.st.stm32cube.ide.mcu.externaltools.gnu-tools-for-stm32.9-2020-q2-update.win32_2.0.0.202105311346\tools\arm-none-eabi\include\string.h:41:17: note: expected 'const char *' but argument is of type 'uint8_t *' {aka 'unsigned char *'}
   41 | size_t  strlen (const char *);
      |                 ^~~~~~~~~~~~
../Core/Src/main.c:147:14: warning: pointer targets in passing argument 1 of 'sprintf' differ in signedness [-Wpointer-sign]
  147 |      sprintf(RxBuffer, "LED status: Enabled\r\n");
      |              ^~~~~~~~
      |              |
      |              uint8_t * {aka unsigned char *}
In file included from ../Core/Inc/main.h:35,
                 from ../Core/Src/main.c:21:
c:\st\stm32cubeide_1.6.0\stm32cubeide\plugins\com.st.stm32cube.ide.mcu.externaltools.gnu-tools-for-stm32.9-2020-q2-update.win32_2.0.0.202105311346\tools\arm-none-eabi\include\stdio.h:244:14: note: expected 'char * restrict' but argument is of type 'uint8_t *' {aka 'unsigned char *'}
  244 | int sprintf (char *__restrict, const char *__restrict, ...)
      |              ^
../Core/Src/main.c:149:19: warning: pointer targets in passing argument 1 of 'strlen' differ in signedness [-Wpointer-sign]
  149 |            strlen(RxBuffer), 100);
      |                   ^~~~~~~~
      |                   |
      |                   uint8_t * {aka unsigned char *}
In file included from ../Core/Src/main.c:26:
c:\st\stm32cubeide_1.6.0\stm32cubeide\plugins\com.st.stm32cube.ide.mcu.externaltools.gnu-tools-for-stm32.9-2020-q2-update.win32_2.0.0.202105311346\tools\arm-none-eabi\include\string.h:41:17: note: expected 'const char *' but argument is of type 'uint8_t *' {aka 'unsigned char *'}
   41 | size_t  strlen (const char *);
      |                 ^~~~~~~~~~~~
arm-none-eabi-gcc -o "STM32F334R8T6_RFM69_Transmitte_HAL.elf" @"objects.list"   -mcpu=cortex-m4 -T"C:\STM32 workspace\STM32 RFM69 SPI TxRx\STM32F334R8T6_RFM69_Transmitte_HAL\STM32F334R8TX_FLASH.ld" --specs=nosys.specs -Wl,-Map="STM32F334R8T6_RFM69_Transmitte_HAL.map" -Wl,--gc-sections -static --specs=nano.specs -mfpu=fpv4-sp-d16 -mfloat-abi=hard -mthumb -Wl,--start-group -lc -lm -Wl,--end-group
Finished building target: STM32F334R8T6_RFM69_Transmitte_HAL.elf
 
arm-none-eabi-size   STM32F334R8T6_RFM69_Transmitte_HAL.elf 
arm-none-eabi-objdump -h -S  STM32F334R8T6_RFM69_Transmitte_HAL.elf  > "STM32F334R8T6_RFM69_Transmitte_HAL.list"
arm-none-eabi-objcopy  -O binary  STM32F334R8T6_RFM69_Transmitte_HAL.elf  "STM32F334R8T6_RFM69_Transmitte_HAL.bin"
   text	   data	    bss	    dec	    hex	filename
  21740	    120	   2112	  23972	   5da4	STM32F334R8T6_RFM69_Transmitte_HAL.elf
Finished building: default.size.stdout
 
Finished building: STM32F334R8T6_RFM69_Transmitte_HAL.bin
 
Finished building: STM32F334R8T6_RFM69_Transmitte_HAL.list
 
21:59:14 **** Incremental Build of configuration Debug for project STM32F051R8T6_SPI_RFM69_Receiver ****
make -j4 all 
arm-none-eabi-size   STM32F051R8T6_SPI_RFM69_Receiver.elf 
   text	   data	    bss	    dec	    hex	filename
  21048	    120	   2096	  23264	   5ae0	STM32F051R8T6_SPI_RFM69_Receiver.elf
Finished building: default.size.stdout
 
21:59:14 **** Incremental Build of configuration Debug for project STM32F334R8T6_RFM69_Transmitte_HAL ****
make -j4 all 
arm-none-eabi-gcc "../Core/Src/main.c" -mcpu=cortex-m4 -std=gnu11 -g3 -DDEBUG -DUSE_HAL_DRIVER -DSTM32F334x8 -c -I../Core/Inc -I../Drivers/STM32F3xx_HAL_Driver/Inc -I../Drivers/STM32F3xx_HAL_Driver/Inc/Legacy -I../Drivers/CMSIS/Device/ST/STM32F3xx/Include -I../Drivers/CMSIS/Include -O0 -ffunction-sections -fdata-sections -Wall -fstack-usage -MMD -MP -MF"Core/Src/main.d" -MT"Core/Src/main.o" --specs=nano.specs -mfpu=fpv4-sp-d16 -mfloat-abi=hard -mthumb -o "Core/Src/main.o"
../Core/Src/main.c: In function 'main':
../Core/Src/main.c:113:11: warning: pointer targets in passing argument 1 of 'sprintf' differ in signedness [-Wpointer-sign]
  113 |   sprintf(TxBuffer, "Freq: %u Hz\r\n", rfm_freq);
      |           ^~~~~~~~
      |           |
      |           uint8_t * {aka unsigned char *}
In file included from ../Core/Inc/main.h:35,
                 from ../Core/Src/main.c:21:
c:\st\stm32cubeide_1.6.0\stm32cubeide\plugins\com.st.stm32cube.ide.mcu.externaltools.gnu-tools-for-stm32.9-2020-q2-update.win32_2.0.0.202105311346\tools\arm-none-eabi\include\stdio.h:244:14: note: expected 'char * restrict' but argument is of type 'uint8_t *' {aka 'unsigned char *'}
  244 | int sprintf (char *__restrict, const char *__restrict, ...)
      |              ^
../Core/Src/main.c:113:29: warning: format '%u' expects argument of type 'unsigned int', but argument 3 has type 'uint32_t' {aka 'long unsigned int'} [-Wformat=]
  113 |   sprintf(TxBuffer, "Freq: %u Hz\r\n", rfm_freq);
      |                            ~^          ~~~~~~~~
      |                             |          |
      |                             |          uint32_t {aka long unsigned int}
      |                             unsigned int
      |                            %lu
../Core/Src/main.c:114:59: warning: pointer targets in passing argument 1 of 'strlen' differ in signedness [-Wpointer-sign]
  114 |   HAL_UART_Transmit(&huart1, (uint8_t*) &TxBuffer, strlen(TxBuffer), 100);
      |                                                           ^~~~~~~~
      |                                                           |
      |                                                           uint8_t * {aka unsigned char *}
In file included from ../Core/Src/main.c:26:
c:\st\stm32cubeide_1.6.0\stm32cubeide\plugins\com.st.stm32cube.ide.mcu.externaltools.gnu-tools-for-stm32.9-2020-q2-update.win32_2.0.0.202105311346\tools\arm-none-eabi\include\string.h:41:17: note: expected 'const char *' but argument is of type 'uint8_t *' {aka 'unsigned char *'}
   41 | size_t  strlen (const char *);
      |                 ^~~~~~~~~~~~
../Core/Src/main.c:138:60: warning: pointer targets in passing argument 1 of 'strlen' differ in signedness [-Wpointer-sign]
  138 |    HAL_UART_Transmit(&huart1, (uint8_t*) &RxBuffer, strlen(RxBuffer),
      |                                                            ^~~~~~~~
      |                                                            |
      |                                                            uint8_t * {aka unsigned char *}
In file included from ../Core/Src/main.c:26:
c:\st\stm32cubeide_1.6.0\stm32cubeide\plugins\com.st.stm32cube.ide.mcu.externaltools.gnu-tools-for-stm32.9-2020-q2-update.win32_2.0.0.202105311346\tools\arm-none-eabi\include\string.h:41:17: note: expected 'const char *' but argument is of type 'uint8_t *' {aka 'unsigned char *'}
   41 | size_t  strlen (const char *);
      |                 ^~~~~~~~~~~~
../Core/Src/main.c:141:13: warning: pointer targets in passing argument 1 of 'sprintf' differ in signedness [-Wpointer-sign]
  141 |     sprintf(RxBuffer, "Data[%d]: 0x%X\r\n", i,
      |             ^~~~~~~~
      |             |
      |             uint8_t * {aka unsigned char *}
In file included from ../Core/Inc/main.h:35,
                 from ../Core/Src/main.c:21:
c:\st\stm32cubeide_1.6.0\stm32cubeide\plugins\com.st.stm32cube.ide.mcu.externaltools.gnu-tools-for-stm32.9-2020-q2-update.win32_2.0.0.202105311346\tools\arm-none-eabi\include\stdio.h:244:14: note: expected 'char * restrict' but argument is of type 'uint8_t *' {aka 'unsigned char *'}
  244 | int sprintf (char *__restrict, const char *__restrict, ...)
      |              ^
../Core/Src/main.c:144:14: warning: pointer targets in passing argument 1 of 'strlen' differ in signedness [-Wpointer-sign]
  144 |       strlen(RxBuffer), 100);
      |              ^~~~~~~~
      |              |
      |              uint8_t * {aka unsigned char *}
In file included from ../Core/Src/main.c:26:
c:\st\stm32cubeide_1.6.0\stm32cubeide\plugins\com.st.stm32cube.ide.mcu.externaltools.gnu-tools-for-stm32.9-2020-q2-update.win32_2.0.0.202105311346\tools\arm-none-eabi\include\string.h:41:17: note: expected 'const char *' but argument is of type 'uint8_t *' {aka 'unsigned char *'}
   41 | size_t  strlen (const char *);
      |                 ^~~~~~~~~~~~
../Core/Src/main.c:147:14: warning: pointer targets in passing argument 1 of 'sprintf' differ in signedness [-Wpointer-sign]
  147 |      sprintf(RxBuffer, "LED status: Enabled\r\n");
      |              ^~~~~~~~
      |              |
      |              uint8_t * {aka unsigned char *}
In file included from ../Core/Inc/main.h:35,
                 from ../Core/Src/main.c:21:
c:\st\stm32cubeide_1.6.0\stm32cubeide\plugins\com.st.stm32cube.ide.mcu.externaltools.gnu-tools-for-stm32.9-2020-q2-update.win32_2.0.0.202105311346\tools\arm-none-eabi\include\stdio.h:244:14: note: expected 'char * restrict' but argument is of type 'uint8_t *' {aka 'unsigned char *'}
  244 | int sprintf (char *__restrict, const char *__restrict, ...)
      |              ^
../Core/Src/main.c:149:19: warning: pointer targets in passing argument 1 of 'strlen' differ in signedness [-Wpointer-sign]
  149 |            strlen(RxBuffer), 100);
      |                   ^~~~~~~~
      |                   |
      |                   uint8_t * {aka unsigned char *}
In file included from ../Core/Src/main.c:26:
c:\st\stm32cubeide_1.6.0\stm32cubeide\plugins\com.st.stm32cube.ide.mcu.externaltools.gnu-tools-for-stm32.9-2020-q2-update.win32_2.0.0.202105311346\tools\arm-none-eabi\include\string.h:41:17: note: expected 'const char *' but argument is of type 'uint8_t *' {aka 'unsigned char *'}
   41 | size_t  strlen (const char *);
      |                 ^~~~~~~~~~~~
../Core/Src/main.c:153:18: warning: pointer targets in passing argument 1 of 'sprintf' differ in signedness [-Wpointer-sign]
  153 |          sprintf(RxBuffer, "LED status: Disabled\r\n");
      |                  ^~~~~~~~
      |                  |
      |                  uint8_t * {aka unsigned char *}
In file included from ../Core/Inc/main.h:35,
                 from ../Core/Src/main.c:21:
c:\st\stm32cubeide_1.6.0\stm32cubeide\plugins\com.st.stm32cube.ide.mcu.externaltools.gnu-tools-for-stm32.9-2020-q2-update.win32_2.0.0.202105311346\tools\arm-none-eabi\include\stdio.h:244:14: note: expected 'char * restrict' but argument is of type 'uint8_t *' {aka 'unsigned char *'}
  244 | int sprintf (char *__restrict, const char *__restrict, ...)
      |              ^
../Core/Src/main.c:155:23: warning: pointer targets in passing argument 1 of 'strlen' differ in signedness [-Wpointer-sign]
  155 |                strlen(RxBuffer), 100);
      |                       ^~~~~~~~
      |                       |
      |                       uint8_t * {aka unsigned char *}
In file included from ../Core/Src/main.c:26:
c:\st\stm32cubeide_1.6.0\stm32cubeide\plugins\com.st.stm32cube.ide.mcu.externaltools.gnu-tools-for-stm32.9-2020-q2-update.win32_2.0.0.202105311346\tools\arm-none-eabi\include\string.h:41:17: note: expected 'const char *' but argument is of type 'uint8_t *' {aka 'unsigned char *'}
   41 | size_t  strlen (const char *);
      |                 ^~~~~~~~~~~~
arm-none-eabi-gcc -o "STM32F334R8T6_RFM69_Transmitte_HAL.elf" @"objects.list"   -mcpu=cortex-m4 -T"C:\STM32 workspace\STM32 RFM69 SPI TxRx\STM32F334R8T6_RFM69_Transmitte_HAL\STM32F334R8TX_FLASH.ld" --specs=nosys.specs -Wl,-Map="STM32F334R8T6_RFM69_Transmitte_HAL.map" -Wl,--gc-sections -static --specs=nano.specs -mfpu=fpv4-sp-d16 -mfloat-abi=hard -mthumb -Wl,--start-group -lc -lm -Wl,--end-group
Finished building target: STM32F334R8T6_RFM69_Transmitte_HAL.elf
 
arm-none-eabi-size   STM32F334R8T6_RFM69_Transmitte_HAL.elf 
arm-none-eabi-objdump -h -S  STM32F334R8T6_RFM69_Transmitte_HAL.elf  > "STM32F334R8T6_RFM69_Transmitte_HAL.list"
arm-none-eabi-objcopy  -O binary  STM32F334R8T6_RFM69_Transmitte_HAL.elf  "STM32F334R8T6_RFM69_Transmitte_HAL.bin"
   text	   data	    bss	    dec	    hex	filename
  21812	    120	   2112	  24044	   5dec	STM32F334R8T6_RFM69_Transmitte_HAL.elf
Finished building: default.size.stdout
 
Finished building: STM32F334R8T6_RFM69_Transmitte_HAL.bin
 
Finished building: STM32F334R8T6_RFM69_Transmitte_HAL.list
 
21:59:29 **** Incremental Build of configuration Debug for project STM32F334R8T6_RFM69_Transmitte_HAL ****
make -j4 all 
arm-none-eabi-size   STM32F334R8T6_RFM69_Transmitte_HAL.elf 
   text	   data	    bss	    dec	    hex	filename
  21812	    120	   2112	  24044	   5dec	STM32F334R8T6_RFM69_Transmitte_HAL.elf
Finished building: default.size.stdout
 
22:04:44 **** Incremental Build of configuration Debug for project STM32F051R8T6_SPI_RFM69_Receiver ****
make -j4 all 
arm-none-eabi-gcc "../Core/Src/main.c" -mcpu=cortex-m0 -std=gnu11 -g3 -DDEBUG -DUSE_HAL_DRIVER -DSTM32F051x8 -c -I../Core/Inc -I../Drivers/STM32F0xx_HAL_Driver/Inc -I../Drivers/STM32F0xx_HAL_Driver/Inc/Legacy -I../Drivers/CMSIS/Device/ST/STM32F0xx/Include -I../Drivers/CMSIS/Include -O0 -ffunction-sections -fdata-sections -Wall -fstack-usage -MMD -MP -MF"Core/Src/main.d" -MT"Core/Src/main.o" --specs=nano.specs -mfloat-abi=soft -mthumb -o "Core/Src/main.o"
../Core/Src/main.c: In function 'main':
../Core/Src/main.c:144:16: warning: suggest parentheses around assignment used as truth value [-Wparentheses]
  144 |             if(receive_data.data[LED_CTRL_CMD_POS] = 0x01){
      |                ^~~~~~~~~~~~
../Core/Src/main.c:119:10: warning: unused variable 'flag' [-Wunused-variable]
  119 |     bool flag;
      |          ^~~~
arm-none-eabi-gcc -o "STM32F051R8T6_SPI_RFM69_Receiver.elf" @"objects.list"   -mcpu=cortex-m0 -T"C:\STM32 workspace\STM32 RFM69 SPI TxRx\STM32F051R8T6_SPI_RFM69_Transmitter\STM32F051R8TX_FLASH.ld" --specs=nosys.specs -Wl,-Map="STM32F051R8T6_SPI_RFM69_Receiver.map" -Wl,--gc-sections -static --specs=nano.specs -mfloat-abi=soft -mthumb -Wl,--start-group -lc -lm -Wl,--end-group
Finished building target: STM32F051R8T6_SPI_RFM69_Receiver.elf
 
arm-none-eabi-size   STM32F051R8T6_SPI_RFM69_Receiver.elf 
arm-none-eabi-objdump -h -S  STM32F051R8T6_SPI_RFM69_Receiver.elf  > "STM32F051R8T6_SPI_RFM69_Receiver.list"
arm-none-eabi-objcopy  -O binary  STM32F051R8T6_SPI_RFM69_Receiver.elf  "STM32F051R8T6_SPI_RFM69_Receiver.bin"
   text	   data	    bss	    dec	    hex	filename
  21048	    120	   2096	  23264	   5ae0	STM32F051R8T6_SPI_RFM69_Receiver.elf
Finished building: default.size.stdout
 
Finished building: STM32F051R8T6_SPI_RFM69_Receiver.bin
 
Finished building: STM32F051R8T6_SPI_RFM69_Receiver.list
 
22:04:58 **** Incremental Build of configuration Debug for project STM32F051R8T6_SPI_RFM69_Receiver ****
make -j4 all 
arm-none-eabi-gcc "../Core/Src/main.c" -mcpu=cortex-m0 -std=gnu11 -g3 -DDEBUG -DUSE_HAL_DRIVER -DSTM32F051x8 -c -I../Core/Inc -I../Drivers/STM32F0xx_HAL_Driver/Inc -I../Drivers/STM32F0xx_HAL_Driver/Inc/Legacy -I../Drivers/CMSIS/Device/ST/STM32F0xx/Include -I../Drivers/CMSIS/Include -O0 -ffunction-sections -fdata-sections -Wall -fstack-usage -MMD -MP -MF"Core/Src/main.d" -MT"Core/Src/main.o" --specs=nano.specs -mfloat-abi=soft -mthumb -o "Core/Src/main.o"
../Core/Src/main.c: In function 'main':
../Core/Src/main.c:144:16: warning: suggest parentheses around assignment used as truth value [-Wparentheses]
  144 |             if(receive_data.data[LED_CTRL_CMD_POS] = 0x01){
      |                ^~~~~~~~~~~~
../Core/Src/main.c:119:10: warning: unused variable 'led_state' [-Wunused-variable]
  119 |     bool led_state = true;
      |          ^~~~~~~~~
arm-none-eabi-gcc -o "STM32F051R8T6_SPI_RFM69_Receiver.elf" @"objects.list"   -mcpu=cortex-m0 -T"C:\STM32 workspace\STM32 RFM69 SPI TxRx\STM32F051R8T6_SPI_RFM69_Transmitter\STM32F051R8TX_FLASH.ld" --specs=nosys.specs -Wl,-Map="STM32F051R8T6_SPI_RFM69_Receiver.map" -Wl,--gc-sections -static --specs=nano.specs -mfloat-abi=soft -mthumb -Wl,--start-group -lc -lm -Wl,--end-group
Finished building target: STM32F051R8T6_SPI_RFM69_Receiver.elf
 
arm-none-eabi-size   STM32F051R8T6_SPI_RFM69_Receiver.elf 
arm-none-eabi-objdump -h -S  STM32F051R8T6_SPI_RFM69_Receiver.elf  > "STM32F051R8T6_SPI_RFM69_Receiver.list"
arm-none-eabi-objcopy  -O binary  STM32F051R8T6_SPI_RFM69_Receiver.elf  "STM32F051R8T6_SPI_RFM69_Receiver.bin"
   text	   data	    bss	    dec	    hex	filename
  21056	    120	   2096	  23272	   5ae8	STM32F051R8T6_SPI_RFM69_Receiver.elf
Finished building: default.size.stdout
 
Finished building: STM32F051R8T6_SPI_RFM69_Receiver.bin
 
Finished building: STM32F051R8T6_SPI_RFM69_Receiver.list
 
22:05:17 **** Incremental Build of configuration Debug for project STM32F051R8T6_SPI_RFM69_Receiver ****
make -j4 all 
arm-none-eabi-gcc "../Core/Src/main.c" -mcpu=cortex-m0 -std=gnu11 -g3 -DDEBUG -DUSE_HAL_DRIVER -DSTM32F051x8 -c -I../Core/Inc -I../Drivers/STM32F0xx_HAL_Driver/Inc -I../Drivers/STM32F0xx_HAL_Driver/Inc/Legacy -I../Drivers/CMSIS/Device/ST/STM32F0xx/Include -I../Drivers/CMSIS/Include -O0 -ffunction-sections -fdata-sections -Wall -fstack-usage -MMD -MP -MF"Core/Src/main.d" -MT"Core/Src/main.o" --specs=nano.specs -mfloat-abi=soft -mthumb -o "Core/Src/main.o"
../Core/Src/main.c: In function 'main':
../Core/Src/main.c:144:16: warning: suggest parentheses around assignment used as truth value [-Wparentheses]
  144 |             if(receive_data.data[LED_CTRL_CMD_POS] = 0x01){
      |                ^~~~~~~~~~~~
arm-none-eabi-gcc -o "STM32F051R8T6_SPI_RFM69_Receiver.elf" @"objects.list"   -mcpu=cortex-m0 -T"C:\STM32 workspace\STM32 RFM69 SPI TxRx\STM32F051R8T6_SPI_RFM69_Transmitter\STM32F051R8TX_FLASH.ld" --specs=nosys.specs -Wl,-Map="STM32F051R8T6_SPI_RFM69_Receiver.map" -Wl,--gc-sections -static --specs=nano.specs -mfloat-abi=soft -mthumb -Wl,--start-group -lc -lm -Wl,--end-group
Finished building target: STM32F051R8T6_SPI_RFM69_Receiver.elf
 
arm-none-eabi-size   STM32F051R8T6_SPI_RFM69_Receiver.elf 
arm-none-eabi-objdump -h -S  STM32F051R8T6_SPI_RFM69_Receiver.elf  > "STM32F051R8T6_SPI_RFM69_Receiver.list"
arm-none-eabi-objcopy  -O binary  STM32F051R8T6_SPI_RFM69_Receiver.elf  "STM32F051R8T6_SPI_RFM69_Receiver.bin"
   text	   data	    bss	    dec	    hex	filename
  21064	    120	   2096	  23280	   5af0	STM32F051R8T6_SPI_RFM69_Receiver.elf
Finished building: default.size.stdout
 
Finished building: STM32F051R8T6_SPI_RFM69_Receiver.bin
 
Finished building: STM32F051R8T6_SPI_RFM69_Receiver.list
 
22:06:16 **** Incremental Build of configuration Debug for project STM32F051R8T6_SPI_RFM69_Receiver ****
make -j4 all 
arm-none-eabi-gcc "../Core/Src/main.c" -mcpu=cortex-m0 -std=gnu11 -g3 -DDEBUG -DUSE_HAL_DRIVER -DSTM32F051x8 -c -I../Core/Inc -I../Drivers/STM32F0xx_HAL_Driver/Inc -I../Drivers/STM32F0xx_HAL_Driver/Inc/Legacy -I../Drivers/CMSIS/Device/ST/STM32F0xx/Include -I../Drivers/CMSIS/Include -O0 -ffunction-sections -fdata-sections -Wall -fstack-usage -MMD -MP -MF"Core/Src/main.d" -MT"Core/Src/main.o" --specs=nano.specs -mfloat-abi=soft -mthumb -o "Core/Src/main.o"
../Core/Src/main.c: In function 'main':
../Core/Src/main.c:144:16: warning: suggest parentheses around assignment used as truth value [-Wparentheses]
  144 |             if(receive_data.data[LED_CTRL_CMD_POS] = 0x01){
      |                ^~~~~~~~~~~~
../Core/Src/main.c:146:24: warning: self-comparison always evaluates to false [-Wtautological-compare]
  146 |              led_state != led_state;
      |                        ^~
../Core/Src/main.c:146:14: warning: statement with no effect [-Wunused-value]
  146 |              led_state != led_state;
      |              ^~~~~~~~~
arm-none-eabi-gcc -o "STM32F051R8T6_SPI_RFM69_Receiver.elf" @"objects.list"   -mcpu=cortex-m0 -T"C:\STM32 workspace\STM32 RFM69 SPI TxRx\STM32F051R8T6_SPI_RFM69_Transmitter\STM32F051R8TX_FLASH.ld" --specs=nosys.specs -Wl,-Map="STM32F051R8T6_SPI_RFM69_Receiver.map" -Wl,--gc-sections -static --specs=nano.specs -mfloat-abi=soft -mthumb -Wl,--start-group -lc -lm -Wl,--end-group
Finished building target: STM32F051R8T6_SPI_RFM69_Receiver.elf
 
arm-none-eabi-size   STM32F051R8T6_SPI_RFM69_Receiver.elf 
arm-none-eabi-objdump -h -S  STM32F051R8T6_SPI_RFM69_Receiver.elf  > "STM32F051R8T6_SPI_RFM69_Receiver.list"
arm-none-eabi-objcopy  -O binary  STM32F051R8T6_SPI_RFM69_Receiver.elf  "STM32F051R8T6_SPI_RFM69_Receiver.bin"
   text	   data	    bss	    dec	    hex	filename
  21056	    120	   2096	  23272	   5ae8	STM32F051R8T6_SPI_RFM69_Receiver.elf
Finished building: default.size.stdout
 
Finished building: STM32F051R8T6_SPI_RFM69_Receiver.bin
 
Finished building: STM32F051R8T6_SPI_RFM69_Receiver.list
 
22:07:33 **** Incremental Build of configuration Debug for project STM32F051R8T6_SPI_RFM69_Receiver ****
make -j4 all 
arm-none-eabi-gcc "../Core/Src/main.c" -mcpu=cortex-m0 -std=gnu11 -g3 -DDEBUG -DUSE_HAL_DRIVER -DSTM32F051x8 -c -I../Core/Inc -I../Drivers/STM32F0xx_HAL_Driver/Inc -I../Drivers/STM32F0xx_HAL_Driver/Inc/Legacy -I../Drivers/CMSIS/Device/ST/STM32F0xx/Include -I../Drivers/CMSIS/Include -O0 -ffunction-sections -fdata-sections -Wall -fstack-usage -MMD -MP -MF"Core/Src/main.d" -MT"Core/Src/main.o" --specs=nano.specs -mfloat-abi=soft -mthumb -o "Core/Src/main.o"
../Core/Src/main.c: In function 'main':
../Core/Src/main.c:144:16: warning: suggest parentheses around assignment used as truth value [-Wparentheses]
  144 |             if(receive_data.data[LED_CTRL_CMD_POS] = 0x01){
      |                ^~~~~~~~~~~~
../Core/Src/main.c:148:15: warning: implicit declaration of function 'send' [-Wimplicit-function-declaration]
  148 |               send(GATEWAYID, (uint8_t*) &data_to_transmit, sizeof(data_to_transmit),
      |               ^~~~
../Core/Src/main.c:148:20: error: 'GATEWAYID' undeclared (first use in this function)
  148 |               send(GATEWAYID, (uint8_t*) &data_to_transmit, sizeof(data_to_transmit),
      |                    ^~~~~~~~~
../Core/Src/main.c:148:20: note: each undeclared identifier is reported only once for each function it appears in
../Core/Src/main.c:119:10: warning: unused variable 'led_state' [-Wunused-variable]
  119 |     bool led_state = true;
      |          ^~~~~~~~~
make: *** [Core/Src/subdir.mk:37: Core/Src/main.o] Error 1
"make -j4 all" terminated with exit code 2. Build might be incomplete.
22:08:17 **** Incremental Build of configuration Debug for project STM32F051R8T6_SPI_RFM69_Receiver ****
make -j4 all 
arm-none-eabi-gcc "../Core/Src/main.c" -mcpu=cortex-m0 -std=gnu11 -g3 -DDEBUG -DUSE_HAL_DRIVER -DSTM32F051x8 -c -I../Core/Inc -I../Drivers/STM32F0xx_HAL_Driver/Inc -I../Drivers/STM32F0xx_HAL_Driver/Inc/Legacy -I../Drivers/CMSIS/Device/ST/STM32F0xx/Include -I../Drivers/CMSIS/Include -O0 -ffunction-sections -fdata-sections -Wall -fstack-usage -MMD -MP -MF"Core/Src/main.d" -MT"Core/Src/main.o" --specs=nano.specs -mfloat-abi=soft -mthumb -o "Core/Src/main.o"
../Core/Src/main.c: In function 'main':
../Core/Src/main.c:144:16: warning: suggest parentheses around assignment used as truth value [-Wparentheses]
  144 |             if(receive_data.data[LED_CTRL_CMD_POS] = 0x01){
      |                ^~~~~~~~~~~~
../Core/Src/main.c:148:15: warning: implicit declaration of function 'send' [-Wimplicit-function-declaration]
  148 |               send(0xCB, (uint8_t*) &data_to_transmit, sizeof(data_to_transmit),
      |               ^~~~
../Core/Src/main.c:119:10: warning: unused variable 'led_state' [-Wunused-variable]
  119 |     bool led_state = true;
      |          ^~~~~~~~~
arm-none-eabi-gcc -o "STM32F051R8T6_SPI_RFM69_Receiver.elf" @"objects.list"   -mcpu=cortex-m0 -T"C:\STM32 workspace\STM32 RFM69 SPI TxRx\STM32F051R8T6_SPI_RFM69_Transmitter\STM32F051R8TX_FLASH.ld" --specs=nosys.specs -Wl,-Map="STM32F051R8T6_SPI_RFM69_Receiver.map" -Wl,--gc-sections -static --specs=nano.specs -mfloat-abi=soft -mthumb -Wl,--start-group -lc -lm -Wl,--end-group
Finished building target: STM32F051R8T6_SPI_RFM69_Receiver.elf
 
arm-none-eabi-size   STM32F051R8T6_SPI_RFM69_Receiver.elf 
arm-none-eabi-objdump -h -S  STM32F051R8T6_SPI_RFM69_Receiver.elf  > "STM32F051R8T6_SPI_RFM69_Receiver.list"
arm-none-eabi-objcopy  -O binary  STM32F051R8T6_SPI_RFM69_Receiver.elf  "STM32F051R8T6_SPI_RFM69_Receiver.bin"
   text	   data	    bss	    dec	    hex	filename
  21380	    120	   2096	  23596	   5c2c	STM32F051R8T6_SPI_RFM69_Receiver.elf
Finished building: default.size.stdout
 
Finished building: STM32F051R8T6_SPI_RFM69_Receiver.bin
 
Finished building: STM32F051R8T6_SPI_RFM69_Receiver.list
 
22:08:18 **** Incremental Build of configuration Debug for project STM32F334R8T6_RFM69_Transmitte_HAL ****
make -j4 all 
arm-none-eabi-size   STM32F334R8T6_RFM69_Transmitte_HAL.elf 
   text	   data	    bss	    dec	    hex	filename
  21812	    120	   2112	  24044	   5dec	STM32F334R8T6_RFM69_Transmitte_HAL.elf
Finished building: default.size.stdout
 
22:08:51 **** Incremental Build of configuration Debug for project STM32F051R8T6_SPI_RFM69_Receiver ****
make -j4 all 
arm-none-eabi-size   STM32F051R8T6_SPI_RFM69_Receiver.elf 
   text	   data	    bss	    dec	    hex	filename
  21380	    120	   2096	  23596	   5c2c	STM32F051R8T6_SPI_RFM69_Receiver.elf
Finished building: default.size.stdout
 
22:08:57 **** Incremental Build of configuration Debug for project STM32F051R8T6_SPI_RFM69_Receiver ****
make -j4 all 
arm-none-eabi-size   STM32F051R8T6_SPI_RFM69_Receiver.elf 
   text	   data	    bss	    dec	    hex	filename
  21380	    120	   2096	  23596	   5c2c	STM32F051R8T6_SPI_RFM69_Receiver.elf
Finished building: default.size.stdout
 
22:11:29 **** Incremental Build of configuration Debug for project STM32F051R8T6_SPI_RFM69_Receiver ****
make -j4 all 
arm-none-eabi-gcc "../Core/Src/main.c" -mcpu=cortex-m0 -std=gnu11 -g3 -DDEBUG -DUSE_HAL_DRIVER -DSTM32F051x8 -c -I../Core/Inc -I../Drivers/STM32F0xx_HAL_Driver/Inc -I../Drivers/STM32F0xx_HAL_Driver/Inc/Legacy -I../Drivers/CMSIS/Device/ST/STM32F0xx/Include -I../Drivers/CMSIS/Include -O0 -ffunction-sections -fdata-sections -Wall -fstack-usage -MMD -MP -MF"Core/Src/main.d" -MT"Core/Src/main.o" --specs=nano.specs -mfloat-abi=soft -mthumb -o "Core/Src/main.o"
../Core/Src/main.c: In function 'main':
../Core/Src/main.c:145:16: warning: suggest parentheses around assignment used as truth value [-Wparentheses]
  145 |             if(receive_data.data[LED_CTRL_CMD_POS] = 0x01){
      |                ^~~~~~~~~~~~
../Core/Src/main.c:149:15: warning: implicit declaration of function 'send' [-Wimplicit-function-declaration]
  149 |               send(0xCB, (uint8_t*) &data_to_transmit, sizeof(data_to_transmit),
      |               ^~~~
../Core/Src/main.c:119:10: warning: unused variable 'led_state' [-Wunused-variable]
  119 |     bool led_state = true;
      |          ^~~~~~~~~
arm-none-eabi-gcc -o "STM32F051R8T6_SPI_RFM69_Receiver.elf" @"objects.list"   -mcpu=cortex-m0 -T"C:\STM32 workspace\STM32 RFM69 SPI TxRx\STM32F051R8T6_SPI_RFM69_Transmitter\STM32F051R8TX_FLASH.ld" --specs=nosys.specs -Wl,-Map="STM32F051R8T6_SPI_RFM69_Receiver.map" -Wl,--gc-sections -static --specs=nano.specs -mfloat-abi=soft -mthumb -Wl,--start-group -lc -lm -Wl,--end-group
Finished building target: STM32F051R8T6_SPI_RFM69_Receiver.elf
 
arm-none-eabi-size   STM32F051R8T6_SPI_RFM69_Receiver.elf 
arm-none-eabi-objdump -h -S  STM32F051R8T6_SPI_RFM69_Receiver.elf  > "STM32F051R8T6_SPI_RFM69_Receiver.list"
arm-none-eabi-objcopy  -O binary  STM32F051R8T6_SPI_RFM69_Receiver.elf  "STM32F051R8T6_SPI_RFM69_Receiver.bin"
   text	   data	    bss	    dec	    hex	filename
  21380	    120	   2096	  23596	   5c2c	STM32F051R8T6_SPI_RFM69_Receiver.elf
Finished building: default.size.stdout
 
Finished building: STM32F051R8T6_SPI_RFM69_Receiver.bin
 
Finished building: STM32F051R8T6_SPI_RFM69_Receiver.list
 
22:11:31 **** Incremental Build of configuration Debug for project STM32F334R8T6_RFM69_Transmitte_HAL ****
make -j4 all 
arm-none-eabi-size   STM32F334R8T6_RFM69_Transmitte_HAL.elf 
   text	   data	    bss	    dec	    hex	filename
  21812	    120	   2112	  24044	   5dec	STM32F334R8T6_RFM69_Transmitte_HAL.elf
Finished building: default.size.stdout
 
22:11:49 **** Incremental Build of configuration Debug for project STM32F051R8T6_SPI_RFM69_Receiver ****
make -j4 all 
arm-none-eabi-size   STM32F051R8T6_SPI_RFM69_Receiver.elf 
   text	   data	    bss	    dec	    hex	filename
  21380	    120	   2096	  23596	   5c2c	STM32F051R8T6_SPI_RFM69_Receiver.elf
Finished building: default.size.stdout
 
22:14:38 **** Incremental Build of configuration Debug for project STM32F334R8T6_RFM69_Transmitte_HAL ****
make -j4 all 
arm-none-eabi-gcc "../Core/Src/main.c" -mcpu=cortex-m4 -std=gnu11 -g3 -DDEBUG -DUSE_HAL_DRIVER -DSTM32F334x8 -c -I../Core/Inc -I../Drivers/STM32F3xx_HAL_Driver/Inc -I../Drivers/STM32F3xx_HAL_Driver/Inc/Legacy -I../Drivers/CMSIS/Device/ST/STM32F3xx/Include -I../Drivers/CMSIS/Include -O0 -ffunction-sections -fdata-sections -Wall -fstack-usage -MMD -MP -MF"Core/Src/main.d" -MT"Core/Src/main.o" --specs=nano.specs -mfpu=fpv4-sp-d16 -mfloat-abi=hard -mthumb -o "Core/Src/main.o"
../Core/Src/main.c: In function 'main':
../Core/Src/main.c:113:11: warning: pointer targets in passing argument 1 of 'sprintf' differ in signedness [-Wpointer-sign]
  113 |   sprintf(TxBuffer, "Freq: %u Hz\r\n", rfm_freq);
      |           ^~~~~~~~
      |           |
      |           uint8_t * {aka unsigned char *}
In file included from ../Core/Inc/main.h:35,
                 from ../Core/Src/main.c:21:
c:\st\stm32cubeide_1.6.0\stm32cubeide\plugins\com.st.stm32cube.ide.mcu.externaltools.gnu-tools-for-stm32.9-2020-q2-update.win32_2.0.0.202105311346\tools\arm-none-eabi\include\stdio.h:244:14: note: expected 'char * restrict' but argument is of type 'uint8_t *' {aka 'unsigned char *'}
  244 | int sprintf (char *__restrict, const char *__restrict, ...)
      |              ^
../Core/Src/main.c:113:29: warning: format '%u' expects argument of type 'unsigned int', but argument 3 has type 'uint32_t' {aka 'long unsigned int'} [-Wformat=]
  113 |   sprintf(TxBuffer, "Freq: %u Hz\r\n", rfm_freq);
[...]
make -j4 all 
arm-none-eabi-size   STM32F051R8T6_Device.elf 
   text	   data	    bss	    dec	    hex	filename
  19744	    120	   2096	  21960	   55c8	STM32F051R8T6_Device.elf
Finished building: default.size.stdout
 
22:03:54 **** Incremental Build of configuration Debug for project STM32F334R8T6_RFM69_Transmitte_HAL ****
make -j4 all 
arm-none-eabi-gcc "../Core/Src/main.c" -mcpu=cortex-m4 -std=gnu11 -g3 -DDEBUG -DUSE_HAL_DRIVER -DSTM32F334x8 -c -I../Core/Inc -I../Drivers/STM32F3xx_HAL_Driver/Inc -I../Drivers/STM32F3xx_HAL_Driver/Inc/Legacy -I../Drivers/CMSIS/Device/ST/STM32F3xx/Include -I../Drivers/CMSIS/Include -O0 -ffunction-sections -fdata-sections -Wall -fstack-usage -MMD -MP -MF"Core/Src/main.d" -MT"Core/Src/main.o" --specs=nano.specs -mfpu=fpv4-sp-d16 -mfloat-abi=hard -mthumb -o "Core/Src/main.o"
../Core/Src/main.c: In function 'main':
../Core/Src/main.c:111:11: warning: pointer targets in passing argument 1 of 'sprintf' differ in signedness [-Wpointer-sign]
  111 |   sprintf(TxBuffer, "Freq: %u Hz\r\n", rfm_freq);
      |           ^~~~~~~~
      |           |
      |           uint8_t * {aka unsigned char *}
In file included from ../Core/Inc/main.h:35,
                 from ../Core/Src/main.c:21:
c:\st\stm32cubeide_1.6.0\stm32cubeide\plugins\com.st.stm32cube.ide.mcu.externaltools.gnu-tools-for-stm32.9-2020-q2-update.win32_2.0.0.202105311346\tools\arm-none-eabi\include\stdio.h:244:14: note: expected 'char * restrict' but argument is of type 'uint8_t *' {aka 'unsigned char *'}
  244 | int sprintf (char *__restrict, const char *__restrict, ...)
      |              ^
../Core/Src/main.c:111:29: warning: format '%u' expects argument of type 'unsigned int', but argument 3 has type 'uint32_t' {aka 'long unsigned int'} [-Wformat=]
  111 |   sprintf(TxBuffer, "Freq: %u Hz\r\n", rfm_freq);
      |                            ~^          ~~~~~~~~
      |                             |          |
      |                             |          uint32_t {aka long unsigned int}
      |                             unsigned int
      |                            %lu
../Core/Src/main.c:112:59: warning: pointer targets in passing argument 1 of 'strlen' differ in signedness [-Wpointer-sign]
  112 |   HAL_UART_Transmit(&huart1, (uint8_t*) &TxBuffer, strlen(TxBuffer), 100);
      |                                                           ^~~~~~~~
      |                                                           |
      |                                                           uint8_t * {aka unsigned char *}
In file included from ../Core/Src/main.c:26:
c:\st\stm32cubeide_1.6.0\stm32cubeide\plugins\com.st.stm32cube.ide.mcu.externaltools.gnu-tools-for-stm32.9-2020-q2-update.win32_2.0.0.202105311346\tools\arm-none-eabi\include\string.h:41:17: note: expected 'const char *' but argument is of type 'uint8_t *' {aka 'unsigned char *'}
   41 | size_t  strlen (const char *);
      |                 ^~~~~~~~~~~~
../Core/Src/main.c:131:12: warning: pointer targets in passing argument 1 of 'sprintf' differ in signedness [-Wpointer-sign]
  131 |    sprintf(RxBuffer, "-------------------------------\r\n"
      |            ^~~~~~~~
      |            |
      |            uint8_t * {aka unsigned char *}
In file included from ../Core/Inc/main.h:35,
                 from ../Core/Src/main.c:21:
c:\st\stm32cubeide_1.6.0\stm32cubeide\plugins\com.st.stm32cube.ide.mcu.externaltools.gnu-tools-for-stm32.9-2020-q2-update.win32_2.0.0.202105311346\tools\arm-none-eabi\include\stdio.h:244:14: note: expected 'char * restrict' but argument is of type 'uint8_t *' {aka 'unsigned char *'}
  244 | int sprintf (char *__restrict, const char *__restrict, ...)
      |              ^
../Core/Src/main.c:140:60: warning: pointer targets in passing argument 1 of 'strlen' differ in signedness [-Wpointer-sign]
  140 |    HAL_UART_Transmit(&huart1, (uint8_t*) &RxBuffer, strlen(RxBuffer),
      |                                                            ^~~~~~~~
      |                                                            |
      |                                                            uint8_t * {aka unsigned char *}
In file included from ../Core/Src/main.c:26:
c:\st\stm32cubeide_1.6.0\stm32cubeide\plugins\com.st.stm32cube.ide.mcu.externaltools.gnu-tools-for-stm32.9-2020-q2-update.win32_2.0.0.202105311346\tools\arm-none-eabi\include\string.h:41:17: note: expected 'const char *' but argument is of type 'uint8_t *' {aka 'unsigned char *'}
   41 | size_t  strlen (const char *);
      |                 ^~~~~~~~~~~~
../Core/Src/main.c:143:13: warning: pointer targets in passing argument 1 of 'sprintf' differ in signedness [-Wpointer-sign]
  143 |     sprintf(RxBuffer, "Data[%d]: 0x%X\r\n", i,
      |             ^~~~~~~~
      |             |
      |             uint8_t * {aka unsigned char *}
In file included from ../Core/Inc/main.h:35,
                 from ../Core/Src/main.c:21:
c:\st\stm32cubeide_1.6.0\stm32cubeide\plugins\com.st.stm32cube.ide.mcu.externaltools.gnu-tools-for-stm32.9-2020-q2-update.win32_2.0.0.202105311346\tools\arm-none-eabi\include\stdio.h:244:14: note: expected 'char * restrict' but argument is of type 'uint8_t *' {aka 'unsigned char *'}
  244 | int sprintf (char *__restrict, const char *__restrict, ...)
      |              ^
../Core/Src/main.c:146:14: warning: pointer targets in passing argument 1 of 'strlen' differ in signedness [-Wpointer-sign]
  146 |       strlen(RxBuffer), 100);
      |              ^~~~~~~~
      |              |
      |              uint8_t * {aka unsigned char *}
In file included from ../Core/Src/main.c:26:
c:\st\stm32cubeide_1.6.0\stm32cubeide\plugins\com.st.stm32cube.ide.mcu.externaltools.gnu-tools-for-stm32.9-2020-q2-update.win32_2.0.0.202105311346\tools\arm-none-eabi\include\string.h:41:17: note: expected 'const char *' but argument is of type 'uint8_t *' {aka 'unsigned char *'}
   41 | size_t  strlen (const char *);
      |                 ^~~~~~~~~~~~
../Core/Src/main.c:119:7: warning: unused variable 'data_to_transmit' [-Wunused-variable]
  119 |  char data_to_transmit[] = { 0x01, 0x02 };
      |       ^~~~~~~~~~~~~~~~
../Core/Src/main.c:103:4: warning: typedef 'led_cmd_t' locally defined but not used [-Wunused-local-typedefs]
  103 |  } led_cmd_t;
      |    ^~~~~~~~~
arm-none-eabi-gcc -o "STM32F334R8T6_RFM69_Transmitte_HAL.elf" @"objects.list"   -mcpu=cortex-m4 -T"C:\STM32 workspace\STM32 RFM69 SPI TxRx\STM32F334R8T6_RFM69_Transmitte_HAL\STM32F334R8TX_FLASH.ld" --specs=nosys.specs -Wl,-Map="STM32F334R8T6_RFM69_Transmitte_HAL.map" -Wl,--gc-sections -static --specs=nano.specs -mfpu=fpv4-sp-d16 -mfloat-abi=hard -mthumb -Wl,--start-group -lc -lm -Wl,--end-group
Finished building target: STM32F334R8T6_RFM69_Transmitte_HAL.elf
 
arm-none-eabi-size   STM32F334R8T6_RFM69_Transmitte_HAL.elf 
arm-none-eabi-objdump -h -S  STM32F334R8T6_RFM69_Transmitte_HAL.elf  > "STM32F334R8T6_RFM69_Transmitte_HAL.list"
arm-none-eabi-objcopy  -O binary  STM32F334R8T6_RFM69_Transmitte_HAL.elf  "STM32F334R8T6_RFM69_Transmitte_HAL.bin"
   text	   data	    bss	    dec	    hex	filename
  21408	    120	   2112	  23640	   5c58	STM32F334R8T6_RFM69_Transmitte_HAL.elf
Finished building: default.size.stdout
 
Finished building: STM32F334R8T6_RFM69_Transmitte_HAL.bin
 
Finished building: STM32F334R8T6_RFM69_Transmitte_HAL.list
 
22:05:09 **** Incremental Build of configuration Debug for project STM32F051R8T6_Device ****
make -j4 all 
arm-none-eabi-gcc "../Core/Src/rfm69.c" -mcpu=cortex-m0 -std=gnu11 -g3 -DDEBUG -DUSE_HAL_DRIVER -DSTM32F051x8 -c -I../Core/Inc -I../Drivers/STM32F0xx_HAL_Driver/Inc -I../Drivers/STM32F0xx_HAL_Driver/Inc/Legacy -I../Drivers/CMSIS/Device/ST/STM32F0xx/Include -I../Drivers/CMSIS/Include -O0 -ffunction-sections -fdata-sections -Wall -fstack-usage -MMD -MP -MF"Core/Src/rfm69.d" -MT"Core/Src/rfm69.o" --specs=nano.specs -mfloat-abi=soft -mthumb -o "Core/Src/rfm69.o"
../Core/Src/rfm69.c: In function 'setAESEncryption':
../Core/Src/rfm69.c:387:45: warning: dereferencing 'void *' pointer
  387 |    HAL_SPI_Transmit(&RFM69_SPI_PORT, &aesKey[i], 1, 100);
      |                                             ^
../Core/Src/rfm69.c:387:38: warning: passing argument 2 of 'HAL_SPI_Transmit' discards 'const' qualifier from pointer target type [-Wdiscarded-qualifiers]
  387 |    HAL_SPI_Transmit(&RFM69_SPI_PORT, &aesKey[i], 1, 100);
      |                                      ^~~~~~~~~~
In file included from ../Core/Inc/stm32f0xx_hal_conf.h:276,
                 from ../Drivers/STM32F0xx_HAL_Driver/Inc/stm32f0xx_hal.h:30,
                 from ../Core/Inc/main.h:31,
                 from ../Core/Inc/rfm69.h:11,
                 from ../Core/Src/rfm69.c:8:
../Drivers/STM32F0xx_HAL_Driver/Inc/stm32f0xx_hal_spi.h:792:70: note: expected 'uint8_t *' {aka 'unsigned char *'} but argument is of type 'const void *'
  792 | HAL_StatusTypeDef HAL_SPI_Transmit(SPI_HandleTypeDef *hspi, uint8_t *pData, uint16_t Size, uint32_t Timeout);
      |                                                             ~~~~~~~~~^~~~~
arm-none-eabi-gcc -o "STM32F051R8T6_Device.elf" @"objects.list"   -mcpu=cortex-m0 -T"C:\STM32 workspace\STM32 RFM69 SPI TxRx\STM32F051R8T6_SPI_RFM69_Transmitter\STM32F051R8TX_FLASH.ld" --specs=nosys.specs -Wl,-Map="STM32F051R8T6_Device.map" -Wl,--gc-sections -static --specs=nano.specs -mfloat-abi=soft -mthumb -Wl,--start-group -lc -lm -Wl,--end-group
Finished building target: STM32F051R8T6_Device.elf
 
arm-none-eabi-size   STM32F051R8T6_Device.elf 
arm-none-eabi-objdump -h -S  STM32F051R8T6_Device.elf  > "STM32F051R8T6_Device.list"
arm-none-eabi-objcopy  -O binary  STM32F051R8T6_Device.elf  "STM32F051R8T6_Device.bin"
   text	   data	    bss	    dec	    hex	filename
  19744	    120	   2096	  21960	   55c8	STM32F051R8T6_Device.elf
Finished building: default.size.stdout
 
Finished building: STM32F051R8T6_Device.bin
 
Finished building: STM32F051R8T6_Device.list
 
22:05:15 **** Incremental Build of configuration Debug for project STM32F051R8T6_Device ****
make -j4 all 
arm-none-eabi-size   STM32F051R8T6_Device.elf 
   text	   data	    bss	    dec	    hex	filename
  19744	    120	   2096	  21960	   55c8	STM32F051R8T6_Device.elf
Finished building: default.size.stdout
 
22:07:09 **** Incremental Build of configuration Debug for project STM32F051R8T6_Device ****
make -j4 all 
arm-none-eabi-gcc "../Core/Src/main.c" -mcpu=cortex-m0 -std=gnu11 -g3 -DDEBUG -DUSE_HAL_DRIVER -DSTM32F051x8 -c -I../Core/Inc -I../Drivers/STM32F0xx_HAL_Driver/Inc -I../Drivers/STM32F0xx_HAL_Driver/Inc/Legacy -I../Drivers/CMSIS/Device/ST/STM32F0xx/Include -I../Drivers/CMSIS/Include -O0 -ffunction-sections -fdata-sections -Wall -fstack-usage -MMD -MP -MF"Core/Src/main.d" -MT"Core/Src/main.o" --specs=nano.specs -mfloat-abi=soft -mthumb -o "Core/Src/main.o"
../Core/Src/main.c: In function 'main':
../Core/Src/main.c:134:3: warning: implicit declaration of function 'send' [-Wimplicit-function-declaration]
  134 |   send(GATEWAYID, (uint8_t*) &data_to_transmit, sizeof(data_to_transmit),false, true);
      |   ^~~~
../Core/Src/main.c:134:8: error: 'GATEWAYID' undeclared (first use in this function)
  134 |   send(GATEWAYID, (uint8_t*) &data_to_transmit, sizeof(data_to_transmit),false, true);
      |        ^~~~~~~~~
../Core/Src/main.c:134:8: note: each undeclared identifier is reported only once for each function it appears in
../Core/Src/main.c:117:10: warning: unused variable 'receive_data' [-Wunused-variable]
  117 |  Payload receive_data;
      |          ^~~~~~~~~~~~
make: *** [Core/Src/subdir.mk:37: Core/Src/main.o] Error 1
"make -j4 all" terminated with exit code 2. Build might be incomplete.
22:07:15 **** Incremental Build of configuration Debug for project STM32F051R8T6_Device ****
make -j4 all 
arm-none-eabi-gcc "../Core/Src/main.c" -mcpu=cortex-m0 -std=gnu11 -g3 -DDEBUG -DUSE_HAL_DRIVER -DSTM32F051x8 -c -I../Core/Inc -I../Drivers/STM32F0xx_HAL_Driver/Inc -I../Drivers/STM32F0xx_HAL_Driver/Inc/Legacy -I../Drivers/CMSIS/Device/ST/STM32F0xx/Include -I../Drivers/CMSIS/Include -O0 -ffunction-sections -fdata-sections -Wall -fstack-usage -MMD -MP -MF"Core/Src/main.d" -MT"Core/Src/main.o" --specs=nano.specs -mfloat-abi=soft -mthumb -o "Core/Src/main.o"
../Core/Src/main.c: In function 'main':
../Core/Src/main.c:134:3: warning: implicit declaration of function 'send' [-Wimplicit-function-declaration]
  134 |   send(HUB_ID, (uint8_t*) &data_to_transmit, sizeof(data_to_transmit),false, true);
      |   ^~~~
../Core/Src/main.c:117:10: warning: unused variable 'receive_data' [-Wunused-variable]
  117 |  Payload receive_data;
      |          ^~~~~~~~~~~~
arm-none-eabi-gcc -o "STM32F051R8T6_Device.elf" @"objects.list"   -mcpu=cortex-m0 -T"C:\STM32 workspace\STM32 RFM69 SPI TxRx\STM32F051R8T6_SPI_RFM69_Transmitter\STM32F051R8TX_FLASH.ld" --specs=nosys.specs -Wl,-Map="STM32F051R8T6_Device.map" -Wl,--gc-sections -static --specs=nano.specs -mfloat-abi=soft -mthumb -Wl,--start-group -lc -lm -Wl,--end-group
Finished building target: STM32F051R8T6_Device.elf
 
arm-none-eabi-size   STM32F051R8T6_Device.elf 
arm-none-eabi-objdump -h -S  STM32F051R8T6_Device.elf  > "STM32F051R8T6_Device.list"
arm-none-eabi-objcopy  -O binary  STM32F051R8T6_Device.elf  "STM32F051R8T6_Device.bin"
   text	   data	    bss	    dec	    hex	filename
  19736	    120	   2096	  21952	   55c0	STM32F051R8T6_Device.elf
Finished building: default.size.stdout
 
Finished building: STM32F051R8T6_Device.bin
 
Finished building: STM32F051R8T6_Device.list
 
22:07:17 **** Incremental Build of configuration Debug for project STM32F334R8T6_RFM69_Transmitte_HAL ****
make -j4 all 
arm-none-eabi-size   STM32F334R8T6_RFM69_Transmitte_HAL.elf 
   text	   data	    bss	    dec	    hex	filename
  21408	    120	   2112	  23640	   5c58	STM32F334R8T6_RFM69_Transmitte_HAL.elf
Finished building: default.size.stdout
 
22:07:24 **** Incremental Build of configuration Debug for project STM32F051R8T6_Device ****
make -j4 all 
arm-none-eabi-size   STM32F051R8T6_Device.elf 
   text	   data	    bss	    dec	    hex	filename
  19736	    120	   2096	  21952	   55c0	STM32F051R8T6_Device.elf
Finished building: default.size.stdout
 
22:07:41 **** Incremental Build of configuration Debug for project STM32F051R8T6_Device ****
make -j4 all 
arm-none-eabi-gcc "../Core/Src/main.c" -mcpu=cortex-m0 -std=gnu11 -g3 -DDEBUG -DUSE_HAL_DRIVER -DSTM32F051x8 -c -I../Core/Inc -I../Drivers/STM32F0xx_HAL_Driver/Inc -I../Drivers/STM32F0xx_HAL_Driver/Inc/Legacy -I../Drivers/CMSIS/Device/ST/STM32F0xx/Include -I../Drivers/CMSIS/Include -O0 -ffunction-sections -fdata-sections -Wall -fstack-usage -MMD -MP -MF"Core/Src/main.d" -MT"Core/Src/main.o" --specs=nano.specs -mfloat-abi=soft -mthumb -o "Core/Src/main.o"
../Core/Src/main.c: In function 'main':
../Core/Src/main.c:134:3: warning: implicit declaration of function 'send' [-Wimplicit-function-declaration]
  134 |   send(HUB_ID, (uint8_t*) &data_to_transmit, sizeof(data_to_transmit),false, true);
      |   ^~~~
../Core/Src/main.c:117:10: warning: unused variable 'receive_data' [-Wunused-variable]
  117 |  Payload receive_data;
      |          ^~~~~~~~~~~~
arm-none-eabi-gcc -o "STM32F051R8T6_Device.elf" @"objects.list"   -mcpu=cortex-m0 -T"C:\STM32 workspace\STM32 RFM69 SPI TxRx\STM32F051R8T6_SPI_RFM69_Transmitter\STM32F051R8TX_FLASH.ld" --specs=nosys.specs -Wl,-Map="STM32F051R8T6_Device.map" -Wl,--gc-sections -static --specs=nano.specs -mfloat-abi=soft -mthumb -Wl,--start-group -lc -lm -Wl,--end-group
Finished building target: STM32F051R8T6_Device.elf
 
arm-none-eabi-size   STM32F051R8T6_Device.elf 
arm-none-eabi-objdump -h -S  STM32F051R8T6_Device.elf  > "STM32F051R8T6_Device.list"
arm-none-eabi-objcopy  -O binary  STM32F051R8T6_Device.elf  "STM32F051R8T6_Device.bin"
   text	   data	    bss	    dec	    hex	filename
  19736	    120	   2096	  21952	   55c0	STM32F051R8T6_Device.elf
Finished building: default.size.stdout
 
Finished building: STM32F051R8T6_Device.bin
 
Finished building: STM32F051R8T6_Device.list
 
22:07:55 **** Incremental Build of configuration Debug for project STM32F051R8T6_Device ****
make -j4 all 
arm-none-eabi-gcc "../Core/Src/main.c" -mcpu=cortex-m0 -std=gnu11 -g3 -DDEBUG -DUSE_HAL_DRIVER -DSTM32F051x8 -c -I../Core/Inc -I../Drivers/STM32F0xx_HAL_Driver/Inc -I../Drivers/STM32F0xx_HAL_Driver/Inc/Legacy -I../Drivers/CMSIS/Device/ST/STM32F0xx/Include -I../Drivers/CMSIS/Include -O0 -ffunction-sections -fdata-sections -Wall -fstack-usage -MMD -MP -MF"Core/Src/main.d" -MT"Core/Src/main.o" --specs=nano.specs -mfloat-abi=soft -mthumb -o "Core/Src/main.o"
../Core/Src/main.c: In function 'main':
../Core/Src/main.c:131:3: warning: implicit declaration of function 'send' [-Wimplicit-function-declaration]
  131 |   send(HUB_ID, (uint8_t*) &data_to_transmit, sizeof(data_to_transmit),false, true);
      |   ^~~~
../Core/Src/main.c:117:10: warning: unused variable 'receive_data' [-Wunused-variable]
  117 |  Payload receive_data;
      |          ^~~~~~~~~~~~
arm-none-eabi-gcc -o "STM32F051R8T6_Device.elf" @"objects.list"   -mcpu=cortex-m0 -T"C:\STM32 workspace\STM32 RFM69 SPI TxRx\STM32F051R8T6_SPI_RFM69_Transmitter\STM32F051R8TX_FLASH.ld" --specs=nosys.specs -Wl,-Map="STM32F051R8T6_Device.map" -Wl,--gc-sections -static --specs=nano.specs -mfloat-abi=soft -mthumb -Wl,--start-group -lc -lm -Wl,--end-group
Finished building target: STM32F051R8T6_Device.elf
 
arm-none-eabi-size   STM32F051R8T6_Device.elf 
arm-none-eabi-objdump -h -S  STM32F051R8T6_Device.elf  > "STM32F051R8T6_Device.list"
arm-none-eabi-objcopy  -O binary  STM32F051R8T6_Device.elf  "STM32F051R8T6_Device.bin"
   text	   data	    bss	    dec	    hex	filename
  19736	    120	   2096	  21952	   55c0	STM32F051R8T6_Device.elf
Finished building: default.size.stdout
 
Finished building: STM32F051R8T6_Device.bin
 
Finished building: STM32F051R8T6_Device.list
 
22:08:16 **** Incremental Build of configuration Debug for project STM32F051R8T6_Device ****
make -j4 all 
arm-none-eabi-size   STM32F051R8T6_Device.elf 
   text	   data	    bss	    dec	    hex	filename
  19736	    120	   2096	  21952	   55c0	STM32F051R8T6_Device.elf
Finished building: default.size.stdout
 
22:10:19 **** Incremental Build of configuration Debug for project STM32F334R8T6_RFM69_Transmitte_HAL ****
make -j4 all 
arm-none-eabi-size   STM32F334R8T6_RFM69_Transmitte_HAL.elf 
   text	   data	    bss	    dec	    hex	filename
  21408	    120	   2112	  23640	   5c58	STM32F334R8T6_RFM69_Transmitte_HAL.elf
Finished building: default.size.stdout
 
22:10:42 **** Incremental Build of configuration Debug for project STM32F334R8T6_RFM69_Transmitte_HAL ****
make -j4 all 
arm-none-eabi-size   STM32F334R8T6_RFM69_Transmitte_HAL.elf 
   text	   data	    bss	    dec	    hex	filename
  21408	    120	   2112	  23640	   5c58	STM32F334R8T6_RFM69_Transmitte_HAL.elf
Finished building: default.size.stdout
 
22:11:11 **** Incremental Build of configuration Debug for project STM32F334R8T6_RFM69_Transmitte_HAL ****
make -j4 all 
arm-none-eabi-size   STM32F334R8T6_RFM69_Transmitte_HAL.elf 
   text	   data	    bss	    dec	    hex	filename
  21408	    120	   2112	  23640	   5c58	STM32F334R8T6_RFM69_Transmitte_HAL.elf
Finished building: default.size.stdout
 
22:11:30 **** Incremental Build of configuration Debug for project STM32F334R8T6_RFM69_Transmitte_HAL ****
make -j4 all 
arm-none-eabi-size   STM32F334R8T6_RFM69_Transmitte_HAL.elf 
   text	   data	    bss	    dec	    hex	filename
  21408	    120	   2112	  23640	   5c58	STM32F334R8T6_RFM69_Transmitte_HAL.elf
Finished building: default.size.stdout
 
22:11:45 **** Incremental Build of configuration Debug for project STM32F334R8T6_RFM69_Transmitte_HAL ****
make -j4 all 
arm-none-eabi-size   STM32F334R8T6_RFM69_Transmitte_HAL.elf 
   text	   data	    bss	    dec	    hex	filename
  21408	    120	   2112	  23640	   5c58	STM32F334R8T6_RFM69_Transmitte_HAL.elf
Finished building: default.size.stdout
 
