23:39:20 **** Clean-only build of configuration Debug for project STM32F051_RFM69_ATC ****
make -j4 clean 
rm -rf *
 
23:39:20 **** Incremental Build of configuration Debug for project STM32F051_RFM69_ATC ****
make -j4 all 
arm-none-eabi-gcc -mcpu=cortex-m0 -g3 -c -x assembler-with-cpp -MMD -MP -MF"Startup/startup_stm32f051r8hx.d" -MT"Startup/startup_stm32f051r8hx.o" --specs=nano.specs -mfloat-abi=soft -mthumb -o "Startup/startup_stm32f051r8hx.o" "../Startup/startup_stm32f051r8hx.s"
arm-none-eabi-g++ "../Src/main.cpp" -mcpu=cortex-m0 -std=gnu++14 -g3 -DDEBUG -DSTM32F051R8Hx -DSTM32 -DSTM32F0 -c -I../Inc -I"C:/STM32 workspace/STM32 RFM69 SPI TxRx/STM32F051_RFM69_ATC/Spi" -I"C:/STM32 workspace/STM32 RFM69 SPI TxRx/STM32F051_RFM69_ATC/Gpio" -O0 -ffunction-sections -fdata-sections -fno-exceptions -fno-rtti -fno-use-cxa-atexit -Wall -fstack-usage -MMD -MP -MF"Src/main.d" -MT"Src/main.o" --specs=nano.specs -mfloat-abi=soft -mthumb -o "Src/main.o"
arm-none-eabi-gcc "../Src/syscalls.c" -mcpu=cortex-m0 -std=gnu11 -g3 -DDEBUG -DSTM32F051R8Hx -DSTM32 -DSTM32F0 -c -I../Inc -O0 -ffunction-sections -fdata-sections -Wall -fstack-usage -MMD -MP -MF"Src/syscalls.d" -MT"Src/syscalls.o" --specs=nano.specs -mfloat-abi=soft -mthumb -o "Src/syscalls.o"
arm-none-eabi-gcc "../Src/sysmem.c" -mcpu=cortex-m0 -std=gnu11 -g3 -DDEBUG -DSTM32F051R8Hx -DSTM32 -DSTM32F0 -c -I../Inc -O0 -ffunction-sections -fdata-sections -Wall -fstack-usage -MMD -MP -MF"Src/sysmem.d" -MT"Src/sysmem.o" --specs=nano.specs -mfloat-abi=soft -mthumb -o "Src/sysmem.o"
arm-none-eabi-gcc "../Src/system_stm32f0xx.c" -mcpu=cortex-m0 -std=gnu11 -g3 -DDEBUG -DSTM32F051R8Hx -DSTM32 -DSTM32F0 -c -I../Inc -O0 -ffunction-sections -fdata-sections -Wall -fstack-usage -MMD -MP -MF"Src/system_stm32f0xx.d" -MT"Src/system_stm32f0xx.o" --specs=nano.specs -mfloat-abi=soft -mthumb -o "Src/system_stm32f0xx.o"
arm-none-eabi-g++ "../Spi/SPI.cpp" -mcpu=cortex-m0 -std=gnu++14 -g3 -DDEBUG -DSTM32F051R8Hx -DSTM32 -DSTM32F0 -c -I../Inc -I"C:/STM32 workspace/STM32 RFM69 SPI TxRx/STM32F051_RFM69_ATC/Spi" -I"C:/STM32 workspace/STM32 RFM69 SPI TxRx/STM32F051_RFM69_ATC/Gpio" -O0 -ffunction-sections -fdata-sections -fno-exceptions -fno-rtti -fno-use-cxa-atexit -Wall -fstack-usage -MMD -MP -MF"Spi/SPI.d" -MT"Spi/SPI.o" --specs=nano.specs -mfloat-abi=soft -mthumb -o "Spi/SPI.o"
arm-none-eabi-g++ "../Gpio/Gpio.cpp" -mcpu=cortex-m0 -std=gnu++14 -g3 -DDEBUG -DSTM32F051R8Hx -DSTM32 -DSTM32F0 -c -I../Inc -I"C:/STM32 workspace/STM32 RFM69 SPI TxRx/STM32F051_RFM69_ATC/Spi" -I"C:/STM32 workspace/STM32 RFM69 SPI TxRx/STM32F051_RFM69_ATC/Gpio" -O0 -ffunction-sections -fdata-sections -fno-exceptions -fno-rtti -fno-use-cxa-atexit -Wall -fstack-usage -MMD -MP -MF"Gpio/Gpio.d" -MT"Gpio/Gpio.o" --specs=nano.specs -mfloat-abi=soft -mthumb -o "Gpio/Gpio.o"
In file included from ../Spi/SPI.h:11,
                 from ../Spi/SPI.cpp:8:
C:/STM32 workspace/STM32 RFM69 SPI TxRx/STM32F051_RFM69_ATC/Gpio/Gpio.h:37:19: error: expected ')' before '*' token
   37 |  Gpio(GPIO_TypeDef *PORT, uint16_t gpio_pin);
      |      ~            ^~
      |                   )
C:/STM32 workspace/STM32 RFM69 SPI TxRx/STM32F051_RFM69_ATC/Gpio/Gpio.h:48:2: error: 'GPIO_TypeDef' does not name a type
   48 |  GPIO_TypeDef *item_port;
      |  ^~~~~~~~~~~~
C:/STM32 workspace/STM32 RFM69 SPI TxRx/STM32F051_RFM69_ATC/Gpio/Gpio.h:49:2: error: 'uint16_t' does not name a type
   49 |  uint16_t item_pin;
      |  ^~~~~~~~
In file included from ../Spi/SPI.cpp:8:
../Spi/SPI.h:79:17: error: expected ')' before '*' token
   79 |  SPI(SPI_TypeDef *Port, SPI_DataSize_t size);
      |     ~           ^~
      |                 )
../Spi/SPI.h:82:23: error: 'uint16_t' has not been declared
   82 |  void ReceiveBlocking(uint16_t *buffer, uint16_t n);
      |                       ^~~~~~~~
../Spi/SPI.h:82:41: error: 'uint16_t' has not been declared
   82 |  void ReceiveBlocking(uint16_t *buffer, uint16_t n);
      |                                         ^~~~~~~~
../Spi/SPI.h:83:2: error: 'uint8_t' does not name a type
   83 |  uint8_t Receive(void);
      |  ^~~~~~~
../Spi/SPI.h:85:24: error: 'uint8_t' has not been declared
   85 |  void TransmitBlocking(uint8_t buffer);
      |                        ^~~~~~~
../Spi/SPI.h:103:2: error: 'uint16_t' does not name a type
  103 |  uint16_t TransmitReceive16B(uint16_t TxData);
      |  ^~~~~~~~
../Spi/SPI.h:104:2: error: 'uint8_t' does not name a type
  104 |  uint8_t TransmitReceive8B(uint8_t TxData);
      |  ^~~~~~~
../Spi/SPI.h:105:16: error: 'uint8_t' has not been declared
  105 |  void WriteReg(uint8_t rg, uint8_t dt);
      |                ^~~~~~~
../Spi/SPI.h:105:28: error: 'uint8_t' has not been declared
  105 |  void WriteReg(uint8_t rg, uint8_t dt);
      |                            ^~~~~~~
../Spi/SPI.h:106:2: error: 'uint8_t' does not name a type
  106 |  uint8_t transfer(uint8_t data);
      |  ^~~~~~~
../Spi/SPI.h:107:2: error: 'SPI_TypeDef' does not name a type
  107 |  SPI_TypeDef *SPI_ITEM;
      |  ^~~~~~~~~~~
../Spi/SPI.h:108:2: error: 'GPIO_TypeDef' does not name a type
  108 |  GPIO_TypeDef *MOSI_PORT;
      |  ^~~~~~~~~~~~
../Spi/SPI.h:109:2: error: 'uint16_t' does not name a type
  109 |  uint16_t MOSI_PIN;
      |  ^~~~~~~~
../Spi/SPI.h:110:2: error: 'GPIO_TypeDef' does not name a type
  110 |  GPIO_TypeDef *MISO_PORT;
      |  ^~~~~~~~~~~~
../Spi/SPI.h:111:2: error: 'uint16_t' does not name a type
  111 |  uint16_t MISO_PIN;
      |  ^~~~~~~~
../Spi/SPI.h:112:2: error: 'GPIO_TypeDef' does not name a type
  112 |  GPIO_TypeDef *SCK_PORT;
      |  ^~~~~~~~~~~~
../Spi/SPI.h:113:2: error: 'uint16_t' does not name a type
  113 |  uint16_t SCK_PIN;
      |  ^~~~~~~~
../Spi/SPI.h:114:2: error: 'GPIO_TypeDef' does not name a type
  114 |  GPIO_TypeDef *nSC_PORT;
      |  ^~~~~~~~~~~~
../Spi/SPI.h:115:2: error: 'uint16_t' does not name a type
  115 |  uint16_t nSC_PIN;
      |  ^~~~~~~~
../Spi/SPI.cpp:16:1: error: no declaration matches 'SPI::SPI(SPI_TypeDef*, SPI_DataSize_t)'
   16 | SPI::SPI(SPI_TypeDef *Port, SPI_DataSize_t size)
      | ^~~
In file included from ../Spi/SPI.cpp:8:
../Spi/SPI.h:77:7: note: candidates are: 'constexpr SPI::SPI(SPI&&)'
   77 | class SPI {
      |       ^~~
../Spi/SPI.h:77:7: note:                 'constexpr SPI::SPI(const SPI&)'
../Spi/SPI.h:77:7: note:                 'SPI::SPI()'
../Spi/SPI.h:77:7: note: 'class SPI' defined here
../Spi/SPI.cpp: In member function 'void SPI::Config()':
../Spi/SPI.cpp:46:8: error: 'class SPI' has no member named 'SPI_ITEM'
   46 |  this->SPI_ITEM->CR1 |= SPI_CR1_MSTR;       // 1: Master configuration
      |        ^~~~~~~~
../Spi/SPI.cpp:48:8: error: 'class SPI' has no member named 'SPI_ITEM'
   48 |  this->SPI_ITEM->CR2 &= ~SPI_CR2_DS;       // Clear bitfield
      |        ^~~~~~~~
../Spi/SPI.cpp: In member function 'void SPI::InitGpio()':
../Spi/SPI.cpp:55:8: error: 'class SPI' has no member named 'MISO_PORT'
   55 |  this->MISO_PORT = GPIOA;
      |        ^~~~~~~~~
../Spi/SPI.cpp:56:8: error: 'class SPI' has no member named 'MISO_PIN'
   56 |  this->MISO_PIN = 6;
      |        ^~~~~~~~
../Spi/SPI.cpp:58:8: error: 'class SPI' has no member named 'MOSI_PORT'
   58 |  this->MOSI_PORT = GPIOA;
      |        ^~~~~~~~~
../Spi/SPI.cpp:59:8: error: 'class SPI' has no member named 'MOSI_PIN'
   59 |  this->MOSI_PIN = 7;
      |        ^~~~~~~~
../Spi/SPI.cpp:61:8: error: 'class SPI' has no member named 'SCK_PORT'
   61 |  this->SCK_PORT = GPIOA;
      |        ^~~~~~~~
../Spi/SPI.cpp:62:8: error: 'class SPI' has no member named 'SCK_PIN'
   62 |  this->SCK_PIN = 5;
      |        ^~~~~~~
../Spi/SPI.cpp:64:8: error: 'class SPI' has no member named 'nSC_PORT'
   64 |  this->nSC_PORT = GPIOA;
      |        ^~~~~~~~
../Spi/SPI.cpp:65:8: error: 'class SPI' has no member named 'nSC_PIN'
   65 |  this->nSC_PIN = 3;
      |        ^~~~~~~
../Spi/SPI.cpp:68:25: error: 'class SPI' has no member named 'MISO_PORT'
   68 |  Gpio MISO = Gpio(this->MISO_PORT, this->MISO_PIN);
      |                         ^~~~~~~~~
../Spi/SPI.cpp:68:42: error: 'class SPI' has no member named 'MISO_PIN'
   68 |  Gpio MISO = Gpio(this->MISO_PORT, this->MISO_PIN);
      |                                          ^~~~~~~~
../Spi/SPI.cpp:71:25: error: 'class SPI' has no member named 'MOSI_PORT'
   71 |  Gpio MOSI = Gpio(this->MOSI_PORT, this->MOSI_PIN);
      |                         ^~~~~~~~~
../Spi/SPI.cpp:71:42: error: 'class SPI' has no member named 'MOSI_PIN'
   71 |  Gpio MOSI = Gpio(this->MOSI_PORT, this->MOSI_PIN);
      |                                          ^~~~~~~~
../Spi/SPI.cpp:74:24: error: 'class SPI' has no member named 'SCK_PORT'
   74 |  Gpio SCK = Gpio(this->SCK_PORT, this->SCK_PIN);
      |                        ^~~~~~~~
../Spi/SPI.cpp:74:40: error: 'class SPI' has no member named 'SCK_PIN'
   74 |  Gpio SCK = Gpio(this->SCK_PORT, this->SCK_PIN);
      |                                        ^~~~~~~
../Spi/SPI.cpp:77:24: error: 'class SPI' has no member named 'nSC_PORT'
   77 |  Gpio nCS = Gpio(this->nSC_PORT, this->nSC_PIN);
      |                        ^~~~~~~~
../Spi/SPI.cpp:77:40: error: 'class SPI' has no member named 'nSC_PIN'
   77 |  Gpio nCS = Gpio(this->nSC_PORT, this->nSC_PIN);
      |                                        ^~~~~~~
../Spi/SPI.cpp: In member function 'void SPI::EnableClk()':
../Spi/SPI.cpp:84:12: error: 'class SPI' has no member named 'SPI_ITEM'
   84 |  if (this->SPI_ITEM == SPI1)
      |            ^~~~~~~~
../Spi/SPI.cpp:88:12: error: 'class SPI' has no member named 'SPI_ITEM'
   88 |  if (this->SPI_ITEM == SPI2)
      |            ^~~~~~~~
../Spi/SPI.cpp: In member function 'void SPI::SetFrameSize(SPI_DataSize_t)':
../Spi/SPI.cpp:98:9: error: 'class SPI' has no member named 'SPI_ITEM'
   98 |   this->SPI_ITEM->CR2 |= 0x07 << SPI_CR2_DS_Pos; // 8 Bit frame
      |         ^~~~~~~~
../Spi/SPI.cpp:102:9: error: 'class SPI' has no member named 'SPI_ITEM'
  102 |   this->SPI_ITEM->CR2 |= (0x0F << SPI_CR2_DS_Pos); // 16 Bit frame
      |         ^~~~~~~~
../Spi/SPI.cpp: In member function 'void SPI::SetClockPrsc(SetClockPrsc_t)':
../Spi/SPI.cpp:108:8: error: 'class SPI' has no member named 'SPI_ITEM'
  108 |  this->SPI_ITEM->CR1 |= (Prescaler << SPI_CR1_BR_Pos);
      |        ^~~~~~~~
../Spi/SPI.cpp: In member function 'void SPI::EnableSoftwareSlaveManagment()':
../Spi/SPI.cpp:113:8: error: 'class SPI' has no member named 'SPI_ITEM'
  113 |  this->SPI_ITEM->CR1 |= SPI_CR1_SSM;  // 1: Software slave management enabled
      |        ^~~~~~~~
../Spi/SPI.cpp:114:8: error: 'class SPI' has no member named 'SPI_ITEM'
  114 |  this->SPI_ITEM->CR1 |= SPI_CR1_SSI;  // 1: Internal slave select
      |        ^~~~~~~~
../Spi/SPI.cpp: In member function 'void SPI::DisableSoftwareSlaveManagment()':
../Spi/SPI.cpp:119:8: error: 'class SPI' has no member named 'SPI_ITEM'
  119 |  this->SPI_ITEM->CR1 &= ~SPI_CR1_SSM; // 1: Software slave management disabled
      |        ^~~~~~~~
../Spi/SPI.cpp: In member function 'void SPI::EnableMotorollaMode()':
../Spi/SPI.cpp:124:8: error: 'class SPI' has no member named 'SPI_ITEM'
  124 |  this->SPI_ITEM->CR2 &= ~SPI_CR2_FRF;      // Motorolla mode
      |        ^~~~~~~~
../Spi/SPI.cpp: In member function 'void SPI::nCS_Low()':
../Spi/SPI.cpp:129:8: error: 'class SPI' has no member named 'nSC_PORT'
  129 |  this->nSC_PORT->BSRR |= ((1 << this->nSC_PIN) << 16U); // BIT RESET
      |        ^~~~~~~~
../Spi/SPI.cpp:129:39: error: 'class SPI' has no member named 'nSC_PIN'
  129 |  this->nSC_PORT->BSRR |= ((1 << this->nSC_PIN) << 16U); // BIT RESET
      |                                       ^~~~~~~
../Spi/SPI.cpp: In member function 'void SPI::nCS_High()':
../Spi/SPI.cpp:134:8: error: 'class SPI' has no member named 'nSC_PORT'
  134 |  this->nSC_PORT->BSRR |= (1 << this->nSC_PIN); // BIT SET
      |        ^~~~~~~~
../Spi/SPI.cpp:134:38: error: 'class SPI' has no member named 'nSC_PIN'
  134 |  this->nSC_PORT->BSRR |= (1 << this->nSC_PIN); // BIT SET
      |                                      ^~~~~~~
../Spi/SPI.cpp: In member function 'void SPI::Enable()':
../Spi/SPI.cpp:139:8: error: 'class SPI' has no member named 'SPI_ITEM'
  139 |  this->SPI_ITEM->CR1 |= SPI_CR1_SPE;
      |        ^~~~~~~~
../Spi/SPI.cpp: In member function 'void SPI::Disable()':
../Spi/SPI.cpp:144:8: error: 'class SPI' has no member named 'SPI_ITEM'
  144 |  this->SPI_ITEM->CR1 &= ~SPI_CR1_SPE;
      |        ^~~~~~~~
../Spi/SPI.cpp: In member function 'void SPI::SetClockPolarity(ClockPol_t)':
../Spi/SPI.cpp:150:11: warning: suggest parentheses around assignment used as truth value [-Wparentheses]
  150 |  if (cpol = CPOL1)
      |      ~~~~~^~~~~~~
../Spi/SPI.cpp:152:9: error: 'class SPI' has no member named 'SPI_ITEM'
  152 |   this->SPI_ITEM->CR1 |= SPI_CR1_CPOL;    // Polarity clc signal CPOL = 1;
      |         ^~~~~~~~
../Spi/SPI.cpp:154:11: warning: suggest parentheses around assignment used as truth value [-Wparentheses]
  154 |  if (cpol = CPOL0)
      |      ~~~~~^~~~~~~
../Spi/SPI.cpp:156:9: error: 'class SPI' has no member named 'SPI_ITEM'
  156 |   this->SPI_ITEM->CR1 &= ~SPI_CR1_CPOL;   // Polarity clc signal CPOL = 0;
      |         ^~~~~~~~
../Spi/SPI.cpp: In member function 'void SPI::SetClockPhase(ClockPhase_t)':
../Spi/SPI.cpp:163:11: warning: suggest parentheses around assignment used as truth value [-Wparentheses]
  163 |  if (cpha = CPHA1)
      |      ~~~~~^~~~~~~
../Spi/SPI.cpp:165:9: error: 'class SPI' has no member named 'SPI_ITEM'
  165 |   this->SPI_ITEM->CR1 &= ~SPI_CR1_CPHA;   // Phase clc signal    CPHA = 0;
      |         ^~~~~~~~
../Spi/SPI.cpp:167:11: warning: suggest parentheses around assignment used as truth value [-Wparentheses]
  167 |  if (cpha = CPHA0)
      |      ~~~~~^~~~~~~
../Spi/SPI.cpp:169:9: error: 'class SPI' has no member named 'SPI_ITEM'
  169 |   this->SPI_ITEM->CR1 &= ~SPI_CR1_CPHA;   // Phase clc signal    CPHA = 0;
      |         ^~~~~~~~
../Spi/SPI.cpp: In member function 'void SPI::SetMsbLsbFirst(MSB_LSB_First_t)':
../Spi/SPI.cpp:178:9: error: 'class SPI' has no member named 'SPI_ITEM'
  178 |   this->SPI_ITEM->CR1 &= ~SPI_CR1_LSBFIRST;
      |         ^~~~~~~~
../Spi/SPI.cpp:182:9: error: 'class SPI' has no member named 'SPI_ITEM'
  182 |   this->SPI_ITEM->CR1 |= SPI_CR1_LSBFIRST;
      |         ^~~~~~~~
../Spi/SPI.cpp: At global scope:
../Spi/SPI.cpp:186:9: error: no declaration matches 'uint8_t SPI::transfer(uint8_t)'
  186 | uint8_t SPI::transfer(uint8_t data){
      |         ^~~
../Spi/SPI.cpp:186:9: note: no functions named 'uint8_t SPI::transfer(uint8_t)'
In file included from ../Spi/SPI.cpp:8:
../Spi/SPI.h:77:7: note: 'class SPI' defined here
   77 | class SPI {
      |       ^~~
../Spi/SPI.cpp:199:6: error: no declaration matches 'void SPI::TransmitBlocking(uint8_t)'
  199 | void SPI::TransmitBlocking(uint8_t buffer)
      |      ^~~
In file included from ../Spi/SPI.cpp:8:
../Spi/SPI.h:85:7: note: candidate is: 'void SPI::TransmitBlocking(int)'
   85 |  void TransmitBlocking(uint8_t buffer);
      |       ^~~~~~~~~~~~~~~~
../Spi/SPI.h:77:7: note: 'class SPI' defined here
   77 | class SPI {
      |       ^~~
../Spi/SPI.cpp:217:6: error: no declaration matches 'void SPI::ReceiveBlocking(uint16_t*, uint16_t)'
  217 | void SPI::ReceiveBlocking(uint16_t *buffer, uint16_t n)
      |      ^~~
In file included from ../Spi/SPI.cpp:8:
../Spi/SPI.h:82:7: note: candidate is: 'void SPI::ReceiveBlocking(int*, int)'
   82 |  void ReceiveBlocking(uint16_t *buffer, uint16_t n);
      |       ^~~~~~~~~~~~~~~
../Spi/SPI.h:77:7: note: 'class SPI' defined here
   77 | class SPI {
      |       ^~~
../Spi/SPI.cpp:226:9: error: no declaration matches 'uint8_t SPI::Receive()'
  226 | uint8_t SPI::Receive(void)
      |         ^~~
../Spi/SPI.cpp:226:9: note: no functions named 'uint8_t SPI::Receive()'
In file included from ../Spi/SPI.cpp:8:
../Spi/SPI.h:77:7: note: 'class SPI' defined here
   77 | class SPI {
      |       ^~~
../Spi/SPI.cpp:251:10: error: no declaration matches 'uint16_t SPI::TransmitReceive16B(uint16_t)'
  251 | uint16_t SPI::TransmitReceive16B(uint16_t TxData)
      |          ^~~
../Spi/SPI.cpp:251:10: note: no functions named 'uint16_t SPI::TransmitReceive16B(uint16_t)'
In file included from ../Spi/SPI.cpp:8:
../Spi/SPI.h:77:7: note: 'class SPI' defined here
   77 | class SPI {
      |       ^~~
../Spi/SPI.cpp:263:9: error: no declaration matches 'uint8_t SPI::TransmitReceive8B(uint8_t)'
  263 | uint8_t SPI::TransmitReceive8B(uint8_t TxData)
      |         ^~~
../Spi/SPI.cpp:263:9: note: no functions named 'uint8_t SPI::TransmitReceive8B(uint8_t)'
In file included from ../Spi/SPI.cpp:8:
../Spi/SPI.h:77:7: note: 'class SPI' defined here
   77 | class SPI {
      |       ^~~
make: *** [Spi/subdir.mk:19: Spi/SPI.o] Error 1
make: *** Waiting for unfinished jobs....
"make -j4 all" terminated with exit code 2. Build might be incomplete.
23:39:57 **** Incremental Build of configuration Debug for project STM32F051_RFM69_ATC ****
make -j4 all 
arm-none-eabi-g++ "../Spi/SPI.cpp" -mcpu=cortex-m0 -std=gnu++14 -g3 -DDEBUG -DSTM32F051R8Hx -DSTM32 -DSTM32F0 -c -I../Inc -I"C:/STM32 workspace/STM32 RFM69 SPI TxRx/STM32F051_RFM69_ATC/Spi" -I"C:/STM32 workspace/STM32 RFM69 SPI TxRx/STM32F051_RFM69_ATC/Gpio" -O0 -ffunction-sections -fdata-sections -fno-exceptions -fno-rtti -fno-use-cxa-atexit -Wall -fstack-usage -MMD -MP -MF"Spi/SPI.d" -MT"Spi/SPI.o" --specs=nano.specs -mfloat-abi=soft -mthumb -o "Spi/SPI.o"
In file included from ../Spi/SPI.h:11,
                 from ../Spi/SPI.cpp:8:
C:/STM32 workspace/STM32 RFM69 SPI TxRx/STM32F051_RFM69_ATC/Gpio/Gpio.h:37:19: error: expected ')' before '*' token
   37 |  Gpio(GPIO_TypeDef *PORT, uint16_t gpio_pin);
      |      ~            ^~
      |                   )
C:/STM32 workspace/STM32 RFM69 SPI TxRx/STM32F051_RFM69_ATC/Gpio/Gpio.h:48:2: error: 'GPIO_TypeDef' does not name a type
   48 |  GPIO_TypeDef *item_port;
      |  ^~~~~~~~~~~~
C:/STM32 workspace/STM32 RFM69 SPI TxRx/STM32F051_RFM69_ATC/Gpio/Gpio.h:49:2: error: 'uint16_t' does not name a type
   49 |  uint16_t item_pin;
      |  ^~~~~~~~
In file included from ../Spi/SPI.cpp:8:
../Spi/SPI.h:79:17: error: expected ')' before '*' token
   79 |  SPI(SPI_TypeDef *Port, SPI_DataSize_t size);
      |     ~           ^~
      |                 )
../Spi/SPI.h:82:23: error: 'uint16_t' has not been declared
   82 |  void ReceiveBlocking(uint16_t *buffer, uint16_t n);
      |                       ^~~~~~~~
../Spi/SPI.h:82:41: error: 'uint16_t' has not been declared
   82 |  void ReceiveBlocking(uint16_t *buffer, uint16_t n);
      |                                         ^~~~~~~~
../Spi/SPI.h:83:2: error: 'uint8_t' does not name a type
   83 |  uint8_t Receive(void);
      |  ^~~~~~~
../Spi/SPI.h:85:24: error: 'uint8_t' has not been declared
   85 |  void TransmitBlocking(uint8_t buffer);
      |                        ^~~~~~~
../Spi/SPI.h:103:2: error: 'uint16_t' does not name a type
  103 |  uint16_t TransmitReceive16B(uint16_t TxData);
      |  ^~~~~~~~
../Spi/SPI.h:104:2: error: 'uint8_t' does not name a type
  104 |  uint8_t TransmitReceive8B(uint8_t TxData);
      |  ^~~~~~~
../Spi/SPI.h:105:16: error: 'uint8_t' has not been declared
  105 |  void WriteReg(uint8_t rg, uint8_t dt);
      |                ^~~~~~~
../Spi/SPI.h:105:28: error: 'uint8_t' has not been declared
  105 |  void WriteReg(uint8_t rg, uint8_t dt);
      |                            ^~~~~~~
../Spi/SPI.h:106:2: error: 'uint8_t' does not name a type
  106 |  uint8_t transfer(uint8_t data);
      |  ^~~~~~~
../Spi/SPI.h:107:2: error: 'SPI_TypeDef' does not name a type
  107 |  SPI_TypeDef *SPI_ITEM;
      |  ^~~~~~~~~~~
../Spi/SPI.h:108:2: error: 'GPIO_TypeDef' does not name a type
  108 |  GPIO_TypeDef *MOSI_PORT;
      |  ^~~~~~~~~~~~
../Spi/SPI.h:109:2: error: 'uint16_t' does not name a type
  109 |  uint16_t MOSI_PIN;
      |  ^~~~~~~~
../Spi/SPI.h:110:2: error: 'GPIO_TypeDef' does not name a type
  110 |  GPIO_TypeDef *MISO_PORT;
      |  ^~~~~~~~~~~~
../Spi/SPI.h:111:2: error: 'uint16_t' does not name a type
  111 |  uint16_t MISO_PIN;
      |  ^~~~~~~~
../Spi/SPI.h:112:2: error: 'GPIO_TypeDef' does not name a type
  112 |  GPIO_TypeDef *SCK_PORT;
      |  ^~~~~~~~~~~~
../Spi/SPI.h:113:2: error: 'uint16_t' does not name a type
  113 |  uint16_t SCK_PIN;
      |  ^~~~~~~~
../Spi/SPI.h:114:2: error: 'GPIO_TypeDef' does not name a type
  114 |  GPIO_TypeDef *nSC_PORT;
      |  ^~~~~~~~~~~~
../Spi/SPI.h:115:2: error: 'uint16_t' does not name a type
  115 |  uint16_t nSC_PIN;
      |  ^~~~~~~~
../Spi/SPI.cpp:16:1: error: no declaration matches 'SPI::SPI(SPI_TypeDef*, SPI_DataSize_t)'
   16 | SPI::SPI(SPI_TypeDef *Port, SPI_DataSize_t size)
      | ^~~
In file included from ../Spi/SPI.cpp:8:
../Spi/SPI.h:77:7: note: candidates are: 'constexpr SPI::SPI(SPI&&)'
   77 | class SPI {
      |       ^~~
../Spi/SPI.h:77:7: note:                 'constexpr SPI::SPI(const SPI&)'
../Spi/SPI.h:77:7: note:                 'SPI::SPI()'
../Spi/SPI.h:77:7: note: 'class SPI' defined here
../Spi/SPI.cpp: In member function 'void SPI::Config()':
../Spi/SPI.cpp:46:8: error: 'class SPI' has no member named 'SPI_ITEM'
   46 |  this->SPI_ITEM->CR1 |= SPI_CR1_MSTR;       // 1: Master configuration
      |        ^~~~~~~~
../Spi/SPI.cpp:48:8: error: 'class SPI' has no member named 'SPI_ITEM'
   48 |  this->SPI_ITEM->CR2 &= ~SPI_CR2_DS;       // Clear bitfield
      |        ^~~~~~~~
../Spi/SPI.cpp: In member function 'void SPI::InitGpio()':
../Spi/SPI.cpp:55:8: error: 'class SPI' has no member named 'MISO_PORT'
   55 |  this->MISO_PORT = GPIOA;
      |        ^~~~~~~~~
../Spi/SPI.cpp:56:8: error: 'class SPI' has no member named 'MISO_PIN'
   56 |  this->MISO_PIN = 6;
      |        ^~~~~~~~
../Spi/SPI.cpp:58:8: error: 'class SPI' has no member named 'MOSI_PORT'
   58 |  this->MOSI_PORT = GPIOA;
      |        ^~~~~~~~~
../Spi/SPI.cpp:59:8: error: 'class SPI' has no member named 'MOSI_PIN'
   59 |  this->MOSI_PIN = 7;
      |        ^~~~~~~~
../Spi/SPI.cpp:61:8: error: 'class SPI' has no member named 'SCK_PORT'
   61 |  this->SCK_PORT = GPIOA;
      |        ^~~~~~~~
../Spi/SPI.cpp:62:8: error: 'class SPI' has no member named 'SCK_PIN'
   62 |  this->SCK_PIN = 5;
      |        ^~~~~~~
../Spi/SPI.cpp:64:8: error: 'class SPI' has no member named 'nSC_PORT'
   64 |  this->nSC_PORT = GPIOA;
      |        ^~~~~~~~
../Spi/SPI.cpp:65:8: error: 'class SPI' has no member named 'nSC_PIN'
   65 |  this->nSC_PIN = 3;
      |        ^~~~~~~
../Spi/SPI.cpp:68:25: error: 'class SPI' has no member named 'MISO_PORT'
   68 |  Gpio MISO = Gpio(this->MISO_PORT, this->MISO_PIN);
      |                         ^~~~~~~~~
../Spi/SPI.cpp:68:42: error: 'class SPI' has no member named 'MISO_PIN'
   68 |  Gpio MISO = Gpio(this->MISO_PORT, this->MISO_PIN);
      |                                          ^~~~~~~~
../Spi/SPI.cpp:71:25: error: 'class SPI' has no member named 'MOSI_PORT'
   71 |  Gpio MOSI = Gpio(this->MOSI_PORT, this->MOSI_PIN);
      |                         ^~~~~~~~~
../Spi/SPI.cpp:71:42: error: 'class SPI' has no member named 'MOSI_PIN'
   71 |  Gpio MOSI = Gpio(this->MOSI_PORT, this->MOSI_PIN);
      |                                          ^~~~~~~~
../Spi/SPI.cpp:74:24: error: 'class SPI' has no member named 'SCK_PORT'
   74 |  Gpio SCK = Gpio(this->SCK_PORT, this->SCK_PIN);
      |                        ^~~~~~~~
../Spi/SPI.cpp:74:40: error: 'class SPI' has no member named 'SCK_PIN'
   74 |  Gpio SCK = Gpio(this->SCK_PORT, this->SCK_PIN);
      |                                        ^~~~~~~
../Spi/SPI.cpp:77:24: error: 'class SPI' has no member named 'nSC_PORT'
   77 |  Gpio nCS = Gpio(this->nSC_PORT, this->nSC_PIN);
      |                        ^~~~~~~~
../Spi/SPI.cpp:77:40: error: 'class SPI' has no member named 'nSC_PIN'
   77 |  Gpio nCS = Gpio(this->nSC_PORT, this->nSC_PIN);
      |                                        ^~~~~~~
../Spi/SPI.cpp: In member function 'void SPI::EnableClk()':
../Spi/SPI.cpp:84:12: error: 'class SPI' has no member named 'SPI_ITEM'
   84 |  if (this->SPI_ITEM == SPI1)
      |            ^~~~~~~~
../Spi/SPI.cpp:88:12: error: 'class SPI' has no member named 'SPI_ITEM'
   88 |  if (this->SPI_ITEM == SPI2)
      |            ^~~~~~~~
../Spi/SPI.cpp: In member function 'void SPI::SetFrameSize(SPI_DataSize_t)':
../Spi/SPI.cpp:98:9: error: 'class SPI' has no member named 'SPI_ITEM'
   98 |   this->SPI_ITEM->CR2 |= 0x07 << SPI_CR2_DS_Pos; // 8 Bit frame
      |         ^~~~~~~~
../Spi/SPI.cpp:102:9: error: 'class SPI' has no member named 'SPI_ITEM'
  102 |   this->SPI_ITEM->CR2 |= (0x0F << SPI_CR2_DS_Pos); // 16 Bit frame
      |         ^~~~~~~~
../Spi/SPI.cpp: In member function 'void SPI::SetClockPrsc(SetClockPrsc_t)':
../Spi/SPI.cpp:108:8: error: 'class SPI' has no member named 'SPI_ITEM'
  108 |  this->SPI_ITEM->CR1 |= (Prescaler << SPI_CR1_BR_Pos);
      |        ^~~~~~~~
../Spi/SPI.cpp: In member function 'void SPI::EnableSoftwareSlaveManagment()':
../Spi/SPI.cpp:113:8: error: 'class SPI' has no member named 'SPI_ITEM'
  113 |  this->SPI_ITEM->CR1 |= SPI_CR1_SSM;  // 1: Software slave management enabled
      |        ^~~~~~~~
../Spi/SPI.cpp:114:8: error: 'class SPI' has no member named 'SPI_ITEM'
  114 |  this->SPI_ITEM->CR1 |= SPI_CR1_SSI;  // 1: Internal slave select
      |        ^~~~~~~~
../Spi/SPI.cpp: In member function 'void SPI::DisableSoftwareSlaveManagment()':
../Spi/SPI.cpp:119:8: error: 'class SPI' has no member named 'SPI_ITEM'
  119 |  this->SPI_ITEM->CR1 &= ~SPI_CR1_SSM; // 1: Software slave management disabled
      |        ^~~~~~~~
../Spi/SPI.cpp: In member function 'void SPI::EnableMotorollaMode()':
../Spi/SPI.cpp:124:8: error: 'class SPI' has no member named 'SPI_ITEM'
  124 |  this->SPI_ITEM->CR2 &= ~SPI_CR2_FRF;      // Motorolla mode
      |        ^~~~~~~~
../Spi/SPI.cpp: In member function 'void SPI::nCS_Low()':
../Spi/SPI.cpp:129:8: error: 'class SPI' has no member named 'nSC_PORT'
  129 |  this->nSC_PORT->BSRR |= ((1 << this->nSC_PIN) << 16U); // BIT RESET
      |        ^~~~~~~~
../Spi/SPI.cpp:129:39: error: 'class SPI' has no member named 'nSC_PIN'
  129 |  this->nSC_PORT->BSRR |= ((1 << this->nSC_PIN) << 16U); // BIT RESET
      |                                       ^~~~~~~
../Spi/SPI.cpp: In member function 'void SPI::nCS_High()':
../Spi/SPI.cpp:134:8: error: 'class SPI' has no member named 'nSC_PORT'
  134 |  this->nSC_PORT->BSRR |= (1 << this->nSC_PIN); // BIT SET
      |        ^~~~~~~~
../Spi/SPI.cpp:134:38: error: 'class SPI' has no member named 'nSC_PIN'
  134 |  this->nSC_PORT->BSRR |= (1 << this->nSC_PIN); // BIT SET
      |                                      ^~~~~~~
../Spi/SPI.cpp: In member function 'void SPI::Enable()':
../Spi/SPI.cpp:139:8: error: 'class SPI' has no member named 'SPI_ITEM'
  139 |  this->SPI_ITEM->CR1 |= SPI_CR1_SPE;
      |        ^~~~~~~~
../Spi/SPI.cpp: In member function 'void SPI::Disable()':
../Spi/SPI.cpp:144:8: error: 'class SPI' has no member named 'SPI_ITEM'
  144 |  this->SPI_ITEM->CR1 &= ~SPI_CR1_SPE;
      |        ^~~~~~~~
../Spi/SPI.cpp: In member function 'void SPI::SetClockPolarity(ClockPol_t)':
../Spi/SPI.cpp:150:11: warning: suggest parentheses around assignment used as truth value [-Wparentheses]
  150 |  if (cpol = CPOL1)
      |      ~~~~~^~~~~~~
../Spi/SPI.cpp:152:9: error: 'class SPI' has no member named 'SPI_ITEM'
  152 |   this->SPI_ITEM->CR1 |= SPI_CR1_CPOL;    // Polarity clc signal CPOL = 1;
      |         ^~~~~~~~
../Spi/SPI.cpp:154:11: warning: suggest parentheses around assignment used as truth value [-Wparentheses]
  154 |  if (cpol = CPOL0)
      |      ~~~~~^~~~~~~
../Spi/SPI.cpp:156:9: error: 'class SPI' has no member named 'SPI_ITEM'
  156 |   this->SPI_ITEM->CR1 &= ~SPI_CR1_CPOL;   // Polarity clc signal CPOL = 0;
      |         ^~~~~~~~
../Spi/SPI.cpp: In member function 'void SPI::SetClockPhase(ClockPhase_t)':
../Spi/SPI.cpp:163:11: warning: suggest parentheses around assignment used as truth value [-Wparentheses]
  163 |  if (cpha = CPHA1)
      |      ~~~~~^~~~~~~
../Spi/SPI.cpp:165:9: error: 'class SPI' has no member named 'SPI_ITEM'
  165 |   this->SPI_ITEM->CR1 &= ~SPI_CR1_CPHA;   // Phase clc signal    CPHA = 0;
      |         ^~~~~~~~
../Spi/SPI.cpp:167:11: warning: suggest parentheses around assignment used as truth value [-Wparentheses]
  167 |  if (cpha = CPHA0)
      |      ~~~~~^~~~~~~
../Spi/SPI.cpp:169:9: error: 'class SPI' has no member named 'SPI_ITEM'
  169 |   this->SPI_ITEM->CR1 &= ~SPI_CR1_CPHA;   // Phase clc signal    CPHA = 0;
      |         ^~~~~~~~
../Spi/SPI.cpp: In member function 'void SPI::SetMsbLsbFirst(MSB_LSB_First_t)':
../Spi/SPI.cpp:178:9: error: 'class SPI' has no member named 'SPI_ITEM'
  178 |   this->SPI_ITEM->CR1 &= ~SPI_CR1_LSBFIRST;
      |         ^~~~~~~~
../Spi/SPI.cpp:182:9: error: 'class SPI' has no member named 'SPI_ITEM'
  182 |   this->SPI_ITEM->CR1 |= SPI_CR1_LSBFIRST;
      |         ^~~~~~~~
../Spi/SPI.cpp: At global scope:
../Spi/SPI.cpp:186:9: error: no declaration matches 'uint8_t SPI::transfer(uint8_t)'
  186 | uint8_t SPI::transfer(uint8_t data){
      |         ^~~
../Spi/SPI.cpp:186:9: note: no functions named 'uint8_t SPI::transfer(uint8_t)'
In file included from ../Spi/SPI.cpp:8:
../Spi/SPI.h:77:7: note: 'class SPI' defined here
   77 | class SPI {
      |       ^~~
../Spi/SPI.cpp:199:6: error: no declaration matches 'void SPI::TransmitBlocking(uint8_t)'
  199 | void SPI::TransmitBlocking(uint8_t buffer)
      |      ^~~
In file included from ../Spi/SPI.cpp:8:
../Spi/SPI.h:85:7: note: candidate is: 'void SPI::TransmitBlocking(int)'
   85 |  void TransmitBlocking(uint8_t buffer);
      |       ^~~~~~~~~~~~~~~~
../Spi/SPI.h:77:7: note: 'class SPI' defined here
   77 | class SPI {
      |       ^~~
../Spi/SPI.cpp:217:6: error: no declaration matches 'void SPI::ReceiveBlocking(uint16_t*, uint16_t)'
  217 | void SPI::ReceiveBlocking(uint16_t *buffer, uint16_t n)
      |      ^~~
In file included from ../Spi/SPI.cpp:8:
../Spi/SPI.h:82:7: note: candidate is: 'void SPI::ReceiveBlocking(int*, int)'
   82 |  void ReceiveBlocking(uint16_t *buffer, uint16_t n);
      |       ^~~~~~~~~~~~~~~
../Spi/SPI.h:77:7: note: 'class SPI' defined here
   77 | class SPI {
      |       ^~~
../Spi/SPI.cpp:226:9: error: no declaration matches 'uint8_t SPI::Receive()'
  226 | uint8_t SPI::Receive(void)
      |         ^~~
../Spi/SPI.cpp:226:9: note: no functions named 'uint8_t SPI::Receive()'
In file included from ../Spi/SPI.cpp:8:
../Spi/SPI.h:77:7: note: 'class SPI' defined here
   77 | class SPI {
      |       ^~~
../Spi/SPI.cpp:251:10: error: no declaration matches 'uint16_t SPI::TransmitReceive16B(uint16_t)'
  251 | uint16_t SPI::TransmitReceive16B(uint16_t TxData)
      |          ^~~
../Spi/SPI.cpp:251:10: note: no functions named 'uint16_t SPI::TransmitReceive16B(uint16_t)'
In file included from ../Spi/SPI.cpp:8:
../Spi/SPI.h:77:7: note: 'class SPI' defined here
   77 | class SPI {
      |       ^~~
../Spi/SPI.cpp:263:9: error: no declaration matches 'uint8_t SPI::TransmitReceive8B(uint8_t)'
  263 | uint8_t SPI::TransmitReceive8B(uint8_t TxData)
      |         ^~~
../Spi/SPI.cpp:263:9: note: no functions named 'uint8_t SPI::TransmitReceive8B(uint8_t)'
In file included from ../Spi/SPI.cpp:8:
../Spi/SPI.h:77:7: note: 'class SPI' defined here
   77 | class SPI {
      |       ^~~
make: *** [Spi/subdir.mk:19: Spi/SPI.o] Error 1
"make -j4 all" terminated with exit code 2. Build might be incomplete.
23:41:23 **** Incremental Build of configuration Debug for project STM32F051_RFM69_ATC ****
make -j4 all 
arm-none-eabi-g++ "../Spi/SPI.cpp" -mcpu=cortex-m0 -std=gnu++14 -g3 -DDEBUG -DSTM32F051R8Hx -DSTM32 -DSTM32F0 -c -I../Inc -I"C:/STM32 workspace/STM32 RFM69 SPI TxRx/STM32F051_RFM69_ATC/Spi" -I"C:/STM32 workspace/STM32 RFM69 SPI TxRx/STM32F051_RFM69_ATC/Gpio" -O0 -ffunction-sections -fdata-sections -fno-exceptions -fno-rtti -fno-use-cxa-atexit -Wall -fstack-usage -MMD -MP -MF"Spi/SPI.d" -MT"Spi/SPI.o" --specs=nano.specs -mfloat-abi=soft -mthumb -o "Spi/SPI.o"
In file included from ../Spi/SPI.h:11,
                 from ../Spi/SPI.cpp:8:
C:/STM32 workspace/STM32 RFM69 SPI TxRx/STM32F051_RFM69_ATC/Gpio/Gpio.h:37:19: error: expected ')' before '*' token
   37 |  Gpio(GPIO_TypeDef *PORT, uint16_t gpio_pin);
      |      ~            ^~
      |                   )
C:/STM32 workspace/STM32 RFM69 SPI TxRx/STM32F051_RFM69_ATC/Gpio/Gpio.h:48:2: error: 'GPIO_TypeDef' does not name a type
   48 |  GPIO_TypeDef *item_port;
      |  ^~~~~~~~~~~~
C:/STM32 workspace/STM32 RFM69 SPI TxRx/STM32F051_RFM69_ATC/Gpio/Gpio.h:49:2: error: 'uint16_t' does not name a type
   49 |  uint16_t item_pin;
      |  ^~~~~~~~
In file included from ../Spi/SPI.cpp:8:
../Spi/SPI.h:79:17: error: expected ')' before '*' token
   79 |  SPI(SPI_TypeDef *Port, SPI_DataSize_t size);
      |     ~           ^~
      |                 )
../Spi/SPI.h:82:23: error: 'uint16_t' has not been declared
   82 |  void ReceiveBlocking(uint16_t *buffer, uint16_t n);
      |                       ^~~~~~~~
../Spi/SPI.h:82:41: error: 'uint16_t' has not been declared
   82 |  void ReceiveBlocking(uint16_t *buffer, uint16_t n);
      |                                         ^~~~~~~~
../Spi/SPI.h:83:2: error: 'uint8_t' does not name a type
   83 |  uint8_t Receive(void);
      |  ^~~~~~~
../Spi/SPI.h:85:24: error: 'uint8_t' has not been declared
   85 |  void TransmitBlocking(uint8_t buffer);
      |                        ^~~~~~~
../Spi/SPI.h:103:2: error: 'uint16_t' does not name a type
  103 |  uint16_t TransmitReceive16B(uint16_t TxData);
      |  ^~~~~~~~
../Spi/SPI.h:104:2: error: 'uint8_t' does not name a type
  104 |  uint8_t TransmitReceive8B(uint8_t TxData);
      |  ^~~~~~~
../Spi/SPI.h:105:16: error: 'uint8_t' has not been declared
  105 |  void WriteReg(uint8_t rg, uint8_t dt);
      |                ^~~~~~~
../Spi/SPI.h:105:28: error: 'uint8_t' has not been declared
  105 |  void WriteReg(uint8_t rg, uint8_t dt);
      |                            ^~~~~~~
../Spi/SPI.h:106:2: error: 'uint8_t' does not name a type
  106 |  uint8_t transfer(uint8_t data);
      |  ^~~~~~~
../Spi/SPI.h:107:2: error: 'SPI_TypeDef' does not name a type
  107 |  SPI_TypeDef *SPI_ITEM;
      |  ^~~~~~~~~~~
../Spi/SPI.h:108:2: error: 'GPIO_TypeDef' does not name a type
  108 |  GPIO_TypeDef *MOSI_PORT;
      |  ^~~~~~~~~~~~
../Spi/SPI.h:109:2: error: 'uint16_t' does not name a type
  109 |  uint16_t MOSI_PIN;
      |  ^~~~~~~~
../Spi/SPI.h:110:2: error: 'GPIO_TypeDef' does not name a type
  110 |  GPIO_TypeDef *MISO_PORT;
      |  ^~~~~~~~~~~~
../Spi/SPI.h:111:2: error: 'uint16_t' does not name a type
  111 |  uint16_t MISO_PIN;
      |  ^~~~~~~~
../Spi/SPI.h:112:2: error: 'GPIO_TypeDef' does not name a type
  112 |  GPIO_TypeDef *SCK_PORT;
      |  ^~~~~~~~~~~~
../Spi/SPI.h:113:2: error: 'uint16_t' does not name a type
  113 |  uint16_t SCK_PIN;
      |  ^~~~~~~~
../Spi/SPI.h:114:2: error: 'GPIO_TypeDef' does not name a type
  114 |  GPIO_TypeDef *nSC_PORT;
      |  ^~~~~~~~~~~~
../Spi/SPI.h:115:2: error: 'uint16_t' does not name a type
  115 |  uint16_t nSC_PIN;
      |  ^~~~~~~~
../Spi/SPI.cpp:16:1: error: no declaration matches 'SPI::SPI(SPI_TypeDef*, SPI_DataSize_t)'
   16 | SPI::SPI(SPI_TypeDef *Port, SPI_DataSize_t size)
      | ^~~
In file included from ../Spi/SPI.cpp:8:
../Spi/SPI.h:77:7: note: candidates are: 'constexpr SPI::SPI(SPI&&)'
   77 | class SPI {
      |       ^~~
../Spi/SPI.h:77:7: note:                 'constexpr SPI::SPI(const SPI&)'
../Spi/SPI.h:77:7: note:                 'SPI::SPI()'
../Spi/SPI.h:77:7: note: 'class SPI' defined here
../Spi/SPI.cpp: In member function 'void SPI::Config()':
../Spi/SPI.cpp:46:8: error: 'class SPI' has no member named 'SPI_ITEM'
   46 |  this->SPI_ITEM->CR1 |= SPI_CR1_MSTR;       // 1: Master configuration
      |        ^~~~~~~~
../Spi/SPI.cpp:48:8: error: 'class SPI' has no member named 'SPI_ITEM'
   48 |  this->SPI_ITEM->CR2 &= ~SPI_CR2_DS;       // Clear bitfield
      |        ^~~~~~~~
../Spi/SPI.cpp: In member function 'void SPI::InitGpio()':
../Spi/SPI.cpp:55:8: error: 'class SPI' has no member named 'MISO_PORT'
   55 |  this->MISO_PORT = GPIOA;
      |        ^~~~~~~~~
../Spi/SPI.cpp:56:8: error: 'class SPI' has no member named 'MISO_PIN'
   56 |  this->MISO_PIN = 6;
      |        ^~~~~~~~
../Spi/SPI.cpp:58:8: error: 'class SPI' has no member named 'MOSI_PORT'
   58 |  this->MOSI_PORT = GPIOA;
      |        ^~~~~~~~~
../Spi/SPI.cpp:59:8: error: 'class SPI' has no member named 'MOSI_PIN'
   59 |  this->MOSI_PIN = 7;
      |        ^~~~~~~~
../Spi/SPI.cpp:61:8: error: 'class SPI' has no member named 'SCK_PORT'
   61 |  this->SCK_PORT = GPIOA;
      |        ^~~~~~~~
../Spi/SPI.cpp:62:8: error: 'class SPI' has no member named 'SCK_PIN'
   62 |  this->SCK_PIN = 5;
      |        ^~~~~~~
../Spi/SPI.cpp:64:8: error: 'class SPI' has no member named 'nSC_PORT'
   64 |  this->nSC_PORT = GPIOA;
      |        ^~~~~~~~
../Spi/SPI.cpp:65:8: error: 'class SPI' has no member named 'nSC_PIN'
   65 |  this->nSC_PIN = 3;
      |        ^~~~~~~
../Spi/SPI.cpp:68:25: error: 'class SPI' has no member named 'MISO_PORT'
   68 |  Gpio MISO = Gpio(this->MISO_PORT, this->MISO_PIN);
      |                         ^~~~~~~~~
../Spi/SPI.cpp:68:42: error: 'class SPI' has no member named 'MISO_PIN'
   68 |  Gpio MISO = Gpio(this->MISO_PORT, this->MISO_PIN);
      |                                          ^~~~~~~~
../Spi/SPI.cpp:71:25: error: 'class SPI' has no member named 'MOSI_PORT'
   71 |  Gpio MOSI = Gpio(this->MOSI_PORT, this->MOSI_PIN);
      |                         ^~~~~~~~~
../Spi/SPI.cpp:71:42: error: 'class SPI' has no member named 'MOSI_PIN'
   71 |  Gpio MOSI = Gpio(this->MOSI_PORT, this->MOSI_PIN);
      |                                          ^~~~~~~~
../Spi/SPI.cpp:74:24: error: 'class SPI' has no member named 'SCK_PORT'
   74 |  Gpio SCK = Gpio(this->SCK_PORT, this->SCK_PIN);
      |                        ^~~~~~~~
../Spi/SPI.cpp:74:40: error: 'class SPI' has no member named 'SCK_PIN'
   74 |  Gpio SCK = Gpio(this->SCK_PORT, this->SCK_PIN);
      |                                        ^~~~~~~
../Spi/SPI.cpp:77:24: error: 'class SPI' has no member named 'nSC_PORT'
   77 |  Gpio nCS = Gpio(this->nSC_PORT, this->nSC_PIN);
      |                        ^~~~~~~~
../Spi/SPI.cpp:77:40: error: 'class SPI' has no member named 'nSC_PIN'
   77 |  Gpio nCS = Gpio(this->nSC_PORT, this->nSC_PIN);
      |                                        ^~~~~~~
../Spi/SPI.cpp: In member function 'void SPI::EnableClk()':
../Spi/SPI.cpp:84:12: error: 'class SPI' has no member named 'SPI_ITEM'
   84 |  if (this->SPI_ITEM == SPI1)
      |            ^~~~~~~~
../Spi/SPI.cpp:88:12: error: 'class SPI' has no member named 'SPI_ITEM'
   88 |  if (this->SPI_ITEM == SPI2)
      |            ^~~~~~~~
../Spi/SPI.cpp: In member function 'void SPI::SetFrameSize(SPI_DataSize_t)':
../Spi/SPI.cpp:98:9: error: 'class SPI' has no member named 'SPI_ITEM'
   98 |   this->SPI_ITEM->CR2 |= 0x07 << SPI_CR2_DS_Pos; // 8 Bit frame
      |         ^~~~~~~~
../Spi/SPI.cpp:102:9: error: 'class SPI' has no member named 'SPI_ITEM'
  102 |   this->SPI_ITEM->CR2 |= (0x0F << SPI_CR2_DS_Pos); // 16 Bit frame
      |         ^~~~~~~~
../Spi/SPI.cpp: In member function 'void SPI::SetClockPrsc(SetClockPrsc_t)':
../Spi/SPI.cpp:108:8: error: 'class SPI' has no member named 'SPI_ITEM'
  108 |  this->SPI_ITEM->CR1 |= (Prescaler << SPI_CR1_BR_Pos);
      |        ^~~~~~~~
../Spi/SPI.cpp: In member function 'void SPI::EnableSoftwareSlaveManagment()':
../Spi/SPI.cpp:113:8: error: 'class SPI' has no member named 'SPI_ITEM'
  113 |  this->SPI_ITEM->CR1 |= SPI_CR1_SSM;  // 1: Software slave management enabled
      |        ^~~~~~~~
../Spi/SPI.cpp:114:8: error: 'class SPI' has no member named 'SPI_ITEM'
  114 |  this->SPI_ITEM->CR1 |= SPI_CR1_SSI;  // 1: Internal slave select
      |        ^~~~~~~~
../Spi/SPI.cpp: In member function 'void SPI::DisableSoftwareSlaveManagment()':
../Spi/SPI.cpp:119:8: error: 'class SPI' has no member named 'SPI_ITEM'
  119 |  this->SPI_ITEM->CR1 &= ~SPI_CR1_SSM; // 1: Software slave management disabled
      |        ^~~~~~~~
../Spi/SPI.cpp: In member function 'void SPI::EnableMotorollaMode()':
../Spi/SPI.cpp:124:8: error: 'class SPI' has no member named 'SPI_ITEM'
  124 |  this->SPI_ITEM->CR2 &= ~SPI_CR2_FRF;      // Motorolla mode
      |        ^~~~~~~~
../Spi/SPI.cpp: In member function 'void SPI::nCS_Low()':
../Spi/SPI.cpp:129:8: error: 'class SPI' has no member named 'nSC_PORT'
  129 |  this->nSC_PORT->BSRR |= ((1 << this->nSC_PIN) << 16U); // BIT RESET
      |        ^~~~~~~~
../Spi/SPI.cpp:129:39: error: 'class SPI' has no member named 'nSC_PIN'
  129 |  this->nSC_PORT->BSRR |= ((1 << this->nSC_PIN) << 16U); // BIT RESET
      |                                       ^~~~~~~
../Spi/SPI.cpp: In member function 'void SPI::nCS_High()':
../Spi/SPI.cpp:134:8: error: 'class SPI' has no member named 'nSC_PORT'
  134 |  this->nSC_PORT->BSRR |= (1 << this->nSC_PIN); // BIT SET
      |        ^~~~~~~~
../Spi/SPI.cpp:134:38: error: 'class SPI' has no member named 'nSC_PIN'
  134 |  this->nSC_PORT->BSRR |= (1 << this->nSC_PIN); // BIT SET
      |                                      ^~~~~~~
../Spi/SPI.cpp: In member function 'void SPI::Enable()':
../Spi/SPI.cpp:139:8: error: 'class SPI' has no member named 'SPI_ITEM'
  139 |  this->SPI_ITEM->CR1 |= SPI_CR1_SPE;
      |        ^~~~~~~~
../Spi/SPI.cpp: In member function 'void SPI::Disable()':
../Spi/SPI.cpp:144:8: error: 'class SPI' has no member named 'SPI_ITEM'
  144 |  this->SPI_ITEM->CR1 &= ~SPI_CR1_SPE;
      |        ^~~~~~~~
../Spi/SPI.cpp: In member function 'void SPI::SetClockPolarity(ClockPol_t)':
../Spi/SPI.cpp:150:11: warning: suggest parentheses around assignment used as truth value [-Wparentheses]
  150 |  if (cpol = CPOL1)
      |      ~~~~~^~~~~~~
../Spi/SPI.cpp:152:9: error: 'class SPI' has no member named 'SPI_ITEM'
  152 |   this->SPI_ITEM->CR1 |= SPI_CR1_CPOL;    // Polarity clc signal CPOL = 1;
      |         ^~~~~~~~
../Spi/SPI.cpp:154:11: warning: suggest parentheses around assignment used as truth value [-Wparentheses]
  154 |  if (cpol = CPOL0)
      |      ~~~~~^~~~~~~
../Spi/SPI.cpp:156:9: error: 'class SPI' has no member named 'SPI_ITEM'
  156 |   this->SPI_ITEM->CR1 &= ~SPI_CR1_CPOL;   // Polarity clc signal CPOL = 0;
      |         ^~~~~~~~
../Spi/SPI.cpp: In member function 'void SPI::SetClockPhase(ClockPhase_t)':
../Spi/SPI.cpp:163:11: warning: suggest parentheses around assignment used as truth value [-Wparentheses]
  163 |  if (cpha = CPHA1)
      |      ~~~~~^~~~~~~
../Spi/SPI.cpp:165:9: error: 'class SPI' has no member named 'SPI_ITEM'
  165 |   this->SPI_ITEM->CR1 &= ~SPI_CR1_CPHA;   // Phase clc signal    CPHA = 0;
      |         ^~~~~~~~
../Spi/SPI.cpp:167:11: warning: suggest parentheses around assignment used as truth value [-Wparentheses]
  167 |  if (cpha = CPHA0)
      |      ~~~~~^~~~~~~
../Spi/SPI.cpp:169:9: error: 'class SPI' has no member named 'SPI_ITEM'
  169 |   this->SPI_ITEM->CR1 &= ~SPI_CR1_CPHA;   // Phase clc signal    CPHA = 0;
      |         ^~~~~~~~
../Spi/SPI.cpp: In member function 'void SPI::SetMsbLsbFirst(MSB_LSB_First_t)':
../Spi/SPI.cpp:178:9: error: 'class SPI' has no member named 'SPI_ITEM'
  178 |   this->SPI_ITEM->CR1 &= ~SPI_CR1_LSBFIRST;
      |         ^~~~~~~~
../Spi/SPI.cpp:182:9: error: 'class SPI' has no member named 'SPI_ITEM'
  182 |   this->SPI_ITEM->CR1 |= SPI_CR1_LSBFIRST;
      |         ^~~~~~~~
../Spi/SPI.cpp: At global scope:
../Spi/SPI.cpp:186:9: error: no declaration matches 'uint8_t SPI::transfer(uint8_t)'
  186 | uint8_t SPI::transfer(uint8_t data){
      |         ^~~
../Spi/SPI.cpp:186:9: note: no functions named 'uint8_t SPI::transfer(uint8_t)'
In file included from ../Spi/SPI.cpp:8:
../Spi/SPI.h:77:7: note: 'class SPI' defined here
   77 | class SPI {
      |       ^~~
../Spi/SPI.cpp:199:6: error: no declaration matches 'void SPI::TransmitBlocking(uint8_t)'
  199 | void SPI::TransmitBlocking(uint8_t buffer)
      |      ^~~
In file included from ../Spi/SPI.cpp:8:
../Spi/SPI.h:85:7: note: candidate is: 'void SPI::TransmitBlocking(int)'
   85 |  void TransmitBlocking(uint8_t buffer);
      |       ^~~~~~~~~~~~~~~~
../Spi/SPI.h:77:7: note: 'class SPI' defined here
   77 | class SPI {
      |       ^~~
../Spi/SPI.cpp:217:6: error: no declaration matches 'void SPI::ReceiveBlocking(uint16_t*, uint16_t)'
  217 | void SPI::ReceiveBlocking(uint16_t *buffer, uint16_t n)
      |      ^~~
In file included from ../Spi/SPI.cpp:8:
../Spi/SPI.h:82:7: note: candidate is: 'void SPI::ReceiveBlocking(int*, int)'
   82 |  void ReceiveBlocking(uint16_t *buffer, uint16_t n);
      |       ^~~~~~~~~~~~~~~
../Spi/SPI.h:77:7: note: 'class SPI' defined here
   77 | class SPI {
      |       ^~~
../Spi/SPI.cpp:226:9: error: no declaration matches 'uint8_t SPI::Receive()'
  226 | uint8_t SPI::Receive(void)
      |         ^~~
../Spi/SPI.cpp:226:9: note: no functions named 'uint8_t SPI::Receive()'
In file included from ../Spi/SPI.cpp:8:
../Spi/SPI.h:77:7: note: 'class SPI' defined here
   77 | class SPI {
      |       ^~~
../Spi/SPI.cpp:251:10: error: no declaration matches 'uint16_t SPI::TransmitReceive16B(uint16_t)'
  251 | uint16_t SPI::TransmitReceive16B(uint16_t TxData)
      |          ^~~
../Spi/SPI.cpp:251:10: note: no functions named 'uint16_t SPI::TransmitReceive16B(uint16_t)'
In file included from ../Spi/SPI.cpp:8:
../Spi/SPI.h:77:7: note: 'class SPI' defined here
   77 | class SPI {
      |       ^~~
../Spi/SPI.cpp:263:9: error: no declaration matches 'uint8_t SPI::TransmitReceive8B(uint8_t)'
  263 | uint8_t SPI::TransmitReceive8B(uint8_t TxData)
      |         ^~~
../Spi/SPI.cpp:263:9: note: no functions named 'uint8_t SPI::TransmitReceive8B(uint8_t)'
In file included from ../Spi/SPI.cpp:8:
../Spi/SPI.h:77:7: note: 'class SPI' defined here
   77 | class SPI {
      |       ^~~
make: *** [Spi/subdir.mk:19: Spi/SPI.o] Error 1
"make -j4 all" terminated with exit code 2. Build might be incomplete.
23:41:33 **** Incremental Build of configuration Debug for project STM32F051_RFM69_ATC ****
make -j4 all 
arm-none-eabi-g++ "../Src/main.cpp" -mcpu=cortex-m0 -std=gnu++14 -g3 -DDEBUG -DSTM32F051R8Hx -DSTM32 -DSTM32F0 -c -I../Inc -I"C:/STM32 workspace/STM32 RFM69 SPI TxRx/STM32F051_RFM69_ATC/Spi" -I"C:/STM32 workspace/STM32 RFM69 SPI TxRx/STM32F051_RFM69_ATC/Gpio" -O0 -ffunction-sections -fdata-sections -fno-exceptions -fno-rtti -fno-use-cxa-atexit -Wall -fstack-usage -MMD -MP -MF"Src/main.d" -MT"Src/main.o" --specs=nano.specs -mfloat-abi=soft -mthumb -o "Src/main.o"
arm-none-eabi-g++ "../Spi/SPI.cpp" -mcpu=cortex-m0 -std=gnu++14 -g3 -DDEBUG -DSTM32F051R8Hx -DSTM32 -DSTM32F0 -c -I../Inc -I"C:/STM32 workspace/STM32 RFM69 SPI TxRx/STM32F051_RFM69_ATC/Spi" -I"C:/STM32 workspace/STM32 RFM69 SPI TxRx/STM32F051_RFM69_ATC/Gpio" -O0 -ffunction-sections -fdata-sections -fno-exceptions -fno-rtti -fno-use-cxa-atexit -Wall -fstack-usage -MMD -MP -MF"Spi/SPI.d" -MT"Spi/SPI.o" --specs=nano.specs -mfloat-abi=soft -mthumb -o "Spi/SPI.o"
In file included from ../Spi/SPI.h:11,
                 from ../Spi/SPI.cpp:8:
C:/STM32 workspace/STM32 RFM69 SPI TxRx/STM32F051_RFM69_ATC/Gpio/Gpio.h:37:19: error: expected ')' before '*' token
   37 |  Gpio(GPIO_TypeDef *PORT, uint16_t gpio_pin);
      |      ~            ^~
      |                   )
C:/STM32 workspace/STM32 RFM69 SPI TxRx/STM32F051_RFM69_ATC/Gpio/Gpio.h:48:2: error: 'GPIO_TypeDef' does not name a type
   48 |  GPIO_TypeDef *item_port;
      |  ^~~~~~~~~~~~
C:/STM32 workspace/STM32 RFM69 SPI TxRx/STM32F051_RFM69_ATC/Gpio/Gpio.h:49:2: error: 'uint16_t' does not name a type
   49 |  uint16_t item_pin;
      |  ^~~~~~~~
In file included from ../Spi/SPI.cpp:8:
../Spi/SPI.h:79:17: error: expected ')' before '*' token
   79 |  SPI(SPI_TypeDef *Port, SPI_DataSize_t size);
      |     ~           ^~
      |                 )
../Spi/SPI.h:82:23: error: 'uint16_t' has not been declared
   82 |  void ReceiveBlocking(uint16_t *buffer, uint16_t n);
      |                       ^~~~~~~~
../Spi/SPI.h:82:41: error: 'uint16_t' has not been declared
   82 |  void ReceiveBlocking(uint16_t *buffer, uint16_t n);
      |                                         ^~~~~~~~
../Spi/SPI.h:83:2: error: 'uint8_t' does not name a type
   83 |  uint8_t Receive(void);
      |  ^~~~~~~
../Spi/SPI.h:85:24: error: 'uint8_t' has not been declared
   85 |  void TransmitBlocking(uint8_t buffer);
      |                        ^~~~~~~
../Spi/SPI.h:103:2: error: 'uint16_t' does not name a type
  103 |  uint16_t TransmitReceive16B(uint16_t TxData);
      |  ^~~~~~~~
../Spi/SPI.h:104:2: error: 'uint8_t' does not name a type
  104 |  uint8_t TransmitReceive8B(uint8_t TxData);
      |  ^~~~~~~
../Spi/SPI.h:105:16: error: 'uint8_t' has not been declared
  105 |  void WriteReg(uint8_t rg, uint8_t dt);
      |                ^~~~~~~
../Spi/SPI.h:105:28: error: 'uint8_t' has not been declared
  105 |  void WriteReg(uint8_t rg, uint8_t dt);
      |                            ^~~~~~~
../Spi/SPI.h:106:2: error: 'uint8_t' does not name a type
  106 |  uint8_t transfer(uint8_t data);
      |  ^~~~~~~
../Spi/SPI.h:107:2: error: 'SPI_TypeDef' does not name a type
  107 |  SPI_TypeDef *SPI_ITEM;
      |  ^~~~~~~~~~~
../Spi/SPI.h:108:2: error: 'GPIO_TypeDef' does not name a type
  108 |  GPIO_TypeDef *MOSI_PORT;
      |  ^~~~~~~~~~~~
../Spi/SPI.h:109:2: error: 'uint16_t' does not name a type
  109 |  uint16_t MOSI_PIN;
      |  ^~~~~~~~
../Spi/SPI.h:110:2: error: 'GPIO_TypeDef' does not name a type
  110 |  GPIO_TypeDef *MISO_PORT;
      |  ^~~~~~~~~~~~
../Spi/SPI.h:111:2: error: 'uint16_t' does not name a type
  111 |  uint16_t MISO_PIN;
      |  ^~~~~~~~
../Spi/SPI.h:112:2: error: 'GPIO_TypeDef' does not name a type
  112 |  GPIO_TypeDef *SCK_PORT;
      |  ^~~~~~~~~~~~
../Spi/SPI.h:113:2: error: 'uint16_t' does not name a type
  113 |  uint16_t SCK_PIN;
      |  ^~~~~~~~
../Spi/SPI.h:114:2: error: 'GPIO_TypeDef' does not name a type
  114 |  GPIO_TypeDef *nSC_PORT;
      |  ^~~~~~~~~~~~
../Spi/SPI.h:115:2: error: 'uint16_t' does not name a type
  115 |  uint16_t nSC_PIN;
      |  ^~~~~~~~
../Spi/SPI.cpp:16:1: error: no declaration matches 'SPI::SPI(SPI_TypeDef*, SPI_DataSize_t)'
   16 | SPI::SPI(SPI_TypeDef *Port, SPI_DataSize_t size)
      | ^~~
In file included from ../Spi/SPI.cpp:8:
../Spi/SPI.h:77:7: note: candidates are: 'constexpr SPI::SPI(SPI&&)'
   77 | class SPI {
      |       ^~~
../Spi/SPI.h:77:7: note:                 'constexpr SPI::SPI(const SPI&)'
../Spi/SPI.h:77:7: note:                 'SPI::SPI()'
../Spi/SPI.h:77:7: note: 'class SPI' defined here
../Spi/SPI.cpp: In member function 'void SPI::Config()':
../Spi/SPI.cpp:46:8: error: 'class SPI' has no member named 'SPI_ITEM'
   46 |  this->SPI_ITEM->CR1 |= SPI_CR1_MSTR;       // 1: Master configuration
      |        ^~~~~~~~
../Spi/SPI.cpp:48:8: error: 'class SPI' has no member named 'SPI_ITEM'
   48 |  this->SPI_ITEM->CR2 &= ~SPI_CR2_DS;       // Clear bitfield
      |        ^~~~~~~~
../Spi/SPI.cpp: In member function 'void SPI::InitGpio()':
../Spi/SPI.cpp:55:8: error: 'class SPI' has no member named 'MISO_PORT'
   55 |  this->MISO_PORT = GPIOA;
      |        ^~~~~~~~~
../Spi/SPI.cpp:56:8: error: 'class SPI' has no member named 'MISO_PIN'
   56 |  this->MISO_PIN = 6;
      |        ^~~~~~~~
../Spi/SPI.cpp:58:8: error: 'class SPI' has no member named 'MOSI_PORT'
   58 |  this->MOSI_PORT = GPIOA;
      |        ^~~~~~~~~
../Spi/SPI.cpp:59:8: error: 'class SPI' has no member named 'MOSI_PIN'
   59 |  this->MOSI_PIN = 7;
      |        ^~~~~~~~
../Spi/SPI.cpp:61:8: error: 'class SPI' has no member named 'SCK_PORT'
   61 |  this->SCK_PORT = GPIOA;
      |        ^~~~~~~~
../Spi/SPI.cpp:62:8: error: 'class SPI' has no member named 'SCK_PIN'
   62 |  this->SCK_PIN = 5;
      |        ^~~~~~~
../Spi/SPI.cpp:64:8: error: 'class SPI' has no member named 'nSC_PORT'
   64 |  this->nSC_PORT = GPIOA;
      |        ^~~~~~~~
../Spi/SPI.cpp:65:8: error: 'class SPI' has no member named 'nSC_PIN'
   65 |  this->nSC_PIN = 3;
      |        ^~~~~~~
../Spi/SPI.cpp:68:25: error: 'class SPI' has no member named 'MISO_PORT'
   68 |  Gpio MISO = Gpio(this->MISO_PORT, this->MISO_PIN);
      |                         ^~~~~~~~~
../Spi/SPI.cpp:68:42: error: 'class SPI' has no member named 'MISO_PIN'
   68 |  Gpio MISO = Gpio(this->MISO_PORT, this->MISO_PIN);
      |                                          ^~~~~~~~
../Spi/SPI.cpp:71:25: error: 'class SPI' has no member named 'MOSI_PORT'
   71 |  Gpio MOSI = Gpio(this->MOSI_PORT, this->MOSI_PIN);
      |                         ^~~~~~~~~
../Spi/SPI.cpp:71:42: error: 'class SPI' has no member named 'MOSI_PIN'
   71 |  Gpio MOSI = Gpio(this->MOSI_PORT, this->MOSI_PIN);
      |                                          ^~~~~~~~
../Spi/SPI.cpp:74:24: error: 'class SPI' has no member named 'SCK_PORT'
   74 |  Gpio SCK = Gpio(this->SCK_PORT, this->SCK_PIN);
      |                        ^~~~~~~~
../Spi/SPI.cpp:74:40: error: 'class SPI' has no member named 'SCK_PIN'
   74 |  Gpio SCK = Gpio(this->SCK_PORT, this->SCK_PIN);
      |                                        ^~~~~~~
../Spi/SPI.cpp:77:24: error: 'class SPI' has no member named 'nSC_PORT'
   77 |  Gpio nCS = Gpio(this->nSC_PORT, this->nSC_PIN);
      |                        ^~~~~~~~
../Spi/SPI.cpp:77:40: error: 'class SPI' has no member named 'nSC_PIN'
   77 |  Gpio nCS = Gpio(this->nSC_PORT, this->nSC_PIN);
      |                                        ^~~~~~~
../Spi/SPI.cpp: In member function 'void SPI::EnableClk()':
../Spi/SPI.cpp:84:12: error: 'class SPI' has no member named 'SPI_ITEM'
   84 |  if (this->SPI_ITEM == SPI1)
      |            ^~~~~~~~
../Spi/SPI.cpp:88:12: error: 'class SPI' has no member named 'SPI_ITEM'
   88 |  if (this->SPI_ITEM == SPI2)
      |            ^~~~~~~~
../Spi/SPI.cpp: In member function 'void SPI::SetFrameSize(SPI_DataSize_t)':
../Spi/SPI.cpp:98:9: error: 'class SPI' has no member named 'SPI_ITEM'
   98 |   this->SPI_ITEM->CR2 |= 0x07 << SPI_CR2_DS_Pos; // 8 Bit frame
      |         ^~~~~~~~
../Spi/SPI.cpp:102:9: error: 'class SPI' has no member named 'SPI_ITEM'
  102 |   this->SPI_ITEM->CR2 |= (0x0F << SPI_CR2_DS_Pos); // 16 Bit frame
      |         ^~~~~~~~
../Spi/SPI.cpp: In member function 'void SPI::SetClockPrsc(SetClockPrsc_t)':
../Spi/SPI.cpp:108:8: error: 'class SPI' has no member named 'SPI_ITEM'
  108 |  this->SPI_ITEM->CR1 |= (Prescaler << SPI_CR1_BR_Pos);
      |        ^~~~~~~~
../Spi/SPI.cpp: In member function 'void SPI::EnableSoftwareSlaveManagment()':
../Spi/SPI.cpp:113:8: error: 'class SPI' has no member named 'SPI_ITEM'
  113 |  this->SPI_ITEM->CR1 |= SPI_CR1_SSM;  // 1: Software slave management enabled
      |        ^~~~~~~~
../Spi/SPI.cpp:114:8: error: 'class SPI' has no member named 'SPI_ITEM'
  114 |  this->SPI_ITEM->CR1 |= SPI_CR1_SSI;  // 1: Internal slave select
      |        ^~~~~~~~
../Spi/SPI.cpp: In member function 'void SPI::DisableSoftwareSlaveManagment()':
../Spi/SPI.cpp:119:8: error: 'class SPI' has no member named 'SPI_ITEM'
  119 |  this->SPI_ITEM->CR1 &= ~SPI_CR1_SSM; // 1: Software slave management disabled
      |        ^~~~~~~~
../Spi/SPI.cpp: In member function 'void SPI::EnableMotorollaMode()':
../Spi/SPI.cpp:124:8: error: 'class SPI' has no member named 'SPI_ITEM'
  124 |  this->SPI_ITEM->CR2 &= ~SPI_CR2_FRF;      // Motorolla mode
      |        ^~~~~~~~
../Spi/SPI.cpp: In member function 'void SPI::nCS_Low()':
../Spi/SPI.cpp:129:8: error: 'class SPI' has no member named 'nSC_PORT'
  129 |  this->nSC_PORT->BSRR |= ((1 << this->nSC_PIN) << 16U); // BIT RESET
      |        ^~~~~~~~
../Spi/SPI.cpp:129:39: error: 'class SPI' has no member named 'nSC_PIN'
  129 |  this->nSC_PORT->BSRR |= ((1 << this->nSC_PIN) << 16U); // BIT RESET
      |                                       ^~~~~~~
../Spi/SPI.cpp: In member function 'void SPI::nCS_High()':
../Spi/SPI.cpp:134:8: error: 'class SPI' has no member named 'nSC_PORT'
  134 |  this->nSC_PORT->BSRR |= (1 << this->nSC_PIN); // BIT SET
      |        ^~~~~~~~
../Spi/SPI.cpp:134:38: error: 'class SPI' has no member named 'nSC_PIN'
  134 |  this->nSC_PORT->BSRR |= (1 << this->nSC_PIN); // BIT SET
      |                                      ^~~~~~~
../Spi/SPI.cpp: In member function 'void SPI::Enable()':
../Spi/SPI.cpp:139:8: error: 'class SPI' has no member named 'SPI_ITEM'
  139 |  this->SPI_ITEM->CR1 |= SPI_CR1_SPE;
      |        ^~~~~~~~
../Spi/SPI.cpp: In member function 'void SPI::Disable()':
../Spi/SPI.cpp:144:8: error: 'class SPI' has no member named 'SPI_ITEM'
  144 |  this->SPI_ITEM->CR1 &= ~SPI_CR1_SPE;
      |        ^~~~~~~~
../Spi/SPI.cpp: In member function 'void SPI::SetClockPolarity(ClockPol_t)':
../Spi/SPI.cpp:150:11: warning: suggest parentheses around assignment used as truth value [-Wparentheses]
  150 |  if (cpol = CPOL1)
      |      ~~~~~^~~~~~~
../Spi/SPI.cpp:152:9: error: 'class SPI' has no member named 'SPI_ITEM'
  152 |   this->SPI_ITEM->CR1 |= SPI_CR1_CPOL;    // Polarity clc signal CPOL = 1;
      |         ^~~~~~~~
../Spi/SPI.cpp:154:11: warning: suggest parentheses around assignment used as truth value [-Wparentheses]
  154 |  if (cpol = CPOL0)
      |      ~~~~~^~~~~~~
../Spi/SPI.cpp:156:9: error: 'class SPI' has no member named 'SPI_ITEM'
  156 |   this->SPI_ITEM->CR1 &= ~SPI_CR1_CPOL;   // Polarity clc signal CPOL = 0;
      |         ^~~~~~~~
../Spi/SPI.cpp: In member function 'void SPI::SetClockPhase(ClockPhase_t)':
../Spi/SPI.cpp:163:11: warning: suggest parentheses around assignment used as truth value [-Wparentheses]
  163 |  if (cpha = CPHA1)
      |      ~~~~~^~~~~~~
../Spi/SPI.cpp:165:9: error: 'class SPI' has no member named 'SPI_ITEM'
  165 |   this->SPI_ITEM->CR1 &= ~SPI_CR1_CPHA;   // Phase clc signal    CPHA = 0;
      |         ^~~~~~~~
../Spi/SPI.cpp:167:11: warning: suggest parentheses around assignment used as truth value [-Wparentheses]
  167 |  if (cpha = CPHA0)
      |      ~~~~~^~~~~~~
../Spi/SPI.cpp:169:9: error: 'class SPI' has no member named 'SPI_ITEM'
  169 |   this->SPI_ITEM->CR1 &= ~SPI_CR1_CPHA;   // Phase clc signal    CPHA = 0;
      |         ^~~~~~~~
../Spi/SPI.cpp: In member function 'void SPI::SetMsbLsbFirst(MSB_LSB_First_t)':
../Spi/SPI.cpp:178:9: error: 'class SPI' has no member named 'SPI_ITEM'
  178 |   this->SPI_ITEM->CR1 &= ~SPI_CR1_LSBFIRST;
      |         ^~~~~~~~
../Spi/SPI.cpp:182:9: error: 'class SPI' has no member named 'SPI_ITEM'
  182 |   this->SPI_ITEM->CR1 |= SPI_CR1_LSBFIRST;
      |         ^~~~~~~~
../Spi/SPI.cpp: At global scope:
../Spi/SPI.cpp:186:9: error: no declaration matches 'uint8_t SPI::transfer(uint8_t)'
  186 | uint8_t SPI::transfer(uint8_t data){
      |         ^~~
../Spi/SPI.cpp:186:9: note: no functions named 'uint8_t SPI::transfer(uint8_t)'
In file included from ../Spi/SPI.cpp:8:
../Spi/SPI.h:77:7: note: 'class SPI' defined here
   77 | class SPI {
      |       ^~~
../Spi/SPI.cpp:199:6: error: no declaration matches 'void SPI::TransmitBlocking(uint8_t)'
  199 | void SPI::TransmitBlocking(uint8_t buffer)
      |      ^~~
In file included from ../Spi/SPI.cpp:8:
../Spi/SPI.h:85:7: note: candidate is: 'void SPI::TransmitBlocking(int)'
   85 |  void TransmitBlocking(uint8_t buffer);
      |       ^~~~~~~~~~~~~~~~
../Spi/SPI.h:77:7: note: 'class SPI' defined here
   77 | class SPI {
      |       ^~~
../Spi/SPI.cpp:217:6: error: no declaration matches 'void SPI::ReceiveBlocking(uint16_t*, uint16_t)'
  217 | void SPI::ReceiveBlocking(uint16_t *buffer, uint16_t n)
      |      ^~~
In file included from ../Spi/SPI.cpp:8:
../Spi/SPI.h:82:7: note: candidate is: 'void SPI::ReceiveBlocking(int*, int)'
   82 |  void ReceiveBlocking(uint16_t *buffer, uint16_t n);
      |       ^~~~~~~~~~~~~~~
../Spi/SPI.h:77:7: note: 'class SPI' defined here
   77 | class SPI {
      |       ^~~
../Spi/SPI.cpp:226:9: error: no declaration matches 'uint8_t SPI::Receive()'
  226 | uint8_t SPI::Receive(void)
      |         ^~~
../Spi/SPI.cpp:226:9: note: no functions named 'uint8_t SPI::Receive()'
In file included from ../Spi/SPI.cpp:8:
../Spi/SPI.h:77:7: note: 'class SPI' defined here
   77 | class SPI {
      |       ^~~
../Spi/SPI.cpp:251:10: error: no declaration matches 'uint16_t SPI::TransmitReceive16B(uint16_t)'
  251 | uint16_t SPI::TransmitReceive16B(uint16_t TxData)
      |          ^~~
../Spi/SPI.cpp:251:10: note: no functions named 'uint16_t SPI::TransmitReceive16B(uint16_t)'
In file included from ../Spi/SPI.cpp:8:
../Spi/SPI.h:77:7: note: 'class SPI' defined here
   77 | class SPI {
      |       ^~~
../Spi/SPI.cpp:263:9: error: no declaration matches 'uint8_t SPI::TransmitReceive8B(uint8_t)'
  263 | uint8_t SPI::TransmitReceive8B(uint8_t TxData)
      |         ^~~
../Spi/SPI.cpp:263:9: note: no functions named 'uint8_t SPI::TransmitReceive8B(uint8_t)'
In file included from ../Spi/SPI.cpp:8:
../Spi/SPI.h:77:7: note: 'class SPI' defined here
   77 | class SPI {
      |       ^~~
make: *** [Spi/subdir.mk:19: Spi/SPI.o] Error 1
make: *** Waiting for unfinished jobs....
"make -j4 all" terminated with exit code 2. Build might be incomplete.
23:41:34 **** Build of configuration Debug for project STM32F051_RFM69_Cpp_Receiver ****
make -j4 all 
arm-none-eabi-objdump -h -S  STM32F051_RFM69_Cpp_Receiver.elf  > "STM32F051_RFM69_Cpp_Receiver.list"
arm-none-eabi-objcopy  -O binary  STM32F051_RFM69_Cpp_Receiver.elf  "STM32F051_RFM69_Cpp_Receiver.bin"
arm-none-eabi-size   STM32F051_RFM69_Cpp_Receiver.elf 
   text	   data	    bss	    dec	    hex	filename
  19752	    116	   1744	  21612	   546c	STM32F051_RFM69_Cpp_Receiver.elf
Finished building: default.size.stdout
 
Finished building: STM32F051_RFM69_Cpp_Receiver.bin
 
Finished building: STM32F051_RFM69_Cpp_Receiver.list
 
23:42:02 **** Incremental Build of configuration Debug for project STM32F051_RFM69_ATC ****
make -j4 all 
arm-none-eabi-g++ "../Src/main.cpp" -mcpu=cortex-m0 -std=gnu++14 -g3 -DDEBUG -DSTM32F051R8Hx -DSTM32 -DSTM32F0 -c -I../Inc -I"C:/STM32 workspace/STM32 RFM69 SPI TxRx/STM32F051_RFM69_ATC/Spi" -I"C:/STM32 workspace/STM32 RFM69 SPI TxRx/STM32F051_RFM69_ATC/Gpio" -O0 -ffunction-sections -fdata-sections -fno-exceptions -fno-rtti -fno-use-cxa-atexit -Wall -fstack-usage -MMD -MP -MF"Src/main.d" -MT"Src/main.o" --specs=nano.specs -mfloat-abi=soft -mthumb -o "Src/main.o"
arm-none-eabi-g++ "../Spi/SPI.cpp" -mcpu=cortex-m0 -std=gnu++14 -g3 -DDEBUG -DSTM32F051R8Hx -DSTM32 -DSTM32F0 -c -I../Inc -I"C:/STM32 workspace/STM32 RFM69 SPI TxRx/STM32F051_RFM69_ATC/Spi" -I"C:/STM32 workspace/STM32 RFM69 SPI TxRx/STM32F051_RFM69_ATC/Gpio" -O0 -ffunction-sections -fdata-sections -fno-exceptions -fno-rtti -fno-use-cxa-atexit -Wall -fstack-usage -MMD -MP -MF"Spi/SPI.d" -MT"Spi/SPI.o" --specs=nano.specs -mfloat-abi=soft -mthumb -o "Spi/SPI.o"
In file included from ../Spi/SPI.h:11,
                 from ../Spi/SPI.cpp:8:
C:/STM32 workspace/STM32 RFM69 SPI TxRx/STM32F051_RFM69_ATC/Gpio/Gpio.h:37:19: error: expected ')' before '*' token
   37 |  Gpio(GPIO_TypeDef *PORT, uint16_t gpio_pin);
      |      ~            ^~
      |                   )
C:/STM32 workspace/STM32 RFM69 SPI TxRx/STM32F051_RFM69_ATC/Gpio/Gpio.h:48:2: error: 'GPIO_TypeDef' does not name a type
   48 |  GPIO_TypeDef *item_port;
      |  ^~~~~~~~~~~~
C:/STM32 workspace/STM32 RFM69 SPI TxRx/STM32F051_RFM69_ATC/Gpio/Gpio.h:49:2: error: 'uint16_t' does not name a type
   49 |  uint16_t item_pin;
      |  ^~~~~~~~
In file included from ../Spi/SPI.cpp:8:
../Spi/SPI.h:79:17: error: expected ')' before '*' token
   79 |  SPI(SPI_TypeDef *Port, SPI_DataSize_t size);
      |     ~           ^~
      |                 )
../Spi/SPI.h:82:23: error: 'uint16_t' has not been declared
   82 |  void ReceiveBlocking(uint16_t *buffer, uint16_t n);
      |                       ^~~~~~~~
../Spi/SPI.h:82:41: error: 'uint16_t' has not been declared
   82 |  void ReceiveBlocking(uint16_t *buffer, uint16_t n);
      |                                         ^~~~~~~~
../Spi/SPI.h:83:2: error: 'uint8_t' does not name a type
   83 |  uint8_t Receive(void);
      |  ^~~~~~~
../Spi/SPI.h:85:24: error: 'uint8_t' has not been declared
   85 |  void TransmitBlocking(uint8_t buffer);
      |                        ^~~~~~~
../Spi/SPI.h:103:2: error: 'uint16_t' does not name a type
  103 |  uint16_t TransmitReceive16B(uint16_t TxData);
      |  ^~~~~~~~
../Spi/SPI.h:104:2: error: 'uint8_t' does not name a type
  104 |  uint8_t TransmitReceive8B(uint8_t TxData);
      |  ^~~~~~~
../Spi/SPI.h:105:16: error: 'uint8_t' has not been declared
  105 |  void WriteReg(uint8_t rg, uint8_t dt);
      |                ^~~~~~~
../Spi/SPI.h:105:28: error: 'uint8_t' has not been declared
  105 |  void WriteReg(uint8_t rg, uint8_t dt);
      |                            ^~~~~~~
../Spi/SPI.h:106:2: error: 'uint8_t' does not name a type
  106 |  uint8_t transfer(uint8_t data);
      |  ^~~~~~~
../Spi/SPI.h:107:2: error: 'SPI_TypeDef' does not name a type
  107 |  SPI_TypeDef *SPI_ITEM;
      |  ^~~~~~~~~~~
../Spi/SPI.h:108:2: error: 'GPIO_TypeDef' does not name a type
  108 |  GPIO_TypeDef *MOSI_PORT;
      |  ^~~~~~~~~~~~
../Spi/SPI.h:109:2: error: 'uint16_t' does not name a type
  109 |  uint16_t MOSI_PIN;
      |  ^~~~~~~~
../Spi/SPI.h:110:2: error: 'GPIO_TypeDef' does not name a type
  110 |  GPIO_TypeDef *MISO_PORT;
      |  ^~~~~~~~~~~~
../Spi/SPI.h:111:2: error: 'uint16_t' does not name a type
  111 |  uint16_t MISO_PIN;
      |  ^~~~~~~~
../Spi/SPI.h:112:2: error: 'GPIO_TypeDef' does not name a type
  112 |  GPIO_TypeDef *SCK_PORT;
      |  ^~~~~~~~~~~~
../Spi/SPI.h:113:2: error: 'uint16_t' does not name a type
  113 |  uint16_t SCK_PIN;
      |  ^~~~~~~~
../Spi/SPI.h:114:2: error: 'GPIO_TypeDef' does not name a type
  114 |  GPIO_TypeDef *nSC_PORT;
      |  ^~~~~~~~~~~~
../Spi/SPI.h:115:2: error: 'uint16_t' does not name a type
  115 |  uint16_t nSC_PIN;
      |  ^~~~~~~~
../Spi/SPI.cpp:16:1: error: no declaration matches 'SPI::SPI(SPI_TypeDef*, SPI_DataSize_t)'
   16 | SPI::SPI(SPI_TypeDef *Port, SPI_DataSize_t size)
      | ^~~
In file included from ../Spi/SPI.cpp:8:
../Spi/SPI.h:77:7: note: candidates are: 'constexpr SPI::SPI(SPI&&)'
   77 | class SPI {
      |       ^~~
../Spi/SPI.h:77:7: note:                 'constexpr SPI::SPI(const SPI&)'
../Spi/SPI.h:77:7: note:                 'SPI::SPI()'
../Spi/SPI.h:77:7: note: 'class SPI' defined here
../Spi/SPI.cpp: In member function 'void SPI::Config()':
../Spi/SPI.cpp:46:8: error: 'class SPI' has no member named 'SPI_ITEM'
   46 |  this->SPI_ITEM->CR1 |= SPI_CR1_MSTR;       // 1: Master configuration
      |        ^~~~~~~~
../Spi/SPI.cpp:48:8: error: 'class SPI' has no member named 'SPI_ITEM'
   48 |  this->SPI_ITEM->CR2 &= ~SPI_CR2_DS;       // Clear bitfield
      |        ^~~~~~~~
../Spi/SPI.cpp: In member function 'void SPI::InitGpio()':
../Spi/SPI.cpp:55:8: error: 'class SPI' has no member named 'MISO_PORT'
   55 |  this->MISO_PORT = GPIOA;
      |        ^~~~~~~~~
../Spi/SPI.cpp:56:8: error: 'class SPI' has no member named 'MISO_PIN'
   56 |  this->MISO_PIN = 6;
      |        ^~~~~~~~
../Spi/SPI.cpp:58:8: error: 'class SPI' has no member named 'MOSI_PORT'
   58 |  this->MOSI_PORT = GPIOA;
      |        ^~~~~~~~~
../Spi/SPI.cpp:59:8: error: 'class SPI' has no member named 'MOSI_PIN'
   59 |  this->MOSI_PIN = 7;
      |        ^~~~~~~~
../Spi/SPI.cpp:61:8: error: 'class SPI' has no member named 'SCK_PORT'
   61 |  this->SCK_PORT = GPIOA;
      |        ^~~~~~~~
../Spi/SPI.cpp:62:8: error: 'class SPI' has no member named 'SCK_PIN'
   62 |  this->SCK_PIN = 5;
      |        ^~~~~~~
../Spi/SPI.cpp:64:8: error: 'class SPI' has no member named 'nSC_PORT'
   64 |  this->nSC_PORT = GPIOA;
      |        ^~~~~~~~
../Spi/SPI.cpp:65:8: error: 'class SPI' has no member named 'nSC_PIN'
   65 |  this->nSC_PIN = 3;
      |        ^~~~~~~
../Spi/SPI.cpp:68:25: error: 'class SPI' has no member named 'MISO_PORT'
   68 |  Gpio MISO = Gpio(this->MISO_PORT, this->MISO_PIN);
      |                         ^~~~~~~~~
../Spi/SPI.cpp:68:42: error: 'class SPI' has no member named 'MISO_PIN'
   68 |  Gpio MISO = Gpio(this->MISO_PORT, this->MISO_PIN);
      |                                          ^~~~~~~~
../Spi/SPI.cpp:71:25: error: 'class SPI' has no member named 'MOSI_PORT'
   71 |  Gpio MOSI = Gpio(this->MOSI_PORT, this->MOSI_PIN);
      |                         ^~~~~~~~~
../Spi/SPI.cpp:71:42: error: 'class SPI' has no member named 'MOSI_PIN'
   71 |  Gpio MOSI = Gpio(this->MOSI_PORT, this->MOSI_PIN);
      |                                          ^~~~~~~~
../Spi/SPI.cpp:74:24: error: 'class SPI' has no member named 'SCK_PORT'
   74 |  Gpio SCK = Gpio(this->SCK_PORT, this->SCK_PIN);
      |                        ^~~~~~~~
../Spi/SPI.cpp:74:40: error: 'class SPI' has no member named 'SCK_PIN'
   74 |  Gpio SCK = Gpio(this->SCK_PORT, this->SCK_PIN);
      |                                        ^~~~~~~
../Spi/SPI.cpp:77:24: error: 'class SPI' has no member named 'nSC_PORT'
   77 |  Gpio nCS = Gpio(this->nSC_PORT, this->nSC_PIN);
      |                        ^~~~~~~~
../Spi/SPI.cpp:77:40: error: 'class SPI' has no member named 'nSC_PIN'
   77 |  Gpio nCS = Gpio(this->nSC_PORT, this->nSC_PIN);
      |                                        ^~~~~~~
../Spi/SPI.cpp: In member function 'void SPI::EnableClk()':
../Spi/SPI.cpp:84:12: error: 'class SPI' has no member named 'SPI_ITEM'
   84 |  if (this->SPI_ITEM == SPI1)
      |            ^~~~~~~~
../Spi/SPI.cpp:88:12: error: 'class SPI' has no member named 'SPI_ITEM'
   88 |  if (this->SPI_ITEM == SPI2)
      |            ^~~~~~~~
../Spi/SPI.cpp: In member function 'void SPI::SetFrameSize(SPI_DataSize_t)':
../Spi/SPI.cpp:98:9: error: 'class SPI' has no member named 'SPI_ITEM'
   98 |   this->SPI_ITEM->CR2 |= 0x07 << SPI_CR2_DS_Pos; // 8 Bit frame
      |         ^~~~~~~~
../Spi/SPI.cpp:102:9: error: 'class SPI' has no member named 'SPI_ITEM'
  102 |   this->SPI_ITEM->CR2 |= (0x0F << SPI_CR2_DS_Pos); // 16 Bit frame
      |         ^~~~~~~~
../Spi/SPI.cpp: In member function 'void SPI::SetClockPrsc(SetClockPrsc_t)':
../Spi/SPI.cpp:108:8: error: 'class SPI' has no member named 'SPI_ITEM'
  108 |  this->SPI_ITEM->CR1 |= (Prescaler << SPI_CR1_BR_Pos);
      |        ^~~~~~~~
../Spi/SPI.cpp: In member function 'void SPI::EnableSoftwareSlaveManagment()':
../Spi/SPI.cpp:113:8: error: 'class SPI' has no member named 'SPI_ITEM'
  113 |  this->SPI_ITEM->CR1 |= SPI_CR1_SSM;  // 1: Software slave management enabled
      |        ^~~~~~~~
../Spi/SPI.cpp:114:8: error: 'class SPI' has no member named 'SPI_ITEM'
  114 |  this->SPI_ITEM->CR1 |= SPI_CR1_SSI;  // 1: Internal slave select
      |        ^~~~~~~~
../Spi/SPI.cpp: In member function 'void SPI::DisableSoftwareSlaveManagment()':
../Spi/SPI.cpp:119:8: error: 'class SPI' has no member named 'SPI_ITEM'
  119 |  this->SPI_ITEM->CR1 &= ~SPI_CR1_SSM; // 1: Software slave management disabled
      |        ^~~~~~~~
../Spi/SPI.cpp: In member function 'void SPI::EnableMotorollaMode()':
../Spi/SPI.cpp:124:8: error: 'class SPI' has no member named 'SPI_ITEM'
  124 |  this->SPI_ITEM->CR2 &= ~SPI_CR2_FRF;      // Motorolla mode
      |        ^~~~~~~~
../Spi/SPI.cpp: In member function 'void SPI::nCS_Low()':
../Spi/SPI.cpp:129:8: error: 'class SPI' has no member named 'nSC_PORT'
  129 |  this->nSC_PORT->BSRR |= ((1 << this->nSC_PIN) << 16U); // BIT RESET
      |        ^~~~~~~~
../Spi/SPI.cpp:129:39: error: 'class SPI' has no member named 'nSC_PIN'
  129 |  this->nSC_PORT->BSRR |= ((1 << this->nSC_PIN) << 16U); // BIT RESET
      |                                       ^~~~~~~
../Spi/SPI.cpp: In member function 'void SPI::nCS_High()':
../Spi/SPI.cpp:134:8: error: 'class SPI' has no member named 'nSC_PORT'
  134 |  this->nSC_PORT->BSRR |= (1 << this->nSC_PIN); // BIT SET
      |        ^~~~~~~~
../Spi/SPI.cpp:134:38: error: 'class SPI' has no member named 'nSC_PIN'
  134 |  this->nSC_PORT->BSRR |= (1 << this->nSC_PIN); // BIT SET
      |                                      ^~~~~~~
../Spi/SPI.cpp: In member function 'void SPI::Enable()':
../Spi/SPI.cpp:139:8: error: 'class SPI' has no member named 'SPI_ITEM'
  139 |  this->SPI_ITEM->CR1 |= SPI_CR1_SPE;
      |        ^~~~~~~~
../Spi/SPI.cpp: In member function 'void SPI::Disable()':
../Spi/SPI.cpp:144:8: error: 'class SPI' has no member named 'SPI_ITEM'
  144 |  this->SPI_ITEM->CR1 &= ~SPI_CR1_SPE;
      |        ^~~~~~~~
../Spi/SPI.cpp: In member function 'void SPI::SetClockPolarity(ClockPol_t)':
../Spi/SPI.cpp:150:11: warning: suggest parentheses around assignment used as truth value [-Wparentheses]
  150 |  if (cpol = CPOL1)
      |      ~~~~~^~~~~~~
../Spi/SPI.cpp:152:9: error: 'class SPI' has no member named 'SPI_ITEM'
  152 |   this->SPI_ITEM->CR1 |= SPI_CR1_CPOL;    // Polarity clc signal CPOL = 1;
      |         ^~~~~~~~
../Spi/SPI.cpp:154:11: warning: suggest parentheses around assignment used as truth value [-Wparentheses]
  154 |  if (cpol = CPOL0)
      |      ~~~~~^~~~~~~
../Spi/SPI.cpp:156:9: error: 'class SPI' has no member named 'SPI_ITEM'
  156 |   this->SPI_ITEM->CR1 &= ~SPI_CR1_CPOL;   // Polarity clc signal CPOL = 0;
      |         ^~~~~~~~
../Spi/SPI.cpp: In member function 'void SPI::SetClockPhase(ClockPhase_t)':
../Spi/SPI.cpp:163:11: warning: suggest parentheses around assignment used as truth value [-Wparentheses]
  163 |  if (cpha = CPHA1)
      |      ~~~~~^~~~~~~
../Spi/SPI.cpp:165:9: error: 'class SPI' has no member named 'SPI_ITEM'
  165 |   this->SPI_ITEM->CR1 &= ~SPI_CR1_CPHA;   // Phase clc signal    CPHA = 0;
      |         ^~~~~~~~
../Spi/SPI.cpp:167:11: warning: suggest parentheses around assignment used as truth value [-Wparentheses]
  167 |  if (cpha = CPHA0)
      |      ~~~~~^~~~~~~
../Spi/SPI.cpp:169:9: error: 'class SPI' has no member named 'SPI_ITEM'
  169 |   this->SPI_ITEM->CR1 &= ~SPI_CR1_CPHA;   // Phase clc signal    CPHA = 0;
      |         ^~~~~~~~
../Spi/SPI.cpp: In member function 'void SPI::SetMsbLsbFirst(MSB_LSB_First_t)':
../Spi/SPI.cpp:178:9: error: 'class SPI' has no member named 'SPI_ITEM'
  178 |   this->SPI_ITEM->CR1 &= ~SPI_CR1_LSBFIRST;
      |         ^~~~~~~~
../Spi/SPI.cpp:182:9: error: 'class SPI' has no member named 'SPI_ITEM'
  182 |   this->SPI_ITEM->CR1 |= SPI_CR1_LSBFIRST;
      |         ^~~~~~~~
../Spi/SPI.cpp: At global scope:
../Spi/SPI.cpp:186:9: error: no declaration matches 'uint8_t SPI::transfer(uint8_t)'
  186 | uint8_t SPI::transfer(uint8_t data){
      |         ^~~
../Spi/SPI.cpp:186:9: note: no functions named 'uint8_t SPI::transfer(uint8_t)'
In file included from ../Spi/SPI.cpp:8:
../Spi/SPI.h:77:7: note: 'class SPI' defined here
   77 | class SPI {
      |       ^~~
../Spi/SPI.cpp:199:6: error: no declaration matches 'void SPI::TransmitBlocking(uint8_t)'
  199 | void SPI::TransmitBlocking(uint8_t buffer)
      |      ^~~
In file included from ../Spi/SPI.cpp:8:
../Spi/SPI.h:85:7: note: candidate is: 'void SPI::TransmitBlocking(int)'
   85 |  void TransmitBlocking(uint8_t buffer);
      |       ^~~~~~~~~~~~~~~~
../Spi/SPI.h:77:7: note: 'class SPI' defined here
   77 | class SPI {
      |       ^~~
../Spi/SPI.cpp:217:6: error: no declaration matches 'void SPI::ReceiveBlocking(uint16_t*, uint16_t)'
  217 | void SPI::ReceiveBlocking(uint16_t *buffer, uint16_t n)
      |      ^~~
In file included from ../Spi/SPI.cpp:8:
../Spi/SPI.h:82:7: note: candidate is: 'void SPI::ReceiveBlocking(int*, int)'
   82 |  void ReceiveBlocking(uint16_t *buffer, uint16_t n);
      |       ^~~~~~~~~~~~~~~
../Spi/SPI.h:77:7: note: 'class SPI' defined here
   77 | class SPI {
      |       ^~~
../Spi/SPI.cpp:226:9: error: no declaration matches 'uint8_t SPI::Receive()'
  226 | uint8_t SPI::Receive(void)
      |         ^~~
../Spi/SPI.cpp:226:9: note: no functions named 'uint8_t SPI::Receive()'
In file included from ../Spi/SPI.cpp:8:
../Spi/SPI.h:77:7: note: 'class SPI' defined here
   77 | class SPI {
      |       ^~~
../Spi/SPI.cpp:251:10: error: no declaration matches 'uint16_t SPI::TransmitReceive16B(uint16_t)'
  251 | uint16_t SPI::TransmitReceive16B(uint16_t TxData)
      |          ^~~
../Spi/SPI.cpp:251:10: note: no functions named 'uint16_t SPI::TransmitReceive16B(uint16_t)'
In file included from ../Spi/SPI.cpp:8:
../Spi/SPI.h:77:7: note: 'class SPI' defined here
   77 | class SPI {
      |       ^~~
../Spi/SPI.cpp:263:9: error: no declaration matches 'uint8_t SPI::TransmitReceive8B(uint8_t)'
  263 | uint8_t SPI::TransmitReceive8B(uint8_t TxData)
      |         ^~~
../Spi/SPI.cpp:263:9: note: no functions named 'uint8_t SPI::TransmitReceive8B(uint8_t)'
In file included from ../Spi/SPI.cpp:8:
../Spi/SPI.h:77:7: note: 'class SPI' defined here
   77 | class SPI {
      |       ^~~
make: *** [Spi/subdir.mk:19: Spi/SPI.o] Error 1
make: *** Waiting for unfinished jobs....
"make -j4 all" terminated with exit code 2. Build might be incomplete.
23:42:55 **** Incremental Build of configuration Debug for project STM32F051_RFM69_ATC ****
make -j4 all 
arm-none-eabi-g++ "../Spi/SPI.cpp" -mcpu=cortex-m0 -std=gnu++14 -g3 -DDEBUG -DSTM32F051R8Hx -DSTM32 -DSTM32F0 -c -I../Inc -I"C:/STM32 workspace/STM32 RFM69 SPI TxRx/STM32F051_RFM69_ATC/Spi" -I"C:/STM32 workspace/STM32 RFM69 SPI TxRx/STM32F051_RFM69_ATC/Gpio" -O0 -ffunction-sections -fdata-sections -fno-exceptions -fno-rtti -fno-use-cxa-atexit -Wall -fstack-usage -MMD -MP -MF"Spi/SPI.d" -MT"Spi/SPI.o" --specs=nano.specs -mfloat-abi=soft -mthumb -o "Spi/SPI.o"
In file included from ../Spi/SPI.h:11,
                 from ../Spi/SPI.cpp:8:
C:/STM32 workspace/STM32 RFM69 SPI TxRx/STM32F051_RFM69_ATC/Gpio/Gpio.h:37:19: error: expected ')' before '*' token
   37 |  Gpio(GPIO_TypeDef *PORT, uint16_t gpio_pin);
      |      ~            ^~
      |                   )
C:/STM32 workspace/STM32 RFM69 SPI TxRx/STM32F051_RFM69_ATC/Gpio/Gpio.h:48:2: error: 'GPIO_TypeDef' does not name a type
   48 |  GPIO_TypeDef *item_port;
      |  ^~~~~~~~~~~~
C:/STM32 workspace/STM32 RFM69 SPI TxRx/STM32F051_RFM69_ATC/Gpio/Gpio.h:49:2: error: 'uint16_t' does not name a type
   49 |  uint16_t item_pin;
      |  ^~~~~~~~
In file included from ../Spi/SPI.cpp:8:
../Spi/SPI.h:79:17: error: expected ')' before '*' token
   79 |  SPI(SPI_TypeDef *Port, SPI_DataSize_t size);
      |     ~           ^~
      |                 )
../Spi/SPI.h:82:23: error: 'uint16_t' has not been declared
   82 |  void ReceiveBlocking(uint16_t *buffer, uint16_t n);
      |                       ^~~~~~~~
../Spi/SPI.h:82:41: error: 'uint16_t' has not been declared
   82 |  void ReceiveBlocking(uint16_t *buffer, uint16_t n);
      |                                         ^~~~~~~~
../Spi/SPI.h:83:2: error: 'uint8_t' does not name a type
   83 |  uint8_t Receive(void);
      |  ^~~~~~~
../Spi/SPI.h:85:24: error: 'uint8_t' has not been declared
   85 |  void TransmitBlocking(uint8_t buffer);
      |                        ^~~~~~~
../Spi/SPI.h:103:2: error: 'uint16_t' does not name a type
  103 |  uint16_t TransmitReceive16B(uint16_t TxData);
      |  ^~~~~~~~
../Spi/SPI.h:104:2: error: 'uint8_t' does not name a type
  104 |  uint8_t TransmitReceive8B(uint8_t TxData);
      |  ^~~~~~~
../Spi/SPI.h:105:16: error: 'uint8_t' has not been declared
  105 |  void WriteReg(uint8_t rg, uint8_t dt);
      |                ^~~~~~~
../Spi/SPI.h:105:28: error: 'uint8_t' has not been declared
  105 |  void WriteReg(uint8_t rg, uint8_t dt);
      |                            ^~~~~~~
../Spi/SPI.h:106:2: error: 'uint8_t' does not name a type
  106 |  uint8_t transfer(uint8_t data);
      |  ^~~~~~~
../Spi/SPI.h:107:2: error: 'SPI_TypeDef' does not name a type
  107 |  SPI_TypeDef *SPI_ITEM;
      |  ^~~~~~~~~~~
[...]
  199 | void SPI::TransmitBlocking(uint8_t buffer)
      |      ^~~
../Spi/SPI.cpp:217:6: error: redefinition of 'void SPI::ReceiveBlocking(uint16_t*, uint16_t)'
  217 | void SPI::ReceiveBlocking(uint16_t *buffer, uint16_t n)
      |      ^~~
../Gpio/Gpio.cpp:94:6: error: redefinition of 'void Gpio::SetAsGenerapPurporseOutput(OUTPUT_TYPE_t)'
   94 | void Gpio::SetAsGenerapPurporseOutput(OUTPUT_TYPE_t GpioOutputType) {
      |      ^~~~
In file included from <command-line>:
C:/STM32 workspace/STM32 RFM69 SPI TxRx/STM32F051_RFM69_ATC/Spi/SPI.cpp:217:6: note: 'void SPI::ReceiveBlocking(uint16_t*, uint16_t)' previously defined here
  217 | void SPI::ReceiveBlocking(uint16_t *buffer, uint16_t n)
      |      ^~~
In file included from <command-line>:
C:/STM32 workspace/STM32 RFM69 SPI TxRx/STM32F051_RFM69_ATC/Gpio/Gpio.cpp:94:6: note: 'void Gpio::SetAsGenerapPurporseOutput(OUTPUT_TYPE_t)' previously defined here
   94 | void Gpio::SetAsGenerapPurporseOutput(OUTPUT_TYPE_t GpioOutputType) {
      |      ^~~~
../Spi/SPI.cpp:226:9: error: redefinition of 'uint8_t SPI::Receive()'
  226 | uint8_t SPI::Receive(void)
      |         ^~~
In file included from <command-line>:
C:/STM32 workspace/STM32 RFM69 SPI TxRx/STM32F051_RFM69_ATC/Spi/SPI.cpp:226:9: note: 'uint8_t SPI::Receive()' previously defined here
  226 | uint8_t SPI::Receive(void)
      |         ^~~
../Gpio/Gpio.cpp:98:6: error: redefinition of 'void Gpio::SetAsInput(GPIO_PU_PD_t)'
   98 | void Gpio::SetAsInput(GPIO_PU_PD_t GpioPullUp_PullDown) {
      |      ^~~~
In file included from <command-line>:
C:/STM32 workspace/STM32 RFM69 SPI TxRx/STM32F051_RFM69_ATC/Gpio/Gpio.cpp:98:6: note: 'void Gpio::SetAsInput(GPIO_PU_PD_t)' previously defined here
   98 | void Gpio::SetAsInput(GPIO_PU_PD_t GpioPullUp_PullDown) {
      |      ^~~~
../Spi/SPI.cpp:242:6: error: redefinition of 'void SPI::EnableIRQ()'
  242 | void SPI::EnableIRQ(void)
      |      ^~~
In file included from <command-line>:
C:/STM32 workspace/STM32 RFM69 SPI TxRx/STM32F051_RFM69_ATC/Spi/SPI.cpp:242:6: note: 'void SPI::EnableIRQ()' previously defined here
  242 | void SPI::EnableIRQ(void)
      |      ^~~
../Gpio/Gpio.cpp:104:6: error: redefinition of 'void Gpio::Deinit()'
  104 | void Gpio::Deinit(void) {
      |      ^~~~
In file included from <command-line>:
C:/STM32 workspace/STM32 RFM69 SPI TxRx/STM32F051_RFM69_ATC/Gpio/Gpio.cpp:104:6: note: 'void Gpio::Deinit()' previously defined here
  104 | void Gpio::Deinit(void) {
      |      ^~~~
../Spi/SPI.cpp:251:10: error: redefinition of 'uint16_t SPI::TransmitReceive16B(uint16_t)'
  251 | uint16_t SPI::TransmitReceive16B(uint16_t TxData)
      |          ^~~
../Gpio/Gpio.cpp:111:6: error: redefinition of 'bool Gpio::IsSet()'
  111 | bool Gpio::IsSet(void) {
      |      ^~~~
In file included from <command-line>:
C:/STM32 workspace/STM32 RFM69 SPI TxRx/STM32F051_RFM69_ATC/Spi/SPI.cpp:251:10: note: 'uint16_t SPI::TransmitReceive16B(uint16_t)' previously defined here
  251 | uint16_t SPI::TransmitReceive16B(uint16_t TxData)
      |          ^~~
In file included from <command-line>:
C:/STM32 workspace/STM32 RFM69 SPI TxRx/STM32F051_RFM69_ATC/Gpio/Gpio.cpp:111:6: note: 'bool Gpio::IsSet()' previously defined here
  111 | bool Gpio::IsSet(void) {
      |      ^~~~
../Spi/SPI.cpp:263:9: error: redefinition of 'uint8_t SPI::TransmitReceive8B(uint8_t)'
  263 | uint8_t SPI::TransmitReceive8B(uint8_t TxData)
      |         ^~~
In file included from <command-line>:
C:/STM32 workspace/STM32 RFM69 SPI TxRx/STM32F051_RFM69_ATC/Spi/SPI.cpp:263:9: note: 'uint8_t SPI::TransmitReceive8B(uint8_t)' previously defined here
  263 | uint8_t SPI::TransmitReceive8B(uint8_t TxData)
      |         ^~~
make: *** [Gpio/subdir.mk:19: Gpio/Gpio.o] Error 1
make: *** Waiting for unfinished jobs....
make: *** [Spi/subdir.mk:19: Spi/SPI.o] Error 1
"make -j4 all" terminated with exit code 2. Build might be incomplete.
23:48:30 **** Build of configuration Debug for project STM32F051_RFM69_LowPowerLab ****
make -j4 all 
arm-none-eabi-g++ "../Src/main.cpp" -mcpu=cortex-m0 -std=gnu++14 -g3 -DSTM32 -DSTM32F0 -DDEBUG -DSTM32F051R8Tx -c -I../Inc -I"C:/STM32 workspace/STM32 RFM69 SPI TxRx/STM32F051_RFM69_LowPowerLab/RFM69" -I"C:/STM32 workspace/STM32 RFM69 SPI TxRx/STM32F051_RFM69_LowPowerLab/uart" -I"C:/STM32 workspace/STM32 RFM69 SPI TxRx/STM32F051_RFM69_LowPowerLab/spi" -I"C:/STM32 workspace/STM32 RFM69 SPI TxRx/STM32F051_RFM69_LowPowerLab/gpio" -include"C:/STM32 workspace/STM32 RFM69 SPI TxRx/STM32F051_RFM69_LowPowerLab/gpio/Gpio.cpp" -include"C:/STM32 workspace/STM32 RFM69 SPI TxRx/STM32F051_RFM69_LowPowerLab/RFM69/RFM69.cpp" -include"C:/STM32 workspace/STM32 RFM69 SPI TxRx/STM32F051_RFM69_LowPowerLab/uart/uart.cpp" -include"C:/STM32 workspace/STM32 RFM69 SPI TxRx/STM32F051_RFM69_LowPowerLab/spi/SPI.cpp" -O0 -ffunction-sections -fdata-sections -fno-exceptions -fno-rtti -fno-use-cxa-atexit -Wall -fstack-usage -MMD -MP -MF"Src/main.d" -MT"Src/main.o" --specs=nano.specs -mfloat-abi=soft -mthumb -o "Src/main.o"
arm-none-eabi-gcc "../Src/syscalls.c" -mcpu=cortex-m0 -std=gnu11 -g3 -DSTM32 -DSTM32F0 -DDEBUG -DSTM32F051R8Tx -c -I../Inc -O0 -ffunction-sections -fdata-sections -Wall -fstack-usage -MMD -MP -MF"Src/syscalls.d" -MT"Src/syscalls.o" --specs=nano.specs -mfloat-abi=soft -mthumb -o "Src/syscalls.o"
arm-none-eabi-gcc "../Src/sysmem.c" -mcpu=cortex-m0 -std=gnu11 -g3 -DSTM32 -DSTM32F0 -DDEBUG -DSTM32F051R8Tx -c -I../Inc -O0 -ffunction-sections -fdata-sections -Wall -fstack-usage -MMD -MP -MF"Src/sysmem.d" -MT"Src/sysmem.o" --specs=nano.specs -mfloat-abi=soft -mthumb -o "Src/sysmem.o"
arm-none-eabi-gcc "../Src/system_stm32f0xx.c" -mcpu=cortex-m0 -std=gnu11 -g3 -DSTM32 -DSTM32F0 -DDEBUG -DSTM32F051R8Tx -c -I../Inc -O0 -ffunction-sections -fdata-sections -Wall -fstack-usage -MMD -MP -MF"Src/system_stm32f0xx.d" -MT"Src/system_stm32f0xx.o" --specs=nano.specs -mfloat-abi=soft -mthumb -o "Src/system_stm32f0xx.o"
In file included from <command-line>:
C:/STM32 workspace/STM32 RFM69 SPI TxRx/STM32F051_RFM69_LowPowerLab/RFM69/RFM69.cpp: In member function 'void RFM69::writeRegister(uint8_t, uint8_t)':
C:/STM32 workspace/STM32 RFM69 SPI TxRx/STM32F051_RFM69_LowPowerLab/RFM69/RFM69.cpp:180:10: warning: unused variable 'i' [-Wunused-variable]
  180 |  uint8_t i;
      |          ^
C:/STM32 workspace/STM32 RFM69 SPI TxRx/STM32F051_RFM69_LowPowerLab/RFM69/RFM69.cpp: In member function 'void RFM69::readAllRegs()':
C:/STM32 workspace/STM32 RFM69 SPI TxRx/STM32F051_RFM69_LowPowerLab/RFM69/RFM69.cpp:730:22: warning: suggest parentheses around assignment used as truth value [-Wparentheses]
  730 |    } else if (capVal = 0b001) {
      |               ~~~~~~~^~~~~~~
C:/STM32 workspace/STM32 RFM69 SPI TxRx/STM32F051_RFM69_LowPowerLab/RFM69/RFM69.cpp:732:22: warning: suggest parentheses around assignment used as truth value [-Wparentheses]
  732 |    } else if (capVal = 0b010) {
      |               ~~~~~~~^~~~~~~
C:/STM32 workspace/STM32 RFM69 SPI TxRx/STM32F051_RFM69_LowPowerLab/RFM69/RFM69.cpp:734:22: warning: suggest parentheses around assignment used as truth value [-Wparentheses]
  734 |    } else if (capVal = 0b011) {
      |               ~~~~~~~^~~~~~~
C:/STM32 workspace/STM32 RFM69 SPI TxRx/STM32F051_RFM69_LowPowerLab/RFM69/RFM69.cpp:736:22: warning: suggest parentheses around assignment used as truth value [-Wparentheses]
  736 |    } else if (capVal = 0b100) {
      |               ~~~~~~~^~~~~~~
In file included from <command-line>:
C:/STM32 workspace/STM32 RFM69 SPI TxRx/STM32F051_RFM69_LowPowerLab/uart/uart.cpp: In member function 'uint8_t Uart::ReceiveByte()':
C:/STM32 workspace/STM32 RFM69 SPI TxRx/STM32F051_RFM69_LowPowerLab/uart/uart.cpp:164:1: warning: no return statement in function returning non-void [-Wreturn-type]
  164 | }
      | ^
In file included from <command-line>:
C:/STM32 workspace/STM32 RFM69 SPI TxRx/STM32F051_RFM69_LowPowerLab/spi/SPI.cpp: In member function 'void SPI::SetClockPolarity(ClockPol_t)':
C:/STM32 workspace/STM32 RFM69 SPI TxRx/STM32F051_RFM69_LowPowerLab/spi/SPI.cpp:150:11: warning: suggest parentheses around assignment used as truth value [-Wparentheses]
  150 |  if (cpol = CPOL1)
      |      ~~~~~^~~~~~~
C:/STM32 workspace/STM32 RFM69 SPI TxRx/STM32F051_RFM69_LowPowerLab/spi/SPI.cpp:154:11: warning: suggest parentheses around assignment used as truth value [-Wparentheses]
  154 |  if (cpol = CPOL0)
      |      ~~~~~^~~~~~~
C:/STM32 workspace/STM32 RFM69 SPI TxRx/STM32F051_RFM69_LowPowerLab/spi/SPI.cpp: In member function 'void SPI::SetClockPhase(ClockPhase_t)':
C:/STM32 workspace/STM32 RFM69 SPI TxRx/STM32F051_RFM69_LowPowerLab/spi/SPI.cpp:163:11: warning: suggest parentheses around assignment used as truth value [-Wparentheses]
  163 |  if (cpha = CPHA1)
      |      ~~~~~^~~~~~~
C:/STM32 workspace/STM32 RFM69 SPI TxRx/STM32F051_RFM69_LowPowerLab/spi/SPI.cpp:167:11: warning: suggest parentheses around assignment used as truth value [-Wparentheses]
  167 |  if (cpha = CPHA0)
      |      ~~~~~^~~~~~~
arm-none-eabi-g++ -o "STM32F051_RFM69_LowPowerLab.elf" @"objects.list"   -mcpu=cortex-m0 -T"C:\STM32 workspace\STM32 RFM69 SPI TxRx\STM32F051_RFM69_LowPowerLab\STM32F051R8TX_FLASH.ld" --specs=nosys.specs -Wl,-Map="STM32F051_RFM69_LowPowerLab.map" -Wl,--gc-sections -static --specs=nano.specs -mfloat-abi=soft -mthumb -Wl,--start-group -lc -lm -lstdc++ -lsupc++ -Wl,--end-group
Finished building target: STM32F051_RFM69_LowPowerLab.elf
 
arm-none-eabi-size   STM32F051_RFM69_LowPowerLab.elf 
arm-none-eabi-objdump -h -S  STM32F051_RFM69_LowPowerLab.elf  > "STM32F051_RFM69_LowPowerLab.list"
arm-none-eabi-objcopy  -O binary  STM32F051_RFM69_LowPowerLab.elf  "STM32F051_RFM69_LowPowerLab.bin"
   text	   data	    bss	    dec	    hex	filename
  19752	    116	   1744	  21612	   546c	STM32F051_RFM69_LowPowerLab.elf
Finished building: default.size.stdout
 
Finished building: STM32F051_RFM69_LowPowerLab.bin
 
Finished building: STM32F051_RFM69_LowPowerLab.list
 
23:49:24 **** Clean-only build of configuration Debug for project STM32F051_RFM69_LowPowerLab_ATC ****
make -j4 clean 
rm -rf *
 
23:49:24 **** Build of configuration Debug for project STM32F051_RFM69_LowPowerLab_ATC ****
make -j4 all 
arm-none-eabi-gcc -mcpu=cortex-m0 -g3 -c -x assembler-with-cpp -MMD -MP -MF"Startup/startup_stm32f051r8tx.d" -MT"Startup/startup_stm32f051r8tx.o" --specs=nano.specs -mfloat-abi=soft -mthumb -o "Startup/startup_stm32f051r8tx.o" "../Startup/startup_stm32f051r8tx.s"
arm-none-eabi-g++ "../Src/main.cpp" -mcpu=cortex-m0 -std=gnu++14 -g3 -DSTM32 -DSTM32F0 -DDEBUG -DSTM32F051R8Tx -c -I../Inc -I"C:/STM32 workspace/STM32 RFM69 SPI TxRx/STM32F051_RFM69_LowPowerLab_ATC/RFM69" -I"C:/STM32 workspace/STM32 RFM69 SPI TxRx/STM32F051_RFM69_LowPowerLab_ATC/uart" -I"C:/STM32 workspace/STM32 RFM69 SPI TxRx/STM32F051_RFM69_LowPowerLab_ATC/spi" -I"C:/STM32 workspace/STM32 RFM69 SPI TxRx/STM32F051_RFM69_LowPowerLab_ATC/gpio" -include"C:/STM32 workspace/STM32 RFM69 SPI TxRx/STM32F051_RFM69_LowPowerLab_ATC/gpio/Gpio.cpp" -include"C:/STM32 workspace/STM32 RFM69 SPI TxRx/STM32F051_RFM69_LowPowerLab_ATC/uart/uart.cpp" -include"C:/STM32 workspace/STM32 RFM69 SPI TxRx/STM32F051_RFM69_LowPowerLab_ATC/spi/SPI.cpp" -O0 -ffunction-sections -fdata-sections -fno-exceptions -fno-rtti -fno-use-cxa-atexit -Wall -fstack-usage -MMD -MP -MF"Src/main.d" -MT"Src/main.o" --specs=nano.specs -mfloat-abi=soft -mthumb -o "Src/main.o"
arm-none-eabi-gcc "../Src/syscalls.c" -mcpu=cortex-m0 -std=gnu11 -g3 -DSTM32 -DSTM32F0 -DDEBUG -DSTM32F051R8Tx -c -I../Inc -O0 -ffunction-sections -fdata-sections -Wall -fstack-usage -MMD -MP -MF"Src/syscalls.d" -MT"Src/syscalls.o" --specs=nano.specs -mfloat-abi=soft -mthumb -o "Src/syscalls.o"
arm-none-eabi-gcc "../Src/sysmem.c" -mcpu=cortex-m0 -std=gnu11 -g3 -DSTM32 -DSTM32F0 -DDEBUG -DSTM32F051R8Tx -c -I../Inc -O0 -ffunction-sections -fdata-sections -Wall -fstack-usage -MMD -MP -MF"Src/sysmem.d" -MT"Src/sysmem.o" --specs=nano.specs -mfloat-abi=soft -mthumb -o "Src/sysmem.o"
../Src/main.cpp:27:10: fatal error: RFM69.h: No such file or directory
   27 | #include "RFM69.h"
      |          ^~~~~~~~~
compilation terminated.
make: *** [Src/subdir.mk:32: Src/main.o] Error 1
make: *** Waiting for unfinished jobs....
"make -j4 all" terminated with exit code 2. Build might be incomplete.
23:49:30 **** Incremental Build of configuration Debug for project STM32F051_RFM69_LowPowerLab_ATC ****
make -j4 all 
arm-none-eabi-g++ "../Src/main.cpp" -mcpu=cortex-m0 -std=gnu++14 -g3 -DSTM32 -DSTM32F0 -DDEBUG -DSTM32F051R8Tx -c -I../Inc -I"C:/STM32 workspace/STM32 RFM69 SPI TxRx/STM32F051_RFM69_LowPowerLab_ATC/RFM69" -I"C:/STM32 workspace/STM32 RFM69 SPI TxRx/STM32F051_RFM69_LowPowerLab_ATC/uart" -I"C:/STM32 workspace/STM32 RFM69 SPI TxRx/STM32F051_RFM69_LowPowerLab_ATC/spi" -I"C:/STM32 workspace/STM32 RFM69 SPI TxRx/STM32F051_RFM69_LowPowerLab_ATC/gpio" -include"C:/STM32 workspace/STM32 RFM69 SPI TxRx/STM32F051_RFM69_LowPowerLab_ATC/gpio/Gpio.cpp" -include"C:/STM32 workspace/STM32 RFM69 SPI TxRx/STM32F051_RFM69_LowPowerLab_ATC/uart/uart.cpp" -include"C:/STM32 workspace/STM32 RFM69 SPI TxRx/STM32F051_RFM69_LowPowerLab_ATC/spi/SPI.cpp" -O0 -ffunction-sections -fdata-sections -fno-exceptions -fno-rtti -fno-use-cxa-atexit -Wall -fstack-usage -MMD -MP -MF"Src/main.d" -MT"Src/main.o" --specs=nano.specs -mfloat-abi=soft -mthumb -o "Src/main.o"
arm-none-eabi-gcc "../Src/system_stm32f0xx.c" -mcpu=cortex-m0 -std=gnu11 -g3 -DSTM32 -DSTM32F0 -DDEBUG -DSTM32F051R8Tx -c -I../Inc -O0 -ffunction-sections -fdata-sections -Wall -fstack-usage -MMD -MP -MF"Src/system_stm32f0xx.d" -MT"Src/system_stm32f0xx.o" --specs=nano.specs -mfloat-abi=soft -mthumb -o "Src/system_stm32f0xx.o"
In file included from <command-line>:
C:/STM32 workspace/STM32 RFM69 SPI TxRx/STM32F051_RFM69_LowPowerLab_ATC/uart/uart.cpp: In member function 'void Uart::Printf(const char*, ...)':
C:/STM32 workspace/STM32 RFM69 SPI TxRx/STM32F051_RFM69_LowPowerLab_ATC/uart/uart.cpp:58:2: error: 'vsnprintf' was not declared in this scope
   58 |  vsnprintf(buff, sizeof(buff), fmt, args);
      |  ^~~~~~~~~
In file included from <command-line>:
C:/STM32 workspace/STM32 RFM69 SPI TxRx/STM32F051_RFM69_LowPowerLab_ATC/uart/uart.cpp: In member function 'uint8_t Uart::ReceiveByte()':
C:/STM32 workspace/STM32 RFM69 SPI TxRx/STM32F051_RFM69_LowPowerLab_ATC/uart/uart.cpp:164:1: warning: no return statement in function returning non-void [-Wreturn-type]
  164 | }
      | ^
In file included from <command-line>:
C:/STM32 workspace/STM32 RFM69 SPI TxRx/STM32F051_RFM69_LowPowerLab_ATC/spi/SPI.cpp: In member function 'void SPI::SetClockPolarity(ClockPol_t)':
C:/STM32 workspace/STM32 RFM69 SPI TxRx/STM32F051_RFM69_LowPowerLab_ATC/spi/SPI.cpp:150:11: warning: suggest parentheses around assignment used as truth value [-Wparentheses]
  150 |  if (cpol = CPOL1)
      |      ~~~~~^~~~~~~
C:/STM32 workspace/STM32 RFM69 SPI TxRx/STM32F051_RFM69_LowPowerLab_ATC/spi/SPI.cpp:154:11: warning: suggest parentheses around assignment used as truth value [-Wparentheses]
  154 |  if (cpol = CPOL0)
      |      ~~~~~^~~~~~~
C:/STM32 workspace/STM32 RFM69 SPI TxRx/STM32F051_RFM69_LowPowerLab_ATC/spi/SPI.cpp: In member function 'void SPI::SetClockPhase(ClockPhase_t)':
C:/STM32 workspace/STM32 RFM69 SPI TxRx/STM32F051_RFM69_LowPowerLab_ATC/spi/SPI.cpp:163:11: warning: suggest parentheses around assignment used as truth value [-Wparentheses]
  163 |  if (cpha = CPHA1)
      |      ~~~~~^~~~~~~
C:/STM32 workspace/STM32 RFM69 SPI TxRx/STM32F051_RFM69_LowPowerLab_ATC/spi/SPI.cpp:167:11: warning: suggest parentheses around assignment used as truth value [-Wparentheses]
  167 |  if (cpha = CPHA0)
      |      ~~~~~^~~~~~~
make: *** [Src/subdir.mk:32: Src/main.o] Error 1
make: *** Waiting for unfinished jobs....
"make -j4 all" terminated with exit code 2. Build might be incomplete.
23:49:50 **** Incremental Build of configuration Debug for project STM32F051_RFM69_Cpp_Receiver ****
make -j4 all 
arm-none-eabi-size   STM32F051_RFM69_Cpp_Receiver.elf 
   text	   data	    bss	    dec	    hex	filename
  19752	    116	   1744	  21612	   546c	STM32F051_RFM69_Cpp_Receiver.elf
Finished building: default.size.stdout
 
23:49:51 **** Incremental Build of configuration Debug for project STM32F051_RFM69_LowPowerLab_ATC ****
make -j4 all 
arm-none-eabi-g++ "../Src/main.cpp" -mcpu=cortex-m0 -std=gnu++14 -g3 -DSTM32 -DSTM32F0 -DDEBUG -DSTM32F051R8Tx -c -I../Inc -I"C:/STM32 workspace/STM32 RFM69 SPI TxRx/STM32F051_RFM69_LowPowerLab_ATC/RFM69" -I"C:/STM32 workspace/STM32 RFM69 SPI TxRx/STM32F051_RFM69_LowPowerLab_ATC/uart" -I"C:/STM32 workspace/STM32 RFM69 SPI TxRx/STM32F051_RFM69_LowPowerLab_ATC/spi" -I"C:/STM32 workspace/STM32 RFM69 SPI TxRx/STM32F051_RFM69_LowPowerLab_ATC/gpio" -include"C:/STM32 workspace/STM32 RFM69 SPI TxRx/STM32F051_RFM69_LowPowerLab_ATC/gpio/Gpio.cpp" -include"C:/STM32 workspace/STM32 RFM69 SPI TxRx/STM32F051_RFM69_LowPowerLab_ATC/uart/uart.cpp" -include"C:/STM32 workspace/STM32 RFM69 SPI TxRx/STM32F051_RFM69_LowPowerLab_ATC/spi/SPI.cpp" -O0 -ffunction-sections -fdata-sections -fno-exceptions -fno-rtti -fno-use-cxa-atexit -Wall -fstack-usage -MMD -MP -MF"Src/main.d" -MT"Src/main.o" --specs=nano.specs -mfloat-abi=soft -mthumb -o "Src/main.o"
In file included from <command-line>:
C:/STM32 workspace/STM32 RFM69 SPI TxRx/STM32F051_RFM69_LowPowerLab_ATC/uart/uart.cpp: In member function 'uint8_t Uart::ReceiveByte()':
C:/STM32 workspace/STM32 RFM69 SPI TxRx/STM32F051_RFM69_LowPowerLab_ATC/uart/uart.cpp:164:1: warning: no return statement in function returning non-void [-Wreturn-type]
  164 | }
      | ^
In file included from <command-line>:
C:/STM32 workspace/STM32 RFM69 SPI TxRx/STM32F051_RFM69_LowPowerLab_ATC/spi/SPI.cpp: In member function 'void SPI::SetClockPolarity(ClockPol_t)':
C:/STM32 workspace/STM32 RFM69 SPI TxRx/STM32F051_RFM69_LowPowerLab_ATC/spi/SPI.cpp:150:11: warning: suggest parentheses around assignment used as truth value [-Wparentheses]
  150 |  if (cpol = CPOL1)
      |      ~~~~~^~~~~~~
C:/STM32 workspace/STM32 RFM69 SPI TxRx/STM32F051_RFM69_LowPowerLab_ATC/spi/SPI.cpp:154:11: warning: suggest parentheses around assignment used as truth value [-Wparentheses]
  154 |  if (cpol = CPOL0)
      |      ~~~~~^~~~~~~
C:/STM32 workspace/STM32 RFM69 SPI TxRx/STM32F051_RFM69_LowPowerLab_ATC/spi/SPI.cpp: In member function 'void SPI::SetClockPhase(ClockPhase_t)':
C:/STM32 workspace/STM32 RFM69 SPI TxRx/STM32F051_RFM69_LowPowerLab_ATC/spi/SPI.cpp:163:11: warning: suggest parentheses around assignment used as truth value [-Wparentheses]
  163 |  if (cpha = CPHA1)
      |      ~~~~~^~~~~~~
C:/STM32 workspace/STM32 RFM69 SPI TxRx/STM32F051_RFM69_LowPowerLab_ATC/spi/SPI.cpp:167:11: warning: suggest parentheses around assignment used as truth value [-Wparentheses]
  167 |  if (cpha = CPHA0)
      |      ~~~~~^~~~~~~
arm-none-eabi-g++ -o "STM32F051_RFM69_LowPowerLab_ATC.elf" @"objects.list"   -mcpu=cortex-m0 -T"C:\STM32 workspace\STM32 RFM69 SPI TxRx\STM32F051_RFM69_LowPowerLab_ATC\STM32F051R8TX_FLASH.ld" --specs=nosys.specs -Wl,-Map="STM32F051_RFM69_LowPowerLab_ATC.map" -Wl,--gc-sections -static --specs=nano.specs -mfloat-abi=soft -mthumb -Wl,--start-group -lc -lm -lstdc++ -lsupc++ -Wl,--end-group
Finished building target: STM32F051_RFM69_LowPowerLab_ATC.elf
 
arm-none-eabi-size   STM32F051_RFM69_LowPowerLab_ATC.elf 
arm-none-eabi-objdump -h -S  STM32F051_RFM69_LowPowerLab_ATC.elf  > "STM32F051_RFM69_LowPowerLab_ATC.list"
arm-none-eabi-objcopy  -O binary  STM32F051_RFM69_LowPowerLab_ATC.elf  "STM32F051_RFM69_LowPowerLab_ATC.bin"
   text	   data	    bss	    dec	    hex	filename
   5048	    116	   1736	   6900	   1af4	STM32F051_RFM69_LowPowerLab_ATC.elf
Finished building: default.size.stdout
 
Finished building: STM32F051_RFM69_LowPowerLab_ATC.bin
Finished building: STM32F051_RFM69_LowPowerLab_ATC.list
 
 
