22:10:54 **** Incremental Build of configuration Debug for project STM32F030_RFM69_Cpp_Transmitter ****
make -j4 all 
arm-none-eabi-g++ "../Src/main.cpp" -mcpu=cortex-m0 -std=gnu++14 -g3 -DDEBUG -DSTM32 -DSTM32F0 -DSTM32F030F4Px -c -I../Inc -I"C:/STM32 workspace/STM32 RFM69 SPI TxRx/STM32F030_RFM69_Cpp_Transmitter/RFM69" -I"C:/STM32 workspace/STM32 RFM69 SPI TxRx/STM32F030_RFM69_Cpp_Transmitter/spi" -I"C:/STM32 workspace/STM32 RFM69 SPI TxRx/STM32F030_RFM69_Cpp_Transmitter/gpio" -include"C:/STM32 workspace/STM32 RFM69 SPI TxRx/STM32F030_RFM69_Cpp_Transmitter/gpio/Gpio.cpp" -include"C:/STM32 workspace/STM32 RFM69 SPI TxRx/STM32F030_RFM69_Cpp_Transmitter/RFM69/RFM69.cpp" -include"C:/STM32 workspace/STM32 RFM69 SPI TxRx/STM32F030_RFM69_Cpp_Transmitter/spi/SPI.cpp" -O0 -ffunction-sections -fdata-sections -fno-exceptions -fno-rtti -fno-use-cxa-atexit -Wall -fstack-usage -MMD -MP -MF"Src/main.d" -MT"Src/main.o" --specs=nano.specs -mfloat-abi=soft -mthumb -o "Src/main.o"
In file included from <command-line>:
C:/STM32 workspace/STM32 RFM69 SPI TxRx/STM32F030_RFM69_Cpp_Transmitter/RFM69/RFM69.cpp: In member function 'void RFM69::readAllRegs()':
C:/STM32 workspace/STM32 RFM69 SPI TxRx/STM32F030_RFM69_Cpp_Transmitter/RFM69/RFM69.cpp:658:10: warning: variable 'regVal' set but not used [-Wunused-but-set-variable]
  658 |  uint8_t regVal;
      |          ^~~~~~
In file included from <command-line>:
C:/STM32 workspace/STM32 RFM69 SPI TxRx/STM32F030_RFM69_Cpp_Transmitter/spi/SPI.cpp: In member function 'void SPI::SetClockPolarity(ClockPol_t)':
C:/STM32 workspace/STM32 RFM69 SPI TxRx/STM32F030_RFM69_Cpp_Transmitter/spi/SPI.cpp:155:11: warning: suggest parentheses around assignment used as truth value [-Wparentheses]
  155 |  if (cpol = CPOL1)
      |      ~~~~~^~~~~~~
C:/STM32 workspace/STM32 RFM69 SPI TxRx/STM32F030_RFM69_Cpp_Transmitter/spi/SPI.cpp:159:11: warning: suggest parentheses around assignment used as truth value [-Wparentheses]
  159 |  if (cpol = CPOL0)
      |      ~~~~~^~~~~~~
C:/STM32 workspace/STM32 RFM69 SPI TxRx/STM32F030_RFM69_Cpp_Transmitter/spi/SPI.cpp: In member function 'void SPI::SetClockPhase(ClockPhase_t)':
C:/STM32 workspace/STM32 RFM69 SPI TxRx/STM32F030_RFM69_Cpp_Transmitter/spi/SPI.cpp:168:11: warning: suggest parentheses around assignment used as truth value [-Wparentheses]
  168 |  if (cpha = CPHA1)
      |      ~~~~~^~~~~~~
C:/STM32 workspace/STM32 RFM69 SPI TxRx/STM32F030_RFM69_Cpp_Transmitter/spi/SPI.cpp:172:11: warning: suggest parentheses around assignment used as truth value [-Wparentheses]
  172 |  if (cpha = CPHA0)
      |      ~~~~~^~~~~~~
arm-none-eabi-g++ -o "STM32F030_RFM69_Cpp_Transmitter.elf" @"objects.list"   -mcpu=cortex-m0 -T"C:\STM32 workspace\STM32 RFM69 SPI TxRx\STM32F030_RFM69_Cpp_Transmitter\STM32F030F4PX_FLASH.ld" --specs=nosys.specs -Wl,-Map="STM32F030_RFM69_Cpp_Transmitter.map" -Wl,--gc-sections -static --specs=nano.specs -mfloat-abi=soft -mthumb -Wl,--start-group -lc -lm -lstdc++ -lsupc++ -Wl,--end-group
Finished building target: STM32F030_RFM69_Cpp_Transmitter.elf
 
arm-none-eabi-objdump -h -S  STM32F030_RFM69_Cpp_Transmitter.elf  > "STM32F030_RFM69_Cpp_Transmitter.list"
arm-none-eabi-objcopy  -O binary  STM32F030_RFM69_Cpp_Transmitter.elf  "STM32F030_RFM69_Cpp_Transmitter.bin"
arm-none-eabi-size   STM32F030_RFM69_Cpp_Transmitter.elf 
   text	   data	    bss	    dec	    hex	filename
  15688	    112	   1600	  17400	   43f8	STM32F030_RFM69_Cpp_Transmitter.elf
Finished building: default.size.stdout
 
Finished building: STM32F030_RFM69_Cpp_Transmitter.bin
 
Finished building: STM32F030_RFM69_Cpp_Transmitter.list
 

22:10:55 Build Finished. 0 errors, 5 warnings. (took 817ms)

